┏━━━━━━━━━━━━━━━━━━━━━━┳━━━━━━━━━━┳━━━━━━━━━━┳━━━━━━━━━━┳━━━━━━━━━━┳━━━━━━━━━━━┳━━━━━━━━━━┳━━━━━━━━━━━┳━━━━━━━━━━┳━━━━━━━━━━━┳━━━━━━━━━━┳━━━━━━━━━━━┳━━━━━━━━━━┓
┃                      ┃ Hold     ┃ Reg to   ┃          ┃          ┃ of which  ┃ Setup    ┃           ┃          ┃           ┃ of which ┃           ┃          ┃
┃                      ┃ Worst    ┃ Reg      ┃          ┃ Hold Vio ┃ reg to    ┃ Worst    ┃ Reg to    ┃ Setup    ┃ Setup Vio ┃ reg to   ┃ Max Cap   ┃ Max Slew ┃
┃ Corner/Group         ┃ Slack    ┃ Paths    ┃ Hold TNS ┃ Count    ┃ reg       ┃ Slack    ┃ Reg Paths ┃ TNS      ┃ Count     ┃ reg      ┃ Violatio… ┃ Violati… ┃
┡━━━━━━━━━━━━━━━━━━━━━━╇━━━━━━━━━━╇━━━━━━━━━━╇━━━━━━━━━━╇━━━━━━━━━━╇━━━━━━━━━━━╇━━━━━━━━━━╇━━━━━━━━━━━╇━━━━━━━━━━╇━━━━━━━━━━━╇━━━━━━━━━━╇━━━━━━━━━━━╇━━━━━━━━━━┩
│ Overall              │ 0.4757   │ N/A      │ 0.0000   │ 0        │ 0         │ 11.1471  │ N/A       │ 0.0000   │ 0         │ 0        │ 1         │ 46       │
│ nom_tt_025C_1v80     │ 0.7972   │ N/A      │ 0.0000   │ 0        │ 0         │ 11.8331  │ N/A       │ 0.0000   │ 0         │ 0        │ 0         │ 34       │
│ nom_ss_100C_1v60     │ 0.9693   │ N/A      │ 0.0000   │ 0        │ 0         │ 11.1827  │ N/A       │ 0.0000   │ 0         │ 0        │ 1         │ 44       │
│ nom_ff_n40C_1v95     │ 0.4758   │ N/A      │ 0.0000   │ 0        │ 0         │ 11.5705  │ N/A       │ 0.0000   │ 0         │ 0        │ 0         │ 0        │
│ min_tt_025C_1v80     │ 0.7977   │ N/A      │ 0.0000   │ 0        │ 0         │ 11.8681  │ N/A       │ 0.0000   │ 0         │ 0        │ 0         │ 34       │
│ min_ss_100C_1v60     │ 0.9883   │ N/A      │ 0.0000   │ 0        │ 0         │ 11.2180  │ N/A       │ 0.0000   │ 0         │ 0        │ 1         │ 34       │
│ min_ff_n40C_1v95     │ 0.4781   │ N/A      │ 0.0000   │ 0        │ 0         │ 11.5998  │ N/A       │ 0.0000   │ 0         │ 0        │ 0         │ 0        │
│ max_tt_025C_1v80     │ 0.8088   │ N/A      │ 0.0000   │ 0        │ 0         │ 11.7857  │ N/A       │ 0.0000   │ 0         │ 0        │ 0         │ 42       │
│ max_ss_100C_1v60     │ 0.9676   │ N/A      │ 0.0000   │ 0        │ 0         │ 11.1471  │ N/A       │ 0.0000   │ 0         │ 0        │ 1         │ 46       │
│ max_ff_n40C_1v95     │ 0.4757   │ N/A      │ 0.0000   │ 0        │ 0         │ 11.5283  │ N/A       │ 0.0000   │ 0         │ 0        │ 0         │ 8        │
└──────────────────────┴──────────┴──────────┴──────────┴──────────┴───────────┴──────────┴───────────┴──────────┴───────────┴──────────┴───────────┴──────────┘
