┏━━━━━━━━━━━━━━━━━━━━━━┳━━━━━━━━━━┳━━━━━━━━━━┳━━━━━━━━━━┳━━━━━━━━━━┳━━━━━━━━━━━┳━━━━━━━━━━┳━━━━━━━━━━━┳━━━━━━━━━━┳━━━━━━━━━━━┳━━━━━━━━━━┳━━━━━━━━━━━┳━━━━━━━━━━┓
┃                      ┃ Hold     ┃ Reg to   ┃          ┃          ┃ of which  ┃ Setup    ┃           ┃          ┃           ┃ of which ┃           ┃          ┃
┃                      ┃ Worst    ┃ Reg      ┃          ┃ Hold Vio ┃ reg to    ┃ Worst    ┃ Reg to    ┃ Setup    ┃ Setup Vio ┃ reg to   ┃ Max Cap   ┃ Max Slew ┃
┃ Corner/Group         ┃ Slack    ┃ Paths    ┃ Hold TNS ┃ Count    ┃ reg       ┃ Slack    ┃ Reg Paths ┃ TNS      ┃ Count     ┃ reg      ┃ Violatio… ┃ Violati… ┃
┡━━━━━━━━━━━━━━━━━━━━━━╇━━━━━━━━━━╇━━━━━━━━━━╇━━━━━━━━━━╇━━━━━━━━━━╇━━━━━━━━━━━╇━━━━━━━━━━╇━━━━━━━━━━━╇━━━━━━━━━━╇━━━━━━━━━━━╇━━━━━━━━━━╇━━━━━━━━━━━╇━━━━━━━━━━┩
│ Overall              │ 0.5720   │ N/A      │ 0.0000   │ 0        │ 0         │ 10.9718  │ N/A       │ 0.0000   │ 0         │ 0        │ 10        │ 220      │
│ nom_tt_025C_1v80     │ 0.8660   │ N/A      │ 0.0000   │ 0        │ 0         │ 15.4351  │ N/A       │ 0.0000   │ 0         │ 0        │ 0         │ 54       │
│ nom_ss_100C_1v60     │ 0.9438   │ N/A      │ 0.0000   │ 0        │ 0         │ 11.0240  │ N/A       │ 0.0000   │ 0         │ 0        │ 7         │ 220      │
│ nom_ff_n40C_1v95     │ 0.5728   │ N/A      │ 0.0000   │ 0        │ 0         │ 16.9122  │ N/A       │ 0.0000   │ 0         │ 0        │ 0         │ 0        │
│ min_tt_025C_1v80     │ 0.8688   │ N/A      │ 0.0000   │ 0        │ 0         │ 15.5224  │ N/A       │ 0.0000   │ 0         │ 0        │ 0         │ 42       │
│ min_ss_100C_1v60     │ 0.9755   │ N/A      │ 0.0000   │ 0        │ 0         │ 11.0584  │ N/A       │ 0.0000   │ 0         │ 0        │ 4         │ 178      │
│ min_ff_n40C_1v95     │ 0.5811   │ N/A      │ 0.0000   │ 0        │ 0         │ 16.9673  │ N/A       │ 0.0000   │ 0         │ 0        │ 0         │ 0        │
│ max_tt_025C_1v80     │ 0.8815   │ N/A      │ 0.0000   │ 0        │ 0         │ 15.3867  │ N/A       │ 0.0000   │ 0         │ 0        │ 0         │ 54       │
│ max_ss_100C_1v60     │ 0.9476   │ N/A      │ 0.0000   │ 0        │ 0         │ 10.9718  │ N/A       │ 0.0000   │ 0         │ 0        │ 10        │ 220      │
│ max_ff_n40C_1v95     │ 0.5720   │ N/A      │ 0.0000   │ 0        │ 0         │ 16.8807  │ N/A       │ 0.0000   │ 0         │ 0        │ 0         │ 0        │
└──────────────────────┴──────────┴──────────┴──────────┴──────────┴───────────┴──────────┴───────────┴──────────┴───────────┴──────────┴───────────┴──────────┘
