Clock: clk
Sources: clk 
Generated: no
Virtual: yes
Propagated: no
Period: 25.000000

===========================================================================
report_clock_properties
============================================================================
Clock                   Period          Waveform
----------------------------------------------------
clk                  25.000000    0.000000 12.500000

===========================================================================
report_clock_latency
============================================================================
Clock clk
rise -> rise
    min     max
4.650000 5.570000 source latency
5.211792         network latency _13182_/CLK
        6.365543 network latency _13399_/CLK
---------------
9.861793 11.935543 latency
        2.073750 skew

fall -> fall
    min     max
4.650000 5.570000 source latency
5.337395         network latency _13182_/CLK
        6.466582 network latency _12275_/CLK
---------------
9.987394 12.036582 latency
        2.049188 skew



===========================================================================
report_clock_min_period
============================================================================
clk period_min = 7.05 fmax = 141.75
