
===========================================================================
 report_power
============================================================================
======================= max_ff_n40C_1v95 Corner ===================================

Group                    Internal    Switching      Leakage        Total
                            Power        Power        Power        Power (Watts)
------------------------------------------------------------------------
Sequential           4.053105e-03 2.218484e-04 3.242564e-08 4.274986e-03  42.3%
Combinational        7.626183e-04 1.165008e-03 1.336267e-07 1.927760e-03  19.1%
Clock                1.894093e-03 2.016716e-03 1.745485e-08 3.910827e-03  38.7%
Macro                0.000000e+00 0.000000e+00 0.000000e+00 0.000000e+00   0.0%
Pad                  0.000000e+00 0.000000e+00 0.000000e+00 0.000000e+00   0.0%
------------------------------------------------------------------------
Total                6.709820e-03 3.403570e-03 1.835177e-07 1.011357e-02 100.0%
                            66.3%        33.7%         0.0%

