
===========================================================================
 report_power
============================================================================
======================= max_tt_025C_1v80 Corner ===================================

Group                    Internal    Switching      Leakage        Total
                            Power        Power        Power        Power (Watts)
------------------------------------------------------------------------
Sequential           8.423776e-12 1.421571e-11 1.297175e-08 1.299439e-08  27.8%
Combinational        3.616909e-11 8.647821e-11 3.258883e-08 3.271148e-08  69.9%
Clock                -3.107600e-15 0.000000e+00 1.093681e-09 1.093677e-09   2.3%
Macro                0.000000e+00 0.000000e+00 0.000000e+00 0.000000e+00   0.0%
Pad                  0.000000e+00 0.000000e+00 0.000000e+00 0.000000e+00   0.0%
------------------------------------------------------------------------
Total                4.458984e-11 1.006940e-10 4.665545e-08 4.680074e-08 100.0%
                             0.1%         0.2%        99.7%

