Clock: clk
Sources: clk 
Generated: no
Virtual: yes
Propagated: no
Period: 25.000000

===========================================================================
report_clock_properties
============================================================================
Clock                   Period          Waveform
----------------------------------------------------
clk                  25.000000    0.000000 12.500000

===========================================================================
report_clock_latency
============================================================================
Clock clk
rise -> rise
    min     max
4.650000 5.570000 source latency
5.394634         network latency _146_/CLK
        6.376100 network latency _134_/CLK
---------------
10.044634 11.946100 latency
        1.901467 skew

fall -> fall
    min     max
4.650000 5.570000 source latency
5.504735         network latency _146_/CLK
        6.486959 network latency _134_/CLK
---------------
10.154735 12.056958 latency
        1.902224 skew



===========================================================================
report_clock_min_period
============================================================================
clk period_min = 0.00 fmax = inf
