
===========================================================================
 report_power
============================================================================
======================= nom_ff_n40C_1v95 Corner ===================================

Group                    Internal    Switching      Leakage        Total
                            Power        Power        Power        Power (Watts)
------------------------------------------------------------------------
Sequential           6.208687e-05 1.314863e-06 1.062807e-09 6.340279e-05  12.0%
Combinational        8.702256e-05 2.239678e-04 1.861591e-08 3.110090e-04  59.0%
Clock                5.358470e-05 9.872977e-05 9.198605e-10 1.523154e-04  28.9%
Macro                0.000000e+00 0.000000e+00 0.000000e+00 0.000000e+00   0.0%
Pad                  0.000000e+00 0.000000e+00 0.000000e+00 0.000000e+00   0.0%
------------------------------------------------------------------------
Total                2.026942e-04 3.240122e-04 2.059859e-08 5.267271e-04 100.0%
                            38.5%        61.5%         0.0%

