Clock: clk
Sources: clk 
Generated: no
Virtual: yes
Propagated: no
Period: 25.000000

===========================================================================
report_clock_properties
============================================================================
Clock                   Period          Waveform
----------------------------------------------------
clk                  25.000000    0.000000 12.500000

===========================================================================
report_clock_latency
============================================================================
Clock clk
rise -> rise
    min     max
4.650000 5.570000 source latency
5.485248         network latency _13182_/CLK
        6.716781 network latency _13399_/CLK
---------------
10.135247 12.286780 latency
        2.151533 skew

fall -> fall
    min     max
4.650000 5.570000 source latency
5.547996         network latency _13182_/CLK
        6.737990 network latency _13399_/CLK
---------------
10.197995 12.307990 latency
        2.109994 skew



===========================================================================
report_clock_min_period
============================================================================
clk period_min = 10.71 fmax = 93.35
