Clock: clk
Sources: clk 
Generated: no
Virtual: yes
Propagated: no
Period: 25.000000

===========================================================================
report_clock_properties
============================================================================
Clock                   Period          Waveform
----------------------------------------------------
clk                  25.000000    0.000000 12.500000

===========================================================================
report_clock_latency
============================================================================
Clock clk
rise -> rise
    min     max
4.650000 5.570000 source latency
5.459802         network latency _13182_/CLK
        6.677143 network latency _13399_/CLK
---------------
10.109801 12.247142 latency
        2.137341 skew

fall -> fall
    min     max
4.650000 5.570000 source latency
5.526461         network latency _13182_/CLK
        6.705817 network latency _13399_/CLK
---------------
10.176461 12.275816 latency
        2.099355 skew



===========================================================================
report_clock_min_period
============================================================================
clk period_min = 10.45 fmax = 95.71
