
===========================================================================
report_checks -unconstrained
===========================================================================
======================= nom_ss_100C_1v60 Corner ===================================

Startpoint: _13680_ (rising edge-triggered flip-flop clocked by clk)
Endpoint: _12630_ (rising edge-triggered flip-flop clocked by clk)
Path Group: clk
Path Type: max

Fanout         Cap        Slew       Delay        Time   Description
---------------------------------------------------------------------------------------------
                                  0.000000    0.000000   clock clk (rise edge)
                                  5.570000    5.570000   clock source latency
     2    0.064202    0.610000    0.000000    5.570000 ^ clk (in)
                                                         clk (net)
                      0.635134    0.012567    5.582568 ^ clkbuf_0_clk/A (sky130_fd_sc_hd__clkbuf_16)
    17    0.186993    0.299040    0.643232    6.225799 ^ clkbuf_0_clk/X (sky130_fd_sc_hd__clkbuf_16)
                                                         clknet_0_clk (net)
                      0.300787    0.017259    6.243058 ^ clkbuf_3_7_0_clk/A (sky130_fd_sc_hd__clkbuf_8)
     9    0.093905    0.262004    0.478259    6.721317 ^ clkbuf_3_7_0_clk/X (sky130_fd_sc_hd__clkbuf_8)
                                                         clknet_3_7_0_clk (net)
                      0.262232    0.007004    6.728322 ^ clkbuf_5_31__f_clk/A (sky130_fd_sc_hd__clkbuf_16)
    19    0.112870    0.194398    0.414484    7.142805 ^ clkbuf_5_31__f_clk/X (sky130_fd_sc_hd__clkbuf_16)
                                                         clknet_5_31__leaf_clk (net)
                      0.194472    0.003563    7.146368 ^ clkbuf_leaf_115_clk/A (sky130_fd_sc_hd__clkbuf_8)
     7    0.031841    0.110315    0.319870    7.466238 ^ clkbuf_leaf_115_clk/X (sky130_fd_sc_hd__clkbuf_8)
                                                         clknet_leaf_115_clk (net)
                      0.110315    0.000504    7.466743 ^ _13680_/CLK (sky130_fd_sc_hd__dfxtp_4)
    13    0.084657    0.387493    0.963098    8.429841 ^ _13680_/Q (sky130_fd_sc_hd__dfxtp_4)
                                                         u_picorv32.picorv32_core.cpu_state[1] (net)
                      0.387533    0.004215    8.434056 ^ hold3040/A (sky130_fd_sc_hd__dlygate4sd3_1)
     5    0.046711    0.707854    1.634608   10.068665 ^ hold3040/X (sky130_fd_sc_hd__dlygate4sd3_1)
                                                         net3648 (net)
                      0.707854    0.002435   10.071100 ^ _08942_/C (sky130_fd_sc_hd__and4_1)
     5    0.019397    0.324774    0.775454   10.846553 ^ _08942_/X (sky130_fd_sc_hd__and4_1)
                                                         _04563_ (net)
                      0.324774    0.000810   10.847363 ^ _08951_/D (sky130_fd_sc_hd__and4_1)
     6    0.020835    0.343225    0.688667   11.536030 ^ _08951_/X (sky130_fd_sc_hd__and4_1)
                                                         _04569_ (net)
                      0.343225    0.000641   11.536672 ^ _08958_/D (sky130_fd_sc_hd__and4_2)
     6    0.029902    0.298706    0.760257   12.296928 ^ _08958_/X (sky130_fd_sc_hd__and4_2)
                                                         _04573_ (net)
                      0.298711    0.001784   12.298713 ^ _08966_/D (sky130_fd_sc_hd__and4_1)
     6    0.025828    0.413145    0.734400   13.033113 ^ _08966_/X (sky130_fd_sc_hd__and4_1)
                                                         _04578_ (net)
                      0.413145    0.001354   13.034467 ^ _08974_/D (sky130_fd_sc_hd__and4_1)
     6    0.026849    0.427694    0.776973   13.811440 ^ _08974_/X (sky130_fd_sc_hd__and4_1)
                                                         _04583_ (net)
                      0.427695    0.001540   13.812980 ^ _08982_/D (sky130_fd_sc_hd__and4_1)
     6    0.023683    0.383370    0.747280   14.560259 ^ _08982_/X (sky130_fd_sc_hd__and4_1)
                                                         _04588_ (net)
                      0.383370    0.001264   14.561523 ^ _08990_/D (sky130_fd_sc_hd__and4_2)
     6    0.026193    0.271349    0.748293   15.309816 ^ _08990_/X (sky130_fd_sc_hd__and4_2)
                                                         _04593_ (net)
                      0.271356    0.001808   15.311625 ^ _08998_/D (sky130_fd_sc_hd__and4_1)
     6    0.019790    0.328551    0.662581   15.974206 ^ _08998_/X (sky130_fd_sc_hd__and4_1)
                                                         _04598_ (net)
                      0.328551    0.000870   15.975076 ^ _09006_/D (sky130_fd_sc_hd__and4_1)
     6    0.018574    0.311661    0.665709   16.640785 ^ _09006_/X (sky130_fd_sc_hd__and4_1)
                                                         _04603_ (net)
                      0.311661    0.000387   16.641172 ^ _09014_/D (sky130_fd_sc_hd__and4_1)
     6    0.020649    0.340597    0.683043   17.324215 ^ _09014_/X (sky130_fd_sc_hd__and4_1)
                                                         _04608_ (net)
                      0.340597    0.000574   17.324789 ^ _09022_/D (sky130_fd_sc_hd__and4_2)
    13    0.066651    0.567148    0.980503   18.305292 ^ _09022_/X (sky130_fd_sc_hd__and4_2)
                                                         _04613_ (net)
                      0.567316    0.009434   18.314726 ^ _09030_/D (sky130_fd_sc_hd__and4_1)
     6    0.019553    0.325961    0.742157   19.056883 ^ _09030_/X (sky130_fd_sc_hd__and4_1)
                                                         _04618_ (net)
                      0.325961    0.000670   19.057552 ^ _09038_/D (sky130_fd_sc_hd__and4_1)
     6    0.019962    0.331012    0.679760   19.737312 ^ _09038_/X (sky130_fd_sc_hd__and4_1)
                                                         _04623_ (net)
                      0.331012    0.000460   19.737772 ^ _09046_/D (sky130_fd_sc_hd__and4_1)
     6    0.029349    0.462714    0.780661   20.518435 ^ _09046_/X (sky130_fd_sc_hd__and4_1)
                                                         _04628_ (net)
                      0.462715    0.001750   20.520184 ^ _09054_/D (sky130_fd_sc_hd__and4_1)
     6    0.024071    0.388794    0.761334   21.281517 ^ _09054_/X (sky130_fd_sc_hd__and4_1)
                                                         _04633_ (net)
                      0.388794    0.000918   21.282436 ^ _09062_/D (sky130_fd_sc_hd__and4_1)
     6    0.026334    0.420483    0.764601   22.047037 ^ _09062_/X (sky130_fd_sc_hd__and4_1)
                                                         _04638_ (net)
                      0.420483    0.001528   22.048565 ^ _09070_/D (sky130_fd_sc_hd__and4_1)
     6    0.022911    0.372494    0.737224   22.785788 ^ _09070_/X (sky130_fd_sc_hd__and4_1)
                                                         _04643_ (net)
                      0.372494    0.000830   22.786617 ^ _09078_/D (sky130_fd_sc_hd__and4_2)
     6    0.028429    0.288175    0.759275   23.545893 ^ _09078_/X (sky130_fd_sc_hd__and4_2)
                                                         _04648_ (net)
                      0.288180    0.001783   23.547676 ^ _09086_/D (sky130_fd_sc_hd__and4_1)
     6    0.019133    0.319378    0.660368   24.208044 ^ _09086_/X (sky130_fd_sc_hd__and4_1)
                                                         _04653_ (net)
                      0.319378    0.000488   24.208532 ^ _09094_/D (sky130_fd_sc_hd__and4_2)
     6    0.023474    0.251356    0.713779   24.922312 ^ _09094_/X (sky130_fd_sc_hd__and4_2)
                                                         _04658_ (net)
                      0.251356    0.001052   24.923363 ^ _09102_/D (sky130_fd_sc_hd__and4_1)
     5    0.021830    0.356968    0.678879   25.602243 ^ _09102_/X (sky130_fd_sc_hd__and4_1)
                                                         _04663_ (net)
                      0.356968    0.000774   25.603018 ^ _09107_/A2 (sky130_fd_sc_hd__a21oi_1)
     1    0.003484    0.116706    0.240604   25.843622 v _09107_/Y (sky130_fd_sc_hd__a21oi_1)
                                                         _04666_ (net)
                      0.116706    0.000114   25.843735 v hold2168/A (sky130_fd_sc_hd__dlygate4sd3_1)
     1    0.004370    0.124314    1.172136   27.015871 v hold2168/X (sky130_fd_sc_hd__dlygate4sd3_1)
                                                         net2776 (net)
                      0.124314    0.000155   27.016026 v _09109_/A (sky130_fd_sc_hd__nor2_1)
     1    0.002797    0.129526    0.186908   27.202934 ^ _09109_/Y (sky130_fd_sc_hd__nor2_1)
                                                         _00396_ (net)
                      0.129526    0.000085   27.203020 ^ hold2169/A (sky130_fd_sc_hd__dlygate4sd3_1)
     1    0.002005    0.082818    1.052506   28.255526 ^ hold2169/X (sky130_fd_sc_hd__dlygate4sd3_1)
                                                         net2777 (net)
                      0.082818    0.000057   28.255581 ^ _12630_/D (sky130_fd_sc_hd__dfxtp_1)
                                             28.255581   data arrival time

                                 25.000000   25.000000   clock clk (rise edge)
                                  4.650000   29.650000   clock source latency
     2    0.064202    0.610000    0.000000   29.650000 ^ clk (in)
                                                         clk (net)
                      0.635134    0.012568   29.662567 ^ clkbuf_0_clk/A (sky130_fd_sc_hd__clkbuf_16)
    17    0.186993    0.299040    0.643233   30.305799 ^ clkbuf_0_clk/X (sky130_fd_sc_hd__clkbuf_16)
                                                         clknet_0_clk (net)
                      0.299697    0.009472   30.315271 ^ clkbuf_3_2_0_clk/A (sky130_fd_sc_hd__clkbuf_8)
     9    0.084350    0.238580    0.459792   30.775063 ^ clkbuf_3_2_0_clk/X (sky130_fd_sc_hd__clkbuf_8)
                                                         clknet_3_2_0_clk (net)
                      0.238795    0.006516   30.781580 ^ clkbuf_5_11__f_clk/A (sky130_fd_sc_hd__clkbuf_16)
    21    0.110000    0.190126    0.401506   31.183084 ^ clkbuf_5_11__f_clk/X (sky130_fd_sc_hd__clkbuf_16)
                                                         clknet_5_11__leaf_clk (net)
                      0.190268    0.004736   31.187820 ^ clkbuf_leaf_55_clk/A (sky130_fd_sc_hd__clkbuf_8)
    13    0.040581    0.131107    0.333891   31.521713 ^ clkbuf_leaf_55_clk/X (sky130_fd_sc_hd__clkbuf_8)
                                                         clknet_leaf_55_clk (net)
                      0.131107    0.000679   31.522390 ^ _12630_/CLK (sky130_fd_sc_hd__dfxtp_1)
                                 -0.250000   31.272390   clock uncertainty
                                  0.920000   32.192390   clock reconvergence pessimism
                                 -0.121369   32.071022   library setup time
                                             32.071022   data required time
---------------------------------------------------------------------------------------------
                                             32.071022   data required time
                                            -28.255581   data arrival time
---------------------------------------------------------------------------------------------
                                              3.815440   slack (MET)




===========================================================================
report_checks --slack_max -0.01
============================================================================
======================= nom_ss_100C_1v60 Corner ===================================

No paths found.


===========================================================================
 report_check_types -max_slew -max_cap -max_fanout -violators
============================================================================
======================= nom_ss_100C_1v60 Corner ===================================

max slew

Pin                                        Limit        Slew       Slack
------------------------------------------------------------------------
ANTENNA__09165__C_N/DIODE               1.000000    1.708016   -0.708016 (VIOLATED)
ANTENNA__06227__C_N/DIODE               1.000000    1.708015   -0.708015 (VIOLATED)
ANTENNA__07384__C_N/DIODE               1.000000    1.708014   -0.708014 (VIOLATED)
_06227_/C_N                             1.000000    1.707992   -0.707992 (VIOLATED)
_06398_/B                               1.000000    1.707992   -0.707992 (VIOLATED)
_07384_/C_N                             1.000000    1.707991   -0.707991 (VIOLATED)
_09165_/C_N                             1.000000    1.707991   -0.707991 (VIOLATED)
ANTENNA__06398__B/DIODE                 1.000000    1.707981   -0.707981 (VIOLATED)
ANTENNA__06225__Y/DIODE                 1.000000    1.707974   -0.707974 (VIOLATED)
_06225_/Y                               1.000000    1.707974   -0.707974 (VIOLATED)
ANTENNA__06667__A0/DIODE                1.000000    1.664280   -0.664280 (VIOLATED)
ANTENNA__07013__B2/DIODE                1.000000    1.664280   -0.664280 (VIOLATED)
ANTENNA__07240__A1/DIODE                1.000000    1.664280   -0.664280 (VIOLATED)
ANTENNA__09229__A0/DIODE                1.000000    1.664280   -0.664280 (VIOLATED)
ANTENNA_hold2659_X/DIODE                1.000000    1.664280   -0.664280 (VIOLATED)
_06667_/A0                              1.000000    1.664280   -0.664280 (VIOLATED)
_07013_/B2                              1.000000    1.664280   -0.664280 (VIOLATED)
_07240_/A1                              1.000000    1.664280   -0.664280 (VIOLATED)
_09229_/A0                              1.000000    1.664280   -0.664280 (VIOLATED)
hold2659/X                              1.000000    1.664280   -0.664280 (VIOLATED)
ANTENNA__06683__A0/DIODE                1.000000    1.605361   -0.605361 (VIOLATED)
_06683_/A0                              1.000000    1.605360   -0.605360 (VIOLATED)
_07214_/A1                              1.000000    1.605349   -0.605349 (VIOLATED)
ANTENNA__07214__A1/DIODE                1.000000    1.605348   -0.605348 (VIOLATED)
ANTENNA__06979__B2/DIODE                1.000000    1.605338   -0.605337 (VIOLATED)
_06979_/B2                              1.000000    1.605335   -0.605335 (VIOLATED)
ANTENNA__09223__A1/DIODE                1.000000    1.605327   -0.605327 (VIOLATED)
ANTENNA_hold2426_X/DIODE                1.000000    1.605327   -0.605327 (VIOLATED)
_09223_/A1                              1.000000    1.605327   -0.605327 (VIOLATED)
hold2426/X                              1.000000    1.605327   -0.605327 (VIOLATED)
ANTENNA__07026__B2/DIODE                1.000000    1.478618   -0.478617 (VIOLATED)
_07026_/B2                              1.000000    1.478610   -0.478610 (VIOLATED)
ANTENNA__07253__A1/DIODE                1.000000    1.478599   -0.478599 (VIOLATED)
_07253_/A1                              1.000000    1.478599   -0.478599 (VIOLATED)
ANTENNA__09232__A1/DIODE                1.000000    1.478597   -0.478597 (VIOLATED)
ANTENNA_hold2663_X/DIODE                1.000000    1.478597   -0.478597 (VIOLATED)
_09232_/A1                              1.000000    1.478597   -0.478597 (VIOLATED)
hold2663/X                              1.000000    1.478597   -0.478597 (VIOLATED)
ANTENNA__07405__A/DIODE                 1.000000    1.453431   -0.453431 (VIOLATED)
ANTENNA__07406__A/DIODE                 1.000000    1.453431   -0.453431 (VIOLATED)
ANTENNA__07408__A1/DIODE                1.000000    1.453431   -0.453431 (VIOLATED)
ANTENNA__07439__A1/DIODE                1.000000    1.453431   -0.453431 (VIOLATED)
ANTENNA__07455__A/DIODE                 1.000000    1.453431   -0.453431 (VIOLATED)
ANTENNA__07475__A_N/DIODE               1.000000    1.453431   -0.453431 (VIOLATED)
ANTENNA__07482__A/DIODE                 1.000000    1.453431   -0.453431 (VIOLATED)
ANTENNA__11244__B2/DIODE                1.000000    1.453431   -0.453431 (VIOLATED)
ANTENNA_hold2037_X/DIODE                1.000000    1.453431   -0.453431 (VIOLATED)
_07405_/A                               1.000000    1.453431   -0.453431 (VIOLATED)
_07406_/A                               1.000000    1.453431   -0.453431 (VIOLATED)
_07408_/A1                              1.000000    1.453431   -0.453431 (VIOLATED)
_07439_/A1                              1.000000    1.453431   -0.453431 (VIOLATED)
_07455_/A                               1.000000    1.453431   -0.453431 (VIOLATED)
_07475_/A_N                             1.000000    1.453431   -0.453431 (VIOLATED)
_07482_/A                               1.000000    1.453431   -0.453431 (VIOLATED)
_11244_/B2                              1.000000    1.453431   -0.453431 (VIOLATED)
hold2037/X                              1.000000    1.453431   -0.453431 (VIOLATED)
ANTENNA__07406__C/DIODE                 1.000000    1.419444   -0.419445 (VIOLATED)
ANTENNA__07443__A1/DIODE                1.000000    1.419444   -0.419445 (VIOLATED)
ANTENNA__07455__C/DIODE                 1.000000    1.419444   -0.419445 (VIOLATED)
ANTENNA__07466__D/DIODE                 1.000000    1.419444   -0.419445 (VIOLATED)
ANTENNA__07469__C/DIODE                 1.000000    1.419444   -0.419445 (VIOLATED)
ANTENNA__07475__C/DIODE                 1.000000    1.419444   -0.419445 (VIOLATED)
ANTENNA__07480__A/DIODE                 1.000000    1.419444   -0.419445 (VIOLATED)
ANTENNA__07482__C/DIODE                 1.000000    1.419444   -0.419445 (VIOLATED)
ANTENNA__11240__B2/DIODE                1.000000    1.419444   -0.419445 (VIOLATED)
ANTENNA_hold1501_X/DIODE                1.000000    1.419444   -0.419445 (VIOLATED)
_07406_/C                               1.000000    1.419444   -0.419445 (VIOLATED)
_07443_/A1                              1.000000    1.419444   -0.419445 (VIOLATED)
_07455_/C                               1.000000    1.419444   -0.419445 (VIOLATED)
_07466_/D                               1.000000    1.419444   -0.419445 (VIOLATED)
_07469_/C                               1.000000    1.419444   -0.419445 (VIOLATED)
_07475_/C                               1.000000    1.419444   -0.419445 (VIOLATED)
_07480_/A                               1.000000    1.419444   -0.419445 (VIOLATED)
_07482_/C                               1.000000    1.419444   -0.419445 (VIOLATED)
_11240_/B2                              1.000000    1.419444   -0.419445 (VIOLATED)
hold1501/X                              1.000000    1.419444   -0.419445 (VIOLATED)
ANTENNA__08300__Y/DIODE                 1.000000    1.403569   -0.403569 (VIOLATED)
fanout221/A                             1.000000    1.403569   -0.403569 (VIOLATED)
ANTENNA_fanout221_A/DIODE               1.000000    1.403567   -0.403567 (VIOLATED)
ANTENNA_fanout222_A/DIODE               1.000000    1.403567   -0.403567 (VIOLATED)
_08300_/Y                               1.000000    1.403567   -0.403567 (VIOLATED)
fanout222/A                             1.000000    1.403567   -0.403567 (VIOLATED)
_07427_/A0                              1.000000    1.398067   -0.398067 (VIOLATED)
ANTENNA__07427__A0/DIODE                1.000000    1.398065   -0.398065 (VIOLATED)
_07299_/A1                              1.000000    1.398032   -0.398032 (VIOLATED)
ANTENNA__07299__A1/DIODE                1.000000    1.398029   -0.398029 (VIOLATED)
ANTENNA__09244__A1/DIODE                1.000000    1.397984   -0.397984 (VIOLATED)
ANTENNA_hold2574_X/DIODE                1.000000    1.397984   -0.397984 (VIOLATED)
_09244_/A1                              1.000000    1.397984   -0.397984 (VIOLATED)
hold2574/X                              1.000000    1.397984   -0.397984 (VIOLATED)
ANTENNA__07469__B/DIODE                 1.000000    1.346351   -0.346351 (VIOLATED)
ANTENNA__07482__B/DIODE                 1.000000    1.346351   -0.346351 (VIOLATED)
ANTENNA__06157__A/DIODE                 1.000000    1.346345   -0.346345 (VIOLATED)
ANTENNA__07466__C/DIODE                 1.000000    1.346339   -0.346339 (VIOLATED)
_07466_/C                               1.000000    1.346335   -0.346335 (VIOLATED)
_06157_/A                               1.000000    1.346333   -0.346333 (VIOLATED)
_07482_/B                               1.000000    1.346326   -0.346326 (VIOLATED)
_07469_/B                               1.000000    1.346325   -0.346325 (VIOLATED)
ANTENNA__07441__A1/DIODE                1.000000    1.346324   -0.346324 (VIOLATED)
ANTENNA__07477__B/DIODE                 1.000000    1.346324   -0.346324 (VIOLATED)
ANTENNA__11242__B2/DIODE                1.000000    1.346324   -0.346324 (VIOLATED)
ANTENNA_hold653_X/DIODE                 1.000000    1.346324   -0.346324 (VIOLATED)
_07441_/A1                              1.000000    1.346324   -0.346324 (VIOLATED)
_07477_/B                               1.000000    1.346324   -0.346324 (VIOLATED)
_11242_/B2                              1.000000    1.346324   -0.346324 (VIOLATED)
hold653/X                               1.000000    1.346324   -0.346324 (VIOLATED)
ANTENNA__07109__C1/DIODE                1.000000    1.337863   -0.337863 (VIOLATED)
_07109_/C1                              1.000000    1.337863   -0.337863 (VIOLATED)
_06990_/A1                              1.000000    1.337861   -0.337861 (VIOLATED)
ANTENNA__06990__A1/DIODE                1.000000    1.337860   -0.337860 (VIOLATED)
ANTENNA_fanout293_A/DIODE               1.000000    1.337854   -0.337854 (VIOLATED)
fanout293/A                             1.000000    1.337854   -0.337854 (VIOLATED)
ANTENNA__06962__Y/DIODE                 1.000000    1.337853   -0.337853 (VIOLATED)
_06962_/Y                               1.000000    1.337851   -0.337851 (VIOLATED)
ANTENNA__06574__B/DIODE                 1.000000    1.327128   -0.327128 (VIOLATED)
_06574_/B                               1.000000    1.327128   -0.327128 (VIOLATED)
_06526_/B                               1.000000    1.327128   -0.327128 (VIOLATED)
ANTENNA__06528__B/DIODE                 1.000000    1.327127   -0.327127 (VIOLATED)
_06527_/B                               1.000000    1.327127   -0.327127 (VIOLATED)
_06528_/B                               1.000000    1.327127   -0.327127 (VIOLATED)
ANTENNA__06526__B/DIODE                 1.000000    1.327125   -0.327125 (VIOLATED)
ANTENNA__06527__B/DIODE                 1.000000    1.327123   -0.327123 (VIOLATED)
_09884_/A1                              1.000000    1.327122   -0.327122 (VIOLATED)
_09766_/A0                              1.000000    1.327122   -0.327122 (VIOLATED)
ANTENNA__09766__A0/DIODE                1.000000    1.327121   -0.327121 (VIOLATED)
_09813_/A1                              1.000000    1.327121   -0.327121 (VIOLATED)
ANTENNA__07045__A2/DIODE                1.000000    1.327118   -0.327118 (VIOLATED)
ANTENNA__08217__A/DIODE                 1.000000    1.327118   -0.327118 (VIOLATED)
ANTENNA__09809__A/DIODE                 1.000000    1.327118   -0.327118 (VIOLATED)
ANTENNA__09813__A1/DIODE                1.000000    1.327118   -0.327118 (VIOLATED)
ANTENNA__09884__A1/DIODE                1.000000    1.327118   -0.327118 (VIOLATED)
ANTENNA_hold2744_X/DIODE                1.000000    1.327118   -0.327118 (VIOLATED)
_07045_/A2                              1.000000    1.327118   -0.327118 (VIOLATED)
_08217_/A                               1.000000    1.327118   -0.327118 (VIOLATED)
_09809_/A                               1.000000    1.327118   -0.327118 (VIOLATED)
hold2744/X                              1.000000    1.327118   -0.327118 (VIOLATED)
ANTENNA__07485__A3/DIODE                1.000000    1.296822   -0.296822 (VIOLATED)
ANTENNA__07486__A2/DIODE                1.000000    1.296822   -0.296822 (VIOLATED)
ANTENNA__07468__A1/DIODE                1.000000    1.296821   -0.296821 (VIOLATED)
_07486_/A2                              1.000000    1.296821   -0.296821 (VIOLATED)
_07485_/A3                              1.000000    1.296819   -0.296819 (VIOLATED)
_07468_/A1                              1.000000    1.296815   -0.296815 (VIOLATED)
_07471_/B                               1.000000    1.296814   -0.296814 (VIOLATED)
ANTENNA__07471__B/DIODE                 1.000000    1.296810   -0.296810 (VIOLATED)
_07408_/A3                              1.000000    1.296807   -0.296807 (VIOLATED)
ANTENNA__07408__A3/DIODE                1.000000    1.296800   -0.296800 (VIOLATED)
ANTENNA__07407__Y/DIODE                 1.000000    1.296787   -0.296787 (VIOLATED)
_07407_/Y                               1.000000    1.296787   -0.296787 (VIOLATED)
_07431_/A0                              1.000000    1.292893   -0.292893 (VIOLATED)
ANTENNA__07431__A0/DIODE                1.000000    1.292890   -0.292890 (VIOLATED)
_07323_/A1                              1.000000    1.292869   -0.292869 (VIOLATED)
ANTENNA__07323__A1/DIODE                1.000000    1.292861   -0.292861 (VIOLATED)
ANTENNA__09250__A1/DIODE                1.000000    1.292822   -0.292822 (VIOLATED)
ANTENNA_hold2533_X/DIODE                1.000000    1.292822   -0.292822 (VIOLATED)
_09250_/A1                              1.000000    1.292822   -0.292822 (VIOLATED)
hold2533/X                              1.000000    1.292822   -0.292822 (VIOLATED)
_06989_/A2                              1.000000    1.284210   -0.284210 (VIOLATED)
ANTENNA__06501__B/DIODE                 1.000000    1.284208   -0.284208 (VIOLATED)
ANTENNA__06989__A2/DIODE                1.000000    1.284209   -0.284209 (VIOLATED)
_06501_/B                               1.000000    1.284208   -0.284208 (VIOLATED)
_06502_/B                               1.000000    1.284207   -0.284207 (VIOLATED)
ANTENNA__06502__B/DIODE                 1.000000    1.284206   -0.284206 (VIOLATED)
ANTENNA__08225__A/DIODE                 1.000000    1.284188   -0.284188 (VIOLATED)
ANTENNA__09674__A1/DIODE                1.000000    1.284188   -0.284188 (VIOLATED)
ANTENNA__09712__A1/DIODE                1.000000    1.284188   -0.284188 (VIOLATED)
ANTENNA__09732__A0/DIODE                1.000000    1.284188   -0.284188 (VIOLATED)
ANTENNA__09790__A0/DIODE                1.000000    1.284188   -0.284188 (VIOLATED)
ANTENNA_hold2625_X/DIODE                1.000000    1.284188   -0.284188 (VIOLATED)
_08225_/A                               1.000000    1.284188   -0.284188 (VIOLATED)
_09674_/A1                              1.000000    1.284188   -0.284188 (VIOLATED)
_09712_/A1                              1.000000    1.284188   -0.284188 (VIOLATED)
_09732_/A0                              1.000000    1.284188   -0.284188 (VIOLATED)
_09790_/A0                              1.000000    1.284188   -0.284188 (VIOLATED)
hold2625/X                              1.000000    1.284188   -0.284188 (VIOLATED)
_07148_/A2                              1.000000    1.276889   -0.276889 (VIOLATED)
_06427_/B                               1.000000    1.276887   -0.276887 (VIOLATED)
_06428_/B                               1.000000    1.276887   -0.276887 (VIOLATED)
_06429_/B                               1.000000    1.276887   -0.276887 (VIOLATED)
ANTENNA__06427__B/DIODE                 1.000000    1.276884   -0.276884 (VIOLATED)
ANTENNA__07148__A2/DIODE                1.000000    1.276884   -0.276884 (VIOLATED)
ANTENNA__06428__B/DIODE                 1.000000    1.276884   -0.276884 (VIOLATED)
ANTENNA__06429__B/DIODE                 1.000000    1.276882   -0.276882 (VIOLATED)
ANTENNA_hold2550_X/DIODE                1.000000    1.276844   -0.276844 (VIOLATED)
ANTENNA__09858__A/DIODE                 1.000000    1.276842   -0.276842 (VIOLATED)
ANTENNA__09969__A0/DIODE                1.000000    1.276842   -0.276842 (VIOLATED)
ANTENNA__09975__A1/DIODE                1.000000    1.276842   -0.276842 (VIOLATED)
ANTENNA__10046__A1/DIODE                1.000000    1.276842   -0.276842 (VIOLATED)
_09858_/A                               1.000000    1.276842   -0.276842 (VIOLATED)
_09969_/A0                              1.000000    1.276842   -0.276842 (VIOLATED)
_09975_/A1                              1.000000    1.276842   -0.276842 (VIOLATED)
_10046_/A1                              1.000000    1.276842   -0.276842 (VIOLATED)
hold2550/X                              1.000000    1.276842   -0.276842 (VIOLATED)
_09856_/B1                              1.000000    1.275259   -0.275258 (VIOLATED)
ANTENNA__09856__B1/DIODE                1.000000    1.275255   -0.275256 (VIOLATED)
_09833_/C1                              1.000000    1.275256   -0.275256 (VIOLATED)
ANTENNA__09833__C1/DIODE                1.000000    1.275255   -0.275255 (VIOLATED)
ANTENNA__06354__Y/DIODE                 1.000000    1.275246   -0.275245 (VIOLATED)
ANTENNA_fanout311_A/DIODE               1.000000    1.275246   -0.275245 (VIOLATED)
_06354_/Y                               1.000000    1.275246   -0.275245 (VIOLATED)
fanout311/A                             1.000000    1.275246   -0.275245 (VIOLATED)
_07195_/A1                              1.000000    1.269453   -0.269453 (VIOLATED)
ANTENNA__07195__A1/DIODE                1.000000    1.269452   -0.269452 (VIOLATED)
ANTENNA__07206__A1/DIODE                1.000000    1.269452   -0.269452 (VIOLATED)
_07206_/A1                              1.000000    1.269452   -0.269452 (VIOLATED)
fanout361/A                             1.000000    1.269447   -0.269447 (VIOLATED)
ANTENNA_fanout361_A/DIODE               1.000000    1.269446   -0.269446 (VIOLATED)
ANTENNA__07179__A1/DIODE                1.000000    1.269443   -0.269443 (VIOLATED)
ANTENNA_fanout363_A/DIODE               1.000000    1.269443   -0.269443 (VIOLATED)
ANTENNA_hold2691_X/DIODE                1.000000    1.269443   -0.269443 (VIOLATED)
_07179_/A1                              1.000000    1.269443   -0.269443 (VIOLATED)
fanout363/A                             1.000000    1.269443   -0.269443 (VIOLATED)
hold2691/X                              1.000000    1.269443   -0.269443 (VIOLATED)
_07429_/A0                              1.000000    1.263568   -0.263568 (VIOLATED)
ANTENNA__07429__A0/DIODE                1.000000    1.263565   -0.263565 (VIOLATED)
_07312_/A1                              1.000000    1.263454   -0.263454 (VIOLATED)
ANTENNA__07312__A1/DIODE                1.000000    1.263453   -0.263453 (VIOLATED)
ANTENNA__09247__A1/DIODE                1.000000    1.263422   -0.263422 (VIOLATED)
ANTENNA_hold2552_X/DIODE                1.000000    1.263422   -0.263422 (VIOLATED)
_09247_/A1                              1.000000    1.263422   -0.263422 (VIOLATED)
hold2552/X                              1.000000    1.263422   -0.263422 (VIOLATED)
ANTENNA__06969__B2/DIODE                1.000000    1.220431   -0.220431 (VIOLATED)
ANTENNA__07202__A1/DIODE                1.000000    1.220429   -0.220429 (VIOLATED)
ANTENNA__09220__A0/DIODE                1.000000    1.220429   -0.220429 (VIOLATED)
ANTENNA_hold2889_X/DIODE                1.000000    1.220429   -0.220429 (VIOLATED)
_06969_/B2                              1.000000    1.220429   -0.220429 (VIOLATED)
_07202_/A1                              1.000000    1.220429   -0.220429 (VIOLATED)
_09220_/A0                              1.000000    1.220429   -0.220429 (VIOLATED)
hold2889/X                              1.000000    1.220429   -0.220429 (VIOLATED)
ANTENNA__07538__A/DIODE                 1.000000    1.163254   -0.163254 (VIOLATED)
ANTENNA__06359__A1_N/DIODE              1.000000    1.163253   -0.163253 (VIOLATED)
ANTENNA__07539__B/DIODE                 1.000000    1.163253   -0.163253 (VIOLATED)
ANTENNA__06347__A1/DIODE                1.000000    1.163252   -0.163252 (VIOLATED)
ANTENNA__06605__A/DIODE                 1.000000    1.163247   -0.163247 (VIOLATED)
_07538_/A                               1.000000    1.163246   -0.163246 (VIOLATED)
_06359_/A1_N                            1.000000    1.163244   -0.163244 (VIOLATED)
_07539_/B                               1.000000    1.163244   -0.163244 (VIOLATED)
_06347_/A1                              1.000000    1.163242   -0.163242 (VIOLATED)
_06605_/A                               1.000000    1.163229   -0.163229 (VIOLATED)
ANTENNA__11981__A1/DIODE                1.000000    1.163203   -0.163203 (VIOLATED)
ANTENNA_hold2814_X/DIODE                1.000000    1.163201   -0.163201 (VIOLATED)
ANTENNA__11979__A1/DIODE                1.000000    1.163184   -0.163184 (VIOLATED)
_11979_/A1                              1.000000    1.163184   -0.163184 (VIOLATED)
_11981_/A1                              1.000000    1.163184   -0.163184 (VIOLATED)
hold2814/X                              1.000000    1.163184   -0.163184 (VIOLATED)
_07372_/A2                              1.000000    1.161390   -0.161390 (VIOLATED)
ANTENNA__07372__A2/DIODE                1.000000    1.161389   -0.161389 (VIOLATED)
_06942_/A1                              1.000000    1.161383   -0.161383 (VIOLATED)
ANTENNA__06942__A1/DIODE                1.000000    1.161382   -0.161382 (VIOLATED)
ANTENNA__06943__A1/DIODE                1.000000    1.161383   -0.161383 (VIOLATED)
_06421_/A                               1.000000    1.161382   -0.161382 (VIOLATED)
ANTENNA__06944__A1/DIODE                1.000000    1.161382   -0.161382 (VIOLATED)
_06944_/A1                              1.000000    1.161381   -0.161381 (VIOLATED)
_06943_/A1                              1.000000    1.161378   -0.161378 (VIOLATED)
ANTENNA__06421__A/DIODE                 1.000000    1.161370   -0.161370 (VIOLATED)
ANTENNA__08297__A/DIODE                 1.000000    1.161348   -0.161348 (VIOLATED)
ANTENNA__08338__A1/DIODE                1.000000    1.161348   -0.161348 (VIOLATED)
ANTENNA_hold2879_X/DIODE                1.000000    1.161348   -0.161348 (VIOLATED)
_08297_/A                               1.000000    1.161348   -0.161348 (VIOLATED)
_08338_/A1                              1.000000    1.161348   -0.161348 (VIOLATED)
hold2879/X                              1.000000    1.161348   -0.161348 (VIOLATED)
_07109_/A2                              1.000000    1.137487   -0.137487 (VIOLATED)
_06468_/B                               1.000000    1.137487   -0.137487 (VIOLATED)
ANTENNA__06468__B/DIODE                 1.000000    1.137487   -0.137487 (VIOLATED)
ANTENNA__07109__A2/DIODE                1.000000    1.137486   -0.137486 (VIOLATED)
ANTENNA__06577__A2/DIODE                1.000000    1.137485   -0.137485 (VIOLATED)
_06577_/A2                              1.000000    1.137485   -0.137485 (VIOLATED)
_06166_/A                               1.000000    1.137483   -0.137483 (VIOLATED)
ANTENNA__06166__A/DIODE                 1.000000    1.137482   -0.137482 (VIOLATED)
ANTENNA__09924__A0/DIODE                1.000000    1.137453   -0.137453 (VIOLATED)
ANTENNA__09928__A1/DIODE                1.000000    1.137453   -0.137453 (VIOLATED)
ANTENNA_hold2633_X/DIODE                1.000000    1.137453   -0.137453 (VIOLATED)
_09924_/A0                              1.000000    1.137453   -0.137453 (VIOLATED)
_09928_/A1                              1.000000    1.137453   -0.137453 (VIOLATED)
hold2633/X                              1.000000    1.137453   -0.137453 (VIOLATED)
_06465_/B                               1.000000    1.134974   -0.134974 (VIOLATED)
_06560_/B                               1.000000    1.134974   -0.134974 (VIOLATED)
ANTENNA__06465__B/DIODE                 1.000000    1.134974   -0.134974 (VIOLATED)
ANTENNA__06560__B/DIODE                 1.000000    1.134974   -0.134974 (VIOLATED)
_06464_/B                               1.000000    1.134974   -0.134974 (VIOLATED)
ANTENNA__06464__B/DIODE                 1.000000    1.134973   -0.134973 (VIOLATED)
ANTENNA__07096__A2/DIODE                1.000000    1.134973   -0.134973 (VIOLATED)
ANTENNA__09790__A1/DIODE                1.000000    1.134973   -0.134973 (VIOLATED)
ANTENNA__09879__A/DIODE                 1.000000    1.134973   -0.134973 (VIOLATED)
ANTENNA__09974__A1/DIODE                1.000000    1.134973   -0.134973 (VIOLATED)
ANTENNA_hold2927_X/DIODE                1.000000    1.134973   -0.134973 (VIOLATED)
_07096_/A2                              1.000000    1.134973   -0.134973 (VIOLATED)
_09790_/A1                              1.000000    1.134973   -0.134973 (VIOLATED)
_09879_/A                               1.000000    1.134973   -0.134973 (VIOLATED)
_09974_/A1                              1.000000    1.134973   -0.134973 (VIOLATED)
hold2927/X                              1.000000    1.134973   -0.134973 (VIOLATED)
ANTENNA__06959__B2/DIODE                1.000000    1.123250   -0.123250 (VIOLATED)
_06959_/B2                              1.000000    1.123246   -0.123246 (VIOLATED)
ANTENNA_hold2612_X/DIODE                1.000000    1.123237   -0.123237 (VIOLATED)
ANTENNA__07191__A1/DIODE                1.000000    1.123226   -0.123226 (VIOLATED)
ANTENNA__09217__A1/DIODE                1.000000    1.123226   -0.123226 (VIOLATED)
_07191_/A1                              1.000000    1.123226   -0.123226 (VIOLATED)
_09217_/A1                              1.000000    1.123226   -0.123226 (VIOLATED)
hold2612/X                              1.000000    1.123226   -0.123226 (VIOLATED)
ANTENNA__06606__A1/DIODE                1.000000    1.114099   -0.114099 (VIOLATED)
ANTENNA__07003__A1/DIODE                1.000000    1.114099   -0.114099 (VIOLATED)
ANTENNA__07031__A1/DIODE                1.000000    1.114099   -0.114099 (VIOLATED)
ANTENNA__07046__A1/DIODE                1.000000    1.114099   -0.114099 (VIOLATED)
ANTENNA__07541__A/DIODE                 1.000000    1.114099   -0.114099 (VIOLATED)
ANTENNA__07543__A1/DIODE                1.000000    1.114099   -0.114099 (VIOLATED)
ANTENNA_fanout365_A/DIODE               1.000000    1.114099   -0.114099 (VIOLATED)
ANTENNA_hold2590_X/DIODE                1.000000    1.114099   -0.114099 (VIOLATED)
_06606_/A1                              1.000000    1.114099   -0.114099 (VIOLATED)
_07003_/A1                              1.000000    1.114099   -0.114099 (VIOLATED)
_07031_/A1                              1.000000    1.114099   -0.114099 (VIOLATED)
_07046_/A1                              1.000000    1.114099   -0.114099 (VIOLATED)
_07541_/A                               1.000000    1.114099   -0.114099 (VIOLATED)
_07543_/A1                              1.000000    1.114099   -0.114099 (VIOLATED)
fanout365/A                             1.000000    1.114099   -0.114099 (VIOLATED)
hold2590/X                              1.000000    1.114099   -0.114099 (VIOLATED)
_07077_/A2                              1.000000    1.096158   -0.096158 (VIOLATED)
ANTENNA__07077__A2/DIODE                1.000000    1.096158   -0.096158 (VIOLATED)
ANTENNA__06461__B/DIODE                 1.000000    1.096156   -0.096156 (VIOLATED)
ANTENNA__06752__C/DIODE                 1.000000    1.096156   -0.096156 (VIOLATED)
_06461_/B                               1.000000    1.096155   -0.096155 (VIOLATED)
_06752_/C                               1.000000    1.096155   -0.096155 (VIOLATED)
_06460_/B                               1.000000    1.096154   -0.096154 (VIOLATED)
ANTENNA__06460__B/DIODE                 1.000000    1.096153   -0.096153 (VIOLATED)
ANTENNA__09758__A/DIODE                 1.000000    1.096141   -0.096141 (VIOLATED)
ANTENNA__09854__A0/DIODE                1.000000    1.096141   -0.096141 (VIOLATED)
ANTENNA__09860__A/DIODE                 1.000000    1.096141   -0.096141 (VIOLATED)
ANTENNA_hold2643_X/DIODE                1.000000    1.096141   -0.096141 (VIOLATED)
_09758_/A                               1.000000    1.096141   -0.096141 (VIOLATED)
_09854_/A0                              1.000000    1.096141   -0.096141 (VIOLATED)
_09860_/A                               1.000000    1.096141   -0.096141 (VIOLATED)
hold2643/X                              1.000000    1.096141   -0.096141 (VIOLATED)
ANTENNA__06457__B/DIODE                 1.000000    1.094745   -0.094745 (VIOLATED)
_06458_/B                               1.000000    1.094745   -0.094745 (VIOLATED)
ANTENNA__06458__B/DIODE                 1.000000    1.094745   -0.094745 (VIOLATED)
_06457_/B                               1.000000    1.094745   -0.094745 (VIOLATED)
_07091_/A2                              1.000000    1.094744   -0.094744 (VIOLATED)
ANTENNA__07091__A2/DIODE                1.000000    1.094743   -0.094743 (VIOLATED)
ANTENNA__08211__A/DIODE                 1.000000    1.094727   -0.094727 (VIOLATED)
ANTENNA__09765__A1/DIODE                1.000000    1.094727   -0.094727 (VIOLATED)
ANTENNA__09835__A1/DIODE                1.000000    1.094727   -0.094727 (VIOLATED)
ANTENNA__09878__A0/DIODE                1.000000    1.094727   -0.094727 (VIOLATED)
ANTENNA__09882__A1/DIODE                1.000000    1.094727   -0.094727 (VIOLATED)
ANTENNA_hold2617_X/DIODE                1.000000    1.094727   -0.094727 (VIOLATED)
_08211_/A                               1.000000    1.094727   -0.094727 (VIOLATED)
_09765_/A1                              1.000000    1.094727   -0.094727 (VIOLATED)
_09835_/A1                              1.000000    1.094727   -0.094727 (VIOLATED)
_09878_/A0                              1.000000    1.094727   -0.094727 (VIOLATED)
_09882_/A1                              1.000000    1.094727   -0.094727 (VIOLATED)
hold2617/X                              1.000000    1.094727   -0.094727 (VIOLATED)
_07017_/A2                              1.000000    1.085173   -0.085173 (VIOLATED)
ANTENNA__07017__A2/DIODE                1.000000    1.085172   -0.085172 (VIOLATED)
ANTENNA__06482__B/DIODE                 1.000000    1.085171   -0.085171 (VIOLATED)
ANTENNA__06481__B/DIODE                 1.000000    1.085171   -0.085171 (VIOLATED)
_06482_/B                               1.000000    1.085169   -0.085169 (VIOLATED)
_06481_/B                               1.000000    1.085169   -0.085169 (VIOLATED)
ANTENNA__09640__A1/DIODE                1.000000    1.085169   -0.085169 (VIOLATED)
ANTENNA__09763__A0/DIODE                1.000000    1.085169   -0.085169 (VIOLATED)
ANTENNA__09766__A1/DIODE                1.000000    1.085169   -0.085169 (VIOLATED)
ANTENNA_hold2919_X/DIODE                1.000000    1.085169   -0.085169 (VIOLATED)
_09640_/A1                              1.000000    1.085169   -0.085169 (VIOLATED)
_09763_/A0                              1.000000    1.085169   -0.085169 (VIOLATED)
_09766_/A1                              1.000000    1.085169   -0.085169 (VIOLATED)
hold2919/X                              1.000000    1.085169   -0.085169 (VIOLATED)
_07433_/A0                              1.000000    1.084959   -0.084959 (VIOLATED)
ANTENNA__07433__A0/DIODE                1.000000    1.084958   -0.084958 (VIOLATED)
_07335_/A1                              1.000000    1.084951   -0.084951 (VIOLATED)
ANTENNA__07335__A1/DIODE                1.000000    1.084950   -0.084950 (VIOLATED)
ANTENNA__09253__A1/DIODE                1.000000    1.084950   -0.084950 (VIOLATED)
ANTENNA_hold2304_X/DIODE                1.000000    1.084950   -0.084950 (VIOLATED)
_09253_/A1                              1.000000    1.084950   -0.084950 (VIOLATED)
hold2304/X                              1.000000    1.084950   -0.084950 (VIOLATED)
ANTENNA__07452__A/DIODE                 1.000000    1.082316   -0.082316 (VIOLATED)
_07452_/A                               1.000000    1.082310   -0.082310 (VIOLATED)
ANTENNA_14/DIODE                        1.000000    1.082309   -0.082309 (VIOLATED)
ANTENNA__06685__A1/DIODE                1.000000    1.082299   -0.082299 (VIOLATED)
ANTENNA__11230__B2/DIODE                1.000000    1.082299   -0.082299 (VIOLATED)
ANTENNA_hold2594_X/DIODE                1.000000    1.082299   -0.082299 (VIOLATED)
_06685_/A1                              1.000000    1.082299   -0.082299 (VIOLATED)
_11230_/B2                              1.000000    1.082299   -0.082299 (VIOLATED)
hold2594/X                              1.000000    1.082299   -0.082299 (VIOLATED)
_09199_/A1                              1.000000    1.071578   -0.071578 (VIOLATED)
ANTENNA__06978__A2/DIODE                1.000000    1.071577   -0.071577 (VIOLATED)
ANTENNA__07094__A/DIODE                 1.000000    1.071577   -0.071577 (VIOLATED)
ANTENNA__09199__A1/DIODE                1.000000    1.071577   -0.071577 (VIOLATED)
ANTENNA_hold1282_X/DIODE                1.000000    1.071577   -0.071577 (VIOLATED)
_06978_/A2                              1.000000    1.071577   -0.071577 (VIOLATED)
_07094_/A                               1.000000    1.071577   -0.071577 (VIOLATED)
hold1282/X                              1.000000    1.071577   -0.071577 (VIOLATED)
ANTENNA__06417__A/DIODE                 1.000000    1.038656   -0.038656 (VIOLATED)
ANTENNA__06418__A/DIODE                 1.000000    1.038656   -0.038656 (VIOLATED)
ANTENNA__06929__A1/DIODE                1.000000    1.038656   -0.038656 (VIOLATED)
ANTENNA__07339__A2/DIODE                1.000000    1.038656   -0.038656 (VIOLATED)
ANTENNA__08165__A/DIODE                 1.000000    1.038656   -0.038656 (VIOLATED)
ANTENNA__08293__A1/DIODE                1.000000    1.038656   -0.038656 (VIOLATED)
ANTENNA__10208__A/DIODE                 1.000000    1.038656   -0.038656 (VIOLATED)
ANTENNA__10320__A0/DIODE                1.000000    1.038656   -0.038656 (VIOLATED)
ANTENNA__10323__A1/DIODE                1.000000    1.038656   -0.038656 (VIOLATED)
ANTENNA_hold2923_X/DIODE                1.000000    1.038656   -0.038656 (VIOLATED)
_06417_/A                               1.000000    1.038656   -0.038656 (VIOLATED)
_06418_/A                               1.000000    1.038656   -0.038656 (VIOLATED)
_06929_/A1                              1.000000    1.038656   -0.038656 (VIOLATED)
_07339_/A2                              1.000000    1.038656   -0.038656 (VIOLATED)
_08165_/A                               1.000000    1.038656   -0.038656 (VIOLATED)
_08293_/A1                              1.000000    1.038656   -0.038656 (VIOLATED)
_10208_/A                               1.000000    1.038656   -0.038656 (VIOLATED)
_10320_/A0                              1.000000    1.038656   -0.038656 (VIOLATED)
_10323_/A1                              1.000000    1.038656   -0.038656 (VIOLATED)
hold2923/X                              1.000000    1.038656   -0.038656 (VIOLATED)
_06538_/Y                               1.000000    1.023571   -0.023571 (VIOLATED)
_06602_/A2                              1.000000    1.023571   -0.023571 (VIOLATED)
_06604_/A2                              1.000000    1.023571   -0.023571 (VIOLATED)
_08763_/A2                              1.000000    1.021477   -0.021477 (VIOLATED)
ANTENNA__08763__A2/DIODE                1.000000    1.021475   -0.021475 (VIOLATED)
fanout286/A                             1.000000    1.021459   -0.021459 (VIOLATED)
ANTENNA_fanout286_A/DIODE               1.000000    1.021451   -0.021451 (VIOLATED)
ANTENNA_fanout287_A/DIODE               1.000000    1.021450   -0.021450 (VIOLATED)
fanout287/A                             1.000000    1.021445   -0.021445 (VIOLATED)
ANTENNA_fanout288_A/DIODE               1.000000    1.021405   -0.021405 (VIOLATED)
fanout288/A                             1.000000    1.021403   -0.021403 (VIOLATED)
ANTENNA__08049__Y/DIODE                 1.000000    1.021393   -0.021393 (VIOLATED)
_08049_/Y                               1.000000    1.021390   -0.021390 (VIOLATED)
ANTENNA__07428__S/DIODE                 1.000000    1.020493   -0.020493 (VIOLATED)
ANTENNA__11989__S/DIODE                 1.000000    1.020484   -0.020484 (VIOLATED)
_07428_/S                               1.000000    1.020473   -0.020474 (VIOLATED)
_11989_/S                               1.000000    1.020473   -0.020473 (VIOLATED)
_06676_/S                               1.000000    1.020466   -0.020466 (VIOLATED)
ANTENNA__06676__S/DIODE                 1.000000    1.020439   -0.020439 (VIOLATED)
_06674_/S                               1.000000    1.020409   -0.020409 (VIOLATED)
ANTENNA__06674__S/DIODE                 1.000000    1.020407   -0.020407 (VIOLATED)
ANTENNA__07426__S/DIODE                 1.000000    1.020394   -0.020394 (VIOLATED)
ANTENNA__07420__S/DIODE                 1.000000    1.020393   -0.020393 (VIOLATED)
_07420_/S                               1.000000    1.020392   -0.020392 (VIOLATED)
_07426_/S                               1.000000    1.020373   -0.020373 (VIOLATED)
fanout214/A                             1.000000    1.020297   -0.020297 (VIOLATED)
ANTENNA_fanout214_A/DIODE               1.000000    1.020297   -0.020297 (VIOLATED)
ANTENNA__06411__Y/DIODE                 1.000000    1.020182   -0.020182 (VIOLATED)
_06411_/Y                               1.000000    1.020170   -0.020170 (VIOLATED)
ANTENNA__06345__B/DIODE                 1.000000    1.002271   -0.002271 (VIOLATED)
ANTENNA__06371__A1/DIODE                1.000000    1.002271   -0.002271 (VIOLATED)
ANTENNA__07415__A/DIODE                 1.000000    1.002271   -0.002271 (VIOLATED)
ANTENNA__11983__A1/DIODE                1.000000    1.002271   -0.002271 (VIOLATED)
ANTENNA_hold2666_X/DIODE                1.000000    1.002271   -0.002271 (VIOLATED)
_06345_/B                               1.000000    1.002271   -0.002271 (VIOLATED)
_06371_/A1                              1.000000    1.002271   -0.002271 (VIOLATED)
_07415_/A                               1.000000    1.002271   -0.002271 (VIOLATED)
_11983_/A1                              1.000000    1.002271   -0.002271 (VIOLATED)
hold2666/X                              1.000000    1.002271   -0.002271 (VIOLATED)

max fanout

Pin                                   Limit Fanout  Slack
---------------------------------------------------------
_06691_/X                                16     33    -17 (VIOLATED)
_11912_/X                                16     33    -17 (VIOLATED)
_13218_/Q                                16     33    -17 (VIOLATED)
fanout105/X                              16     33    -17 (VIOLATED)
fanout109/X                              16     33    -17 (VIOLATED)
fanout111/X                              16     33    -17 (VIOLATED)
fanout112/X                              16     33    -17 (VIOLATED)
fanout122/X                              16     33    -17 (VIOLATED)
fanout124/X                              16     33    -17 (VIOLATED)
fanout125/X                              16     33    -17 (VIOLATED)
fanout126/X                              16     33    -17 (VIOLATED)
fanout127/X                              16     33    -17 (VIOLATED)
fanout128/X                              16     33    -17 (VIOLATED)
fanout131/X                              16     33    -17 (VIOLATED)
fanout134/X                              16     33    -17 (VIOLATED)
fanout135/X                              16     33    -17 (VIOLATED)
fanout136/X                              16     33    -17 (VIOLATED)
fanout139/X                              16     33    -17 (VIOLATED)
fanout140/X                              16     33    -17 (VIOLATED)
fanout145/X                              16     33    -17 (VIOLATED)
fanout147/X                              16     33    -17 (VIOLATED)
fanout148/X                              16     33    -17 (VIOLATED)
fanout149/X                              16     33    -17 (VIOLATED)
fanout150/X                              16     33    -17 (VIOLATED)
fanout151/X                              16     33    -17 (VIOLATED)
fanout152/X                              16     33    -17 (VIOLATED)
fanout153/X                              16     33    -17 (VIOLATED)
fanout154/X                              16     33    -17 (VIOLATED)
fanout155/X                              16     33    -17 (VIOLATED)
fanout156/X                              16     33    -17 (VIOLATED)
fanout157/X                              16     33    -17 (VIOLATED)
fanout158/X                              16     33    -17 (VIOLATED)
fanout159/X                              16     33    -17 (VIOLATED)
fanout160/X                              16     33    -17 (VIOLATED)
fanout161/X                              16     33    -17 (VIOLATED)
fanout162/X                              16     33    -17 (VIOLATED)
fanout163/X                              16     33    -17 (VIOLATED)
fanout164/X                              16     33    -17 (VIOLATED)
fanout165/X                              16     33    -17 (VIOLATED)
fanout166/X                              16     33    -17 (VIOLATED)
fanout167/X                              16     33    -17 (VIOLATED)
fanout168/X                              16     33    -17 (VIOLATED)
fanout169/X                              16     33    -17 (VIOLATED)
fanout170/X                              16     33    -17 (VIOLATED)
fanout171/X                              16     33    -17 (VIOLATED)
fanout172/X                              16     33    -17 (VIOLATED)
fanout173/X                              16     33    -17 (VIOLATED)
fanout174/X                              16     33    -17 (VIOLATED)
fanout175/X                              16     33    -17 (VIOLATED)
fanout176/X                              16     33    -17 (VIOLATED)
fanout177/X                              16     33    -17 (VIOLATED)
fanout178/X                              16     33    -17 (VIOLATED)
fanout179/X                              16     33    -17 (VIOLATED)
fanout180/X                              16     33    -17 (VIOLATED)
fanout181/X                              16     33    -17 (VIOLATED)
fanout182/X                              16     33    -17 (VIOLATED)
fanout183/X                              16     33    -17 (VIOLATED)
fanout184/X                              16     33    -17 (VIOLATED)
fanout185/X                              16     33    -17 (VIOLATED)
fanout186/X                              16     33    -17 (VIOLATED)
fanout187/X                              16     33    -17 (VIOLATED)
fanout188/X                              16     33    -17 (VIOLATED)
fanout189/X                              16     33    -17 (VIOLATED)
fanout190/X                              16     33    -17 (VIOLATED)
fanout191/X                              16     33    -17 (VIOLATED)
fanout192/X                              16     33    -17 (VIOLATED)
fanout193/X                              16     33    -17 (VIOLATED)
fanout194/X                              16     33    -17 (VIOLATED)
fanout195/X                              16     33    -17 (VIOLATED)
fanout196/X                              16     33    -17 (VIOLATED)
fanout197/X                              16     33    -17 (VIOLATED)
fanout198/X                              16     33    -17 (VIOLATED)
fanout199/X                              16     33    -17 (VIOLATED)
fanout200/X                              16     33    -17 (VIOLATED)
fanout201/X                              16     33    -17 (VIOLATED)
fanout202/X                              16     33    -17 (VIOLATED)
fanout203/X                              16     33    -17 (VIOLATED)
fanout204/X                              16     33    -17 (VIOLATED)
fanout205/X                              16     33    -17 (VIOLATED)
fanout206/X                              16     33    -17 (VIOLATED)
fanout211/X                              16     33    -17 (VIOLATED)
fanout212/X                              16     33    -17 (VIOLATED)
fanout213/X                              16     33    -17 (VIOLATED)
fanout214/X                              16     33    -17 (VIOLATED)
fanout215/X                              16     33    -17 (VIOLATED)
fanout216/X                              16     33    -17 (VIOLATED)
fanout217/X                              16     33    -17 (VIOLATED)
fanout218/X                              16     33    -17 (VIOLATED)
fanout221/X                              16     33    -17 (VIOLATED)
fanout223/X                              16     33    -17 (VIOLATED)
fanout225/X                              16     33    -17 (VIOLATED)
fanout226/X                              16     33    -17 (VIOLATED)
fanout227/X                              16     33    -17 (VIOLATED)
fanout228/X                              16     33    -17 (VIOLATED)
fanout229/X                              16     33    -17 (VIOLATED)
fanout230/X                              16     33    -17 (VIOLATED)
fanout231/X                              16     33    -17 (VIOLATED)
fanout233/X                              16     33    -17 (VIOLATED)
fanout235/X                              16     33    -17 (VIOLATED)
fanout236/X                              16     33    -17 (VIOLATED)
fanout237/X                              16     33    -17 (VIOLATED)
fanout240/X                              16     33    -17 (VIOLATED)
fanout241/X                              16     33    -17 (VIOLATED)
fanout242/X                              16     33    -17 (VIOLATED)
fanout243/X                              16     33    -17 (VIOLATED)
fanout244/X                              16     33    -17 (VIOLATED)
fanout245/X                              16     33    -17 (VIOLATED)
fanout246/X                              16     33    -17 (VIOLATED)
fanout248/X                              16     33    -17 (VIOLATED)
fanout250/X                              16     33    -17 (VIOLATED)
fanout254/X                              16     33    -17 (VIOLATED)
fanout257/X                              16     33    -17 (VIOLATED)
fanout259/X                              16     33    -17 (VIOLATED)
fanout260/X                              16     33    -17 (VIOLATED)
fanout261/X                              16     33    -17 (VIOLATED)
fanout262/X                              16     33    -17 (VIOLATED)
fanout263/X                              16     33    -17 (VIOLATED)
fanout264/X                              16     33    -17 (VIOLATED)
fanout265/X                              16     33    -17 (VIOLATED)
fanout266/X                              16     33    -17 (VIOLATED)
fanout268/X                              16     33    -17 (VIOLATED)
fanout270/X                              16     33    -17 (VIOLATED)
fanout271/X                              16     33    -17 (VIOLATED)
fanout276/X                              16     33    -17 (VIOLATED)
fanout278/X                              16     33    -17 (VIOLATED)
fanout281/X                              16     33    -17 (VIOLATED)
fanout282/X                              16     33    -17 (VIOLATED)
fanout283/X                              16     33    -17 (VIOLATED)
fanout285/X                              16     33    -17 (VIOLATED)
fanout286/X                              16     33    -17 (VIOLATED)
fanout287/X                              16     33    -17 (VIOLATED)
fanout289/X                              16     33    -17 (VIOLATED)
fanout290/X                              16     33    -17 (VIOLATED)
fanout291/X                              16     33    -17 (VIOLATED)
fanout293/X                              16     33    -17 (VIOLATED)
fanout294/X                              16     33    -17 (VIOLATED)
fanout295/X                              16     33    -17 (VIOLATED)
fanout297/X                              16     33    -17 (VIOLATED)
fanout298/X                              16     33    -17 (VIOLATED)
fanout299/X                              16     33    -17 (VIOLATED)
fanout300/X                              16     33    -17 (VIOLATED)
fanout301/X                              16     33    -17 (VIOLATED)
fanout302/X                              16     33    -17 (VIOLATED)
fanout303/X                              16     33    -17 (VIOLATED)
fanout305/X                              16     33    -17 (VIOLATED)
fanout306/X                              16     33    -17 (VIOLATED)
fanout307/X                              16     33    -17 (VIOLATED)
fanout310/X                              16     33    -17 (VIOLATED)
fanout311/X                              16     33    -17 (VIOLATED)
fanout312/X                              16     33    -17 (VIOLATED)
fanout313/X                              16     33    -17 (VIOLATED)
fanout314/X                              16     33    -17 (VIOLATED)
fanout315/X                              16     33    -17 (VIOLATED)
fanout316/X                              16     33    -17 (VIOLATED)
fanout317/X                              16     33    -17 (VIOLATED)
fanout318/X                              16     33    -17 (VIOLATED)
fanout320/X                              16     33    -17 (VIOLATED)
fanout321/X                              16     33    -17 (VIOLATED)
fanout323/X                              16     33    -17 (VIOLATED)
fanout324/X                              16     33    -17 (VIOLATED)
fanout325/X                              16     33    -17 (VIOLATED)
fanout326/X                              16     33    -17 (VIOLATED)
fanout328/X                              16     33    -17 (VIOLATED)
fanout330/X                              16     33    -17 (VIOLATED)
fanout332/X                              16     33    -17 (VIOLATED)
fanout333/X                              16     33    -17 (VIOLATED)
fanout335/X                              16     33    -17 (VIOLATED)
fanout336/X                              16     33    -17 (VIOLATED)
fanout339/X                              16     33    -17 (VIOLATED)
fanout340/X                              16     33    -17 (VIOLATED)
fanout343/X                              16     33    -17 (VIOLATED)
fanout344/X                              16     33    -17 (VIOLATED)
fanout346/X                              16     33    -17 (VIOLATED)
fanout348/X                              16     33    -17 (VIOLATED)
fanout350/X                              16     33    -17 (VIOLATED)
fanout352/X                              16     33    -17 (VIOLATED)
fanout354/X                              16     33    -17 (VIOLATED)
fanout356/X                              16     33    -17 (VIOLATED)
fanout359/X                              16     33    -17 (VIOLATED)
fanout361/X                              16     33    -17 (VIOLATED)
fanout362/X                              16     33    -17 (VIOLATED)
fanout364/X                              16     33    -17 (VIOLATED)
fanout365/X                              16     33    -17 (VIOLATED)
fanout366/X                              16     33    -17 (VIOLATED)
fanout367/X                              16     33    -17 (VIOLATED)
fanout369/X                              16     33    -17 (VIOLATED)
fanout370/X                              16     33    -17 (VIOLATED)
fanout372/X                              16     33    -17 (VIOLATED)
fanout374/X                              16     33    -17 (VIOLATED)
fanout375/X                              16     33    -17 (VIOLATED)
fanout376/X                              16     33    -17 (VIOLATED)
fanout377/X                              16     33    -17 (VIOLATED)
fanout378/X                              16     33    -17 (VIOLATED)
fanout379/X                              16     33    -17 (VIOLATED)
fanout380/X                              16     33    -17 (VIOLATED)
fanout381/X                              16     33    -17 (VIOLATED)
fanout382/X                              16     33    -17 (VIOLATED)
fanout385/X                              16     33    -17 (VIOLATED)
fanout386/X                              16     33    -17 (VIOLATED)
fanout387/X                              16     33    -17 (VIOLATED)
fanout388/X                              16     33    -17 (VIOLATED)
fanout389/X                              16     33    -17 (VIOLATED)
fanout391/X                              16     33    -17 (VIOLATED)
fanout395/X                              16     33    -17 (VIOLATED)
fanout396/X                              16     33    -17 (VIOLATED)
fanout397/X                              16     33    -17 (VIOLATED)
fanout398/X                              16     33    -17 (VIOLATED)
fanout399/X                              16     33    -17 (VIOLATED)
fanout400/X                              16     33    -17 (VIOLATED)
fanout401/X                              16     33    -17 (VIOLATED)
fanout404/X                              16     33    -17 (VIOLATED)
fanout405/X                              16     33    -17 (VIOLATED)
fanout406/X                              16     33    -17 (VIOLATED)
fanout407/X                              16     33    -17 (VIOLATED)
fanout408/X                              16     33    -17 (VIOLATED)
fanout409/X                              16     33    -17 (VIOLATED)
fanout410/X                              16     33    -17 (VIOLATED)
fanout411/X                              16     33    -17 (VIOLATED)
fanout415/X                              16     33    -17 (VIOLATED)
fanout417/X                              16     33    -17 (VIOLATED)
fanout418/X                              16     33    -17 (VIOLATED)
fanout420/X                              16     33    -17 (VIOLATED)
fanout422/X                              16     33    -17 (VIOLATED)
fanout423/X                              16     33    -17 (VIOLATED)
fanout424/X                              16     33    -17 (VIOLATED)
fanout425/X                              16     33    -17 (VIOLATED)
fanout426/X                              16     33    -17 (VIOLATED)
fanout427/X                              16     33    -17 (VIOLATED)
fanout428/X                              16     33    -17 (VIOLATED)
fanout429/X                              16     33    -17 (VIOLATED)
fanout432/X                              16     33    -17 (VIOLATED)
fanout433/X                              16     33    -17 (VIOLATED)
fanout434/X                              16     33    -17 (VIOLATED)
fanout435/X                              16     33    -17 (VIOLATED)
fanout436/X                              16     33    -17 (VIOLATED)
fanout438/X                              16     33    -17 (VIOLATED)
fanout441/X                              16     33    -17 (VIOLATED)
fanout442/X                              16     33    -17 (VIOLATED)
fanout443/X                              16     33    -17 (VIOLATED)
fanout444/X                              16     33    -17 (VIOLATED)
fanout445/X                              16     33    -17 (VIOLATED)
fanout446/X                              16     33    -17 (VIOLATED)
fanout447/X                              16     33    -17 (VIOLATED)
fanout450/X                              16     33    -17 (VIOLATED)
fanout451/X                              16     33    -17 (VIOLATED)
fanout452/X                              16     33    -17 (VIOLATED)
fanout453/X                              16     33    -17 (VIOLATED)
fanout454/X                              16     33    -17 (VIOLATED)
fanout456/X                              16     33    -17 (VIOLATED)
fanout463/X                              16     33    -17 (VIOLATED)
fanout464/X                              16     33    -17 (VIOLATED)
fanout465/X                              16     33    -17 (VIOLATED)
fanout466/X                              16     33    -17 (VIOLATED)
fanout467/X                              16     33    -17 (VIOLATED)
fanout468/X                              16     33    -17 (VIOLATED)
fanout469/X                              16     33    -17 (VIOLATED)
fanout470/X                              16     33    -17 (VIOLATED)
fanout471/X                              16     33    -17 (VIOLATED)
fanout473/X                              16     33    -17 (VIOLATED)
fanout474/X                              16     33    -17 (VIOLATED)
fanout475/X                              16     33    -17 (VIOLATED)
fanout476/X                              16     33    -17 (VIOLATED)
fanout477/X                              16     33    -17 (VIOLATED)
fanout478/X                              16     33    -17 (VIOLATED)
fanout479/X                              16     33    -17 (VIOLATED)
fanout480/X                              16     33    -17 (VIOLATED)
fanout483/X                              16     33    -17 (VIOLATED)
fanout486/X                              16     33    -17 (VIOLATED)
fanout490/X                              16     33    -17 (VIOLATED)
fanout497/X                              16     33    -17 (VIOLATED)
fanout503/X                              16     33    -17 (VIOLATED)
fanout504/X                              16     33    -17 (VIOLATED)
fanout511/X                              16     33    -17 (VIOLATED)
fanout512/X                              16     33    -17 (VIOLATED)
fanout515/X                              16     33    -17 (VIOLATED)
fanout517/X                              16     33    -17 (VIOLATED)
fanout518/X                              16     33    -17 (VIOLATED)
fanout92/X                               16     33    -17 (VIOLATED)
fanout97/X                               16     33    -17 (VIOLATED)
fanout99/X                               16     33    -17 (VIOLATED)
_06250_/Y                                16     31    -15 (VIOLATED)
fanout247/X                              16     31    -15 (VIOLATED)
fanout258/X                              16     31    -15 (VIOLATED)
fanout272/X                              16     31    -15 (VIOLATED)
fanout288/X                              16     31    -15 (VIOLATED)
fanout308/X                              16     31    -15 (VIOLATED)
fanout319/X                              16     31    -15 (VIOLATED)
fanout322/X                              16     31    -15 (VIOLATED)
fanout331/X                              16     31    -15 (VIOLATED)
fanout392/X                              16     31    -15 (VIOLATED)
fanout485/X                              16     31    -15 (VIOLATED)
fanout492/X                              16     31    -15 (VIOLATED)
fanout500/X                              16     31    -15 (VIOLATED)
_06175_/Y                                16     29    -13 (VIOLATED)
_13687_/Q                                16     29    -13 (VIOLATED)
fanout327/X                              16     29    -13 (VIOLATED)
fanout355/X                              16     29    -13 (VIOLATED)
fanout363/X                              16     29    -13 (VIOLATED)
fanout368/X                              16     29    -13 (VIOLATED)
fanout390/X                              16     29    -13 (VIOLATED)
fanout416/X                              16     29    -13 (VIOLATED)
fanout430/X                              16     29    -13 (VIOLATED)
fanout437/X                              16     29    -13 (VIOLATED)
fanout439/X                              16     29    -13 (VIOLATED)
fanout448/X                              16     29    -13 (VIOLATED)
fanout455/X                              16     29    -13 (VIOLATED)
fanout457/X                              16     29    -13 (VIOLATED)
_06136_/Y                                16     28    -12 (VIOLATED)
fanout383/X                              16     27    -11 (VIOLATED)
fanout402/X                              16     27    -11 (VIOLATED)
fanout431/X                              16     27    -11 (VIOLATED)
fanout449/X                              16     27    -11 (VIOLATED)
fanout462/X                              16     27    -11 (VIOLATED)
fanout510/X                              16     27    -11 (VIOLATED)
_06178_/Y                                16     25     -9 (VIOLATED)
_06688_/Y                                16     25     -9 (VIOLATED)
clkbuf_5_10__f_clk/X                     16     25     -9 (VIOLATED)
fanout224/X                              16     25     -9 (VIOLATED)
fanout284/X                              16     25     -9 (VIOLATED)
fanout296/X                              16     25     -9 (VIOLATED)
fanout334/X                              16     25     -9 (VIOLATED)
fanout351/X                              16     25     -9 (VIOLATED)
fanout484/X                              16     25     -9 (VIOLATED)
_06412_/X                                16     23     -7 (VIOLATED)
fanout256/X                              16     23     -7 (VIOLATED)
fanout347/X                              16     23     -7 (VIOLATED)
fanout419/X                              16     23     -7 (VIOLATED)
fanout482/X                              16     23     -7 (VIOLATED)
fanout519/X                              16     23     -7 (VIOLATED)
_06176_/Y                                16     21     -5 (VIOLATED)
_11203_/X                                16     21     -5 (VIOLATED)
clkbuf_5_11__f_clk/X                     16     21     -5 (VIOLATED)
fanout249/X                              16     21     -5 (VIOLATED)
fanout269/X                              16     21     -5 (VIOLATED)
fanout342/X                              16     21     -5 (VIOLATED)
fanout349/X                              16     21     -5 (VIOLATED)
fanout360/X                              16     21     -5 (VIOLATED)
fanout413/X                              16     21     -5 (VIOLATED)
fanout514/X                              16     21     -5 (VIOLATED)
hold2744/X                               16     21     -5 (VIOLATED)
_06109_/Y                                16     19     -3 (VIOLATED)
_11205_/X                                16     19     -3 (VIOLATED)
_13219_/Q                                16     19     -3 (VIOLATED)
clkbuf_5_15__f_clk/X                     16     19     -3 (VIOLATED)
clkbuf_5_16__f_clk/X                     16     19     -3 (VIOLATED)
clkbuf_5_17__f_clk/X                     16     19     -3 (VIOLATED)
clkbuf_5_18__f_clk/X                     16     19     -3 (VIOLATED)
clkbuf_5_19__f_clk/X                     16     19     -3 (VIOLATED)
clkbuf_5_20__f_clk/X                     16     19     -3 (VIOLATED)
clkbuf_5_23__f_clk/X                     16     19     -3 (VIOLATED)
clkbuf_5_30__f_clk/X                     16     19     -3 (VIOLATED)
clkbuf_5_31__f_clk/X                     16     19     -3 (VIOLATED)
clkbuf_5_9__f_clk/X                      16     19     -3 (VIOLATED)
clkbuf_leaf_49_clk/X                     16     19     -3 (VIOLATED)
fanout129/X                              16     19     -3 (VIOLATED)
fanout222/X                              16     19     -3 (VIOLATED)
fanout267/X                              16     19     -3 (VIOLATED)
fanout277/X                              16     19     -3 (VIOLATED)
fanout304/X                              16     19     -3 (VIOLATED)
fanout341/X                              16     19     -3 (VIOLATED)
fanout345/X                              16     19     -3 (VIOLATED)
fanout358/X                              16     19     -3 (VIOLATED)
fanout371/X                              16     19     -3 (VIOLATED)
fanout393/X                              16     19     -3 (VIOLATED)
fanout421/X                              16     19     -3 (VIOLATED)
fanout440/X                              16     19     -3 (VIOLATED)
fanout458/X                              16     19     -3 (VIOLATED)
fanout461/X                              16     19     -3 (VIOLATED)
fanout472/X                              16     19     -3 (VIOLATED)
hold1501/X                               16     19     -3 (VIOLATED)
hold2923/X                               16     19     -3 (VIOLATED)
_06207_/X                                16     17        (VIOLATED)
_06261_/X                                16     17        (VIOLATED)
_06687_/X                                16     17        (VIOLATED)
_13518_/Q                                16     17        (VIOLATED)
_13519_/Q                                16     17        (VIOLATED)
clkbuf_0_clk/X                           16     17        (VIOLATED)
clkbuf_5_12__f_clk/X                     16     17        (VIOLATED)
clkbuf_5_14__f_clk/X                     16     17        (VIOLATED)
clkbuf_5_22__f_clk/X                     16     17        (VIOLATED)
clkbuf_5_29__f_clk/X                     16     17        (VIOLATED)
clkbuf_5_2__f_clk/X                      16     17        (VIOLATED)
clkbuf_5_8__f_clk/X                      16     17        (VIOLATED)
clkbuf_leaf_46_clk/X                     16     17        (VIOLATED)
clkbuf_leaf_67_clk/X                     16     17        (VIOLATED)
fanout146/X                              16     17        (VIOLATED)
fanout251/X                              16     17        (VIOLATED)
fanout255/X                              16     17        (VIOLATED)
fanout309/X                              16     17        (VIOLATED)
fanout329/X                              16     17        (VIOLATED)
fanout337/X                              16     17        (VIOLATED)
fanout338/X                              16     17        (VIOLATED)
fanout353/X                              16     17        (VIOLATED)
fanout373/X                              16     17        (VIOLATED)
fanout384/X                              16     17        (VIOLATED)
fanout394/X                              16     17        (VIOLATED)
fanout403/X                              16     17        (VIOLATED)
fanout412/X                              16     17        (VIOLATED)
fanout414/X                              16     17        (VIOLATED)
fanout487/X                              16     17        (VIOLATED)
fanout496/X                              16     17        (VIOLATED)
fanout505/X                              16     17        (VIOLATED)
hold2037/X                               16     17        (VIOLATED)
hold2550/X                               16     17        (VIOLATED)
hold2617/X                               16     17        (VIOLATED)
hold2625/X                               16     17        (VIOLATED)

max capacitance

Pin                                        Limit         Cap       Slack
------------------------------------------------------------------------
_06225_/Y                               0.065012    0.078031   -0.013019 (VIOLATED)
hold2659/X                              0.100718    0.112581   -0.011863 (VIOLATED)
hold2426/X                              0.100718    0.108450   -0.007732 (VIOLATED)



===========================================================================
report_parasitic_annotation -report_unannotated
============================================================================
Found 338 unannotated drivers.
 io_in[0]
 io_in[10]
 io_in[11]
 io_in[12]
 io_in[13]
 io_in[14]
 io_in[15]
 io_in[16]
 io_in[17]
 io_in[18]
 io_in[19]
 io_in[1]
 io_in[20]
 io_in[22]
 io_in[23]
 io_in[24]
 io_in[25]
 io_in[26]
 io_in[27]
 io_in[28]
 io_in[29]
 io_in[2]
 io_in[30]
 io_in[31]
 io_in[32]
 io_in[33]
 io_in[34]
 io_in[35]
 io_in[36]
 io_in[37]
 io_in[3]
 io_in[4]
 io_in[5]
 io_in[6]
 io_in[7]
 io_in[8]
 io_in[9]
 _13585__560/HI
 _13586__571/HI
 _13587__570/HI
 _13588__569/HI
 _13589__568/HI
 _13590__567/HI
 _13591__566/HI
 _13592__565/HI
 _13593__564/HI
 _13594__563/HI
 _13595__562/HI
 _13596__561/HI
 clkload0/Y
 clkload1/X
 clkload10/Y
 clkload100/X
 clkload101/X
 clkload102/Y
 clkload103/X
 clkload104/Y
 clkload105/Y
 clkload106/Y
 clkload107/Y
 clkload108/Y
 clkload109/Y
 clkload11/Y
 clkload110/Y
 clkload111/Y
 clkload112/Y
 clkload113/Y
 clkload114/Y
 clkload115/Y
 clkload116/Y
 clkload117/X
 clkload118/Y
 clkload119/X
 clkload12/X
 clkload120/X
 clkload121/X
 clkload122/Y
 clkload123/X
 clkload124/Y
 clkload125/X
 clkload126/Y
 clkload127/Y
 clkload128/Y
 clkload129/Y
 clkload13/X
 clkload130/Y
 clkload131/Y
 clkload132/Y
 clkload133/Y
 clkload134/Y
 clkload135/Y
 clkload136/Y
 clkload137/Y
 clkload138/X
 clkload139/Y
 clkload14/X
 clkload140/Y
 clkload141/Y
 clkload142/X
 clkload143/Y
 clkload144/Y
 clkload145/Y
 clkload146/X
 clkload147/Y
 clkload148/X
 clkload149/Y
 clkload15/X
 clkload150/Y
 clkload151/Y
 clkload152/X
 clkload153/Y
 clkload154/X
 clkload155/Y
 clkload156/Y
 clkload157/Y
 clkload158/Y
 clkload159/Y
 clkload16/Y
 clkload160/X
 clkload161/X
 clkload162/Y
 clkload163/Y
 clkload164/Y
 clkload165/X
 clkload166/Y
 clkload167/Y
 clkload168/Y
 clkload169/Y
 clkload17/Y
 clkload170/Y
 clkload171/X
 clkload172/X
 clkload173/X
 clkload174/X
 clkload175/Y
 clkload176/Y
 clkload177/Y
 clkload178/Y
 clkload179/Y
 clkload18/X
 clkload180/Y
 clkload181/X
 clkload182/Y
 clkload183/Y
 clkload184/Y
 clkload185/Y
 clkload186/Y
 clkload187/Y
 clkload188/Y
 clkload189/Y
 clkload19/X
 clkload190/Y
 clkload191/Y
 clkload192/X
 clkload193/Y
 clkload194/Y
 clkload195/X
 clkload196/Y
 clkload197/Y
 clkload198/Y
 clkload199/X
 clkload2/Y
 clkload20/X
 clkload200/X
 clkload201/Y
 clkload202/Y
 clkload203/Y
 clkload204/X
 clkload205/Y
 clkload206/Y
 clkload207/Y
 clkload208/Y
 clkload209/Y
 clkload21/Y
 clkload210/Y
 clkload211/Y
 clkload22/Y
 clkload23/X
 clkload24/Y
 clkload25/Y
 clkload26/X
 clkload27/Y
 clkload28/X
 clkload29/Y
 clkload3/X
 clkload30/Y
 clkload31/Y
 clkload32/Y
 clkload33/Y
 clkload34/Y
 clkload35/Y
 clkload36/X
 clkload37/Y
 clkload38/Y
 clkload39/Y
 clkload4/X
 clkload40/X
 clkload41/Y
 clkload42/Y
 clkload43/Y
 clkload44/Y
 clkload45/Y
 clkload46/Y
 clkload47/Y
 clkload48/Y
 clkload49/Y
 clkload5/Y
 clkload50/Y
 clkload51/Y
 clkload52/Y
 clkload53/X
 clkload54/Y
 clkload55/Y
 clkload56/Y
 clkload57/X
 clkload58/X
 clkload59/Y
 clkload6/Y
 clkload60/Y
 clkload61/X
 clkload62/Y
 clkload63/Y
 clkload64/Y
 clkload65/Y
 clkload66/Y
 clkload67/Y
 clkload68/X
 clkload69/Y
 clkload7/Y
 clkload70/Y
 clkload71/Y
 clkload72/Y
 clkload73/Y
 clkload74/Y
 clkload75/Y
 clkload76/Y
 clkload77/Y
 clkload78/Y
 clkload79/Y
 clkload8/Y
 clkload80/Y
 clkload81/Y
 clkload82/Y
 clkload83/X
 clkload84/Y
 clkload85/Y
 clkload86/Y
 clkload87/Y
 clkload88/Y
 clkload89/Y
 clkload9/Y
 clkload90/Y
 clkload91/Y
 clkload92/Y
 clkload93/X
 clkload94/Y
 clkload95/Y
 clkload96/Y
 clkload97/X
 clkload98/Y
 clkload99/Y
 picorv32_soc_520/HI
 picorv32_soc_521/HI
 picorv32_soc_522/HI
 picorv32_soc_523/HI
 picorv32_soc_524/HI
 picorv32_soc_525/HI
 picorv32_soc_526/HI
 picorv32_soc_527/HI
 picorv32_soc_528/HI
 picorv32_soc_529/HI
 picorv32_soc_530/HI
 picorv32_soc_531/HI
 picorv32_soc_532/HI
 picorv32_soc_533/HI
 picorv32_soc_534/HI
 picorv32_soc_535/HI
 picorv32_soc_536/HI
 picorv32_soc_537/HI
 picorv32_soc_538/HI
 picorv32_soc_539/HI
 picorv32_soc_540/HI
 picorv32_soc_541/HI
 picorv32_soc_542/HI
 picorv32_soc_543/HI
 picorv32_soc_544/HI
 picorv32_soc_545/HI
 picorv32_soc_546/HI
 picorv32_soc_547/HI
 picorv32_soc_548/HI
 picorv32_soc_549/HI
 picorv32_soc_550/HI
 picorv32_soc_551/HI
 picorv32_soc_552/HI
 picorv32_soc_553/HI
 picorv32_soc_554/HI
 picorv32_soc_555/HI
 picorv32_soc_556/HI
 picorv32_soc_557/HI
 picorv32_soc_558/HI
 picorv32_soc_559/HI
 picorv32_soc_572/LO
 picorv32_soc_573/LO
 picorv32_soc_574/LO
 picorv32_soc_575/LO
 picorv32_soc_576/LO
 picorv32_soc_577/LO
 picorv32_soc_578/LO
 picorv32_soc_579/LO
 picorv32_soc_580/LO
 picorv32_soc_581/LO
 picorv32_soc_582/LO
 picorv32_soc_583/LO
 picorv32_soc_584/LO
 picorv32_soc_585/LO
 picorv32_soc_586/LO
 picorv32_soc_587/LO
 picorv32_soc_588/LO
 picorv32_soc_589/LO
 picorv32_soc_590/LO
 picorv32_soc_591/LO
 picorv32_soc_592/LO
 picorv32_soc_593/LO
 picorv32_soc_594/LO
 picorv32_soc_595/LO
 picorv32_soc_596/LO
 picorv32_soc_597/LO
 picorv32_soc_598/LO
 picorv32_soc_599/LO
 picorv32_soc_600/LO
 picorv32_soc_601/LO
 picorv32_soc_602/LO
 picorv32_soc_603/LO
 picorv32_soc_604/LO
 picorv32_soc_605/LO
 picorv32_soc_606/LO
 picorv32_soc_607/LO
 picorv32_soc_608/LO
Found 0 partially unannotated drivers.

===========================================================================
max slew violation count 446
max fanout violation count 406
max cap violation count 3
============================================================================

===========================================================================
check_setup -verbose -unconstrained_endpoints -multiple_clock -no_clock -no_input_delay -loops -generated_clocks
===========================================================================
Warning: There are 71 input ports missing set_input_delay.
  io_in[0]
  io_in[10]
  io_in[11]
  io_in[12]
  io_in[13]
  io_in[14]
  io_in[15]
  io_in[16]
  io_in[17]
  io_in[18]
  io_in[19]
  io_in[1]
  io_in[20]
  io_in[21]
  io_in[22]
  io_in[23]
  io_in[24]
  io_in[25]
  io_in[26]
  io_in[27]
  io_in[28]
  io_in[29]
  io_in[2]
  io_in[30]
  io_in[31]
  io_in[32]
  io_in[33]
  io_in[34]
  io_in[35]
  io_in[36]
  io_in[37]
  io_in[3]
  io_in[4]
  io_in[5]
  io_in[6]
  io_in[7]
  io_in[8]
  io_in[9]
  mem_rdata[0]
  mem_rdata[10]
  mem_rdata[11]
  mem_rdata[12]
  mem_rdata[13]
  mem_rdata[14]
  mem_rdata[15]
  mem_rdata[16]
  mem_rdata[17]
  mem_rdata[18]
  mem_rdata[19]
  mem_rdata[1]
  mem_rdata[20]
  mem_rdata[21]
  mem_rdata[22]
  mem_rdata[23]
  mem_rdata[24]
  mem_rdata[25]
  mem_rdata[26]
  mem_rdata[27]
  mem_rdata[28]
  mem_rdata[29]
  mem_rdata[2]
  mem_rdata[30]
  mem_rdata[31]
  mem_rdata[3]
  mem_rdata[4]
  mem_rdata[5]
  mem_rdata[6]
  mem_rdata[7]
  mem_rdata[8]
  mem_rdata[9]
  rst_n
Warning: There are 138 unconstrained endpoints.
  io_oeb[0]
  io_oeb[10]
  io_oeb[11]
  io_oeb[12]
  io_oeb[13]
  io_oeb[14]
  io_oeb[15]
  io_oeb[16]
  io_oeb[17]
  io_oeb[18]
  io_oeb[19]
  io_oeb[1]
  io_oeb[20]
  io_oeb[21]
  io_oeb[22]
  io_oeb[23]
  io_oeb[24]
  io_oeb[25]
  io_oeb[26]
  io_oeb[27]
  io_oeb[28]
  io_oeb[29]
  io_oeb[2]
  io_oeb[30]
  io_oeb[31]
  io_oeb[32]
  io_oeb[33]
  io_oeb[34]
  io_oeb[35]
  io_oeb[36]
  io_oeb[37]
  io_oeb[3]
  io_oeb[4]
  io_oeb[5]
  io_oeb[6]
  io_oeb[7]
  io_oeb[8]
  io_oeb[9]
  io_out[0]
  io_out[10]
  io_out[11]
  io_out[12]
  io_out[13]
  io_out[14]
  io_out[15]
  io_out[16]
  io_out[17]
  io_out[18]
  io_out[19]
  io_out[1]
  io_out[20]
  io_out[21]
  io_out[22]
  io_out[23]
  io_out[24]
  io_out[25]
  io_out[26]
  io_out[27]
  io_out[28]
  io_out[29]
  io_out[2]
  io_out[30]
  io_out[31]
  io_out[32]
  io_out[33]
  io_out[34]
  io_out[35]
  io_out[36]
  io_out[37]
  io_out[3]
  io_out[4]
  io_out[5]
  io_out[6]
  io_out[7]
  io_out[8]
  io_out[9]
  irq_out[0]
  irq_out[1]
  irq_out[2]
  mem_addr[0]
  mem_addr[1]
  mem_addr[2]
  mem_addr[3]
  mem_addr[4]
  mem_addr[5]
  mem_addr[6]
  mem_addr[7]
  mem_addr[8]
  mem_en
  mem_wdata[0]
  mem_wdata[10]
  mem_wdata[11]
  mem_wdata[12]
  mem_wdata[13]
  mem_wdata[14]
  mem_wdata[15]
  mem_wdata[16]
  mem_wdata[17]
  mem_wdata[18]
  mem_wdata[19]
  mem_wdata[1]
  mem_wdata[20]
  mem_wdata[21]
  mem_wdata[22]
  mem_wdata[23]
  mem_wdata[24]
  mem_wdata[25]
  mem_wdata[26]
  mem_wdata[27]
  mem_wdata[28]
  mem_wdata[29]
  mem_wdata[2]
  mem_wdata[30]
  mem_wdata[31]
  mem_wdata[3]
  mem_wdata[4]
  mem_wdata[5]
  mem_wdata[6]
  mem_wdata[7]
  mem_wdata[8]
  mem_wdata[9]
  mem_we[0]
  mem_we[1]
  mem_we[2]
  mem_we[3]
  _13532_/D
  _13585_/D
  _13586_/D
  _13587_/D
  _13588_/D
  _13589_/D
  _13590_/D
  _13591_/D
  _13592_/D
  _13593_/D
  _13594_/D
  _13595_/D
  _13596_/D
