Clock: clk
Sources: clk 
Generated: no
Virtual: yes
Propagated: no
Period: 25.000000

===========================================================================
report_clock_properties
============================================================================
Clock                   Period          Waveform
----------------------------------------------------
clk                  25.000000    0.000000 12.500000

===========================================================================
report_clock_latency
============================================================================
Clock clk
rise -> rise
    min     max
4.650000 5.570000 source latency
6.080353         network latency _13182_/CLK
        7.527772 network latency _13399_/CLK
---------------
10.730353 13.097773 latency
        2.367418 skew

fall -> fall
    min     max
4.650000 5.570000 source latency
6.051389         network latency _13182_/CLK
        7.431901 network latency _13399_/CLK
---------------
10.701388 13.001901 latency
        2.300512 skew



===========================================================================
report_clock_min_period
============================================================================
clk period_min = 21.18 fmax = 47.20
