Clock: clk
Sources: clk 
Generated: no
Virtual: yes
Propagated: no
Period: 25.000000

===========================================================================
report_clock_properties
============================================================================
Clock                   Period          Waveform
----------------------------------------------------
clk                  25.000000    0.000000 12.500000

===========================================================================
report_clock_latency
============================================================================
Clock clk
rise -> rise
    min     max
4.650000 5.570000 source latency
6.604438         network latency _146_/CLK
        7.656521 network latency _134_/CLK
---------------
11.254437 13.226521 latency
        1.972083 skew

fall -> fall
    min     max
4.650000 5.570000 source latency
6.507359         network latency _146_/CLK
        7.547465 network latency _134_/CLK
---------------
11.157358 13.117465 latency
        1.960107 skew



===========================================================================
report_clock_min_period
============================================================================
clk period_min = 0.00 fmax = inf
