
===========================================================================
 report_power
============================================================================
======================= min_ss_100C_1v60 Corner ===================================

Group                    Internal    Switching      Leakage        Total
                            Power        Power        Power        Power (Watts)
------------------------------------------------------------------------
Sequential           4.082053e-05 8.129587e-07 6.574514e-07 4.229094e-05  12.1%
Combinational        5.930247e-05 1.434243e-04 5.713347e-06 2.084402e-04  59.4%
Clock                3.814054e-05 6.188256e-05 1.390069e-07 1.001621e-04  28.5%
Macro                0.000000e+00 0.000000e+00 0.000000e+00 0.000000e+00   0.0%
Pad                  0.000000e+00 0.000000e+00 0.000000e+00 0.000000e+00   0.0%
------------------------------------------------------------------------
Total                1.382636e-04 2.061199e-04 6.509794e-06 3.508932e-04 100.0%
                            39.4%        58.7%         1.9%

