
===========================================================================
report_checks -unconstrained
===========================================================================
======================= min_ss_100C_1v60 Corner ===================================

Startpoint: _13680_ (rising edge-triggered flip-flop clocked by clk)
Endpoint: _12630_ (rising edge-triggered flip-flop clocked by clk)
Path Group: clk
Path Type: max

Fanout         Cap        Slew       Delay        Time   Description
---------------------------------------------------------------------------------------------
                                  0.000000    0.000000   clock clk (rise edge)
                                  5.570000    5.570000   clock source latency
     2    0.059285    0.610000    0.000000    5.570000 ^ clk (in)
                                                         clk (net)
                      0.629072    0.009536    5.579536 ^ clkbuf_0_clk/A (sky130_fd_sc_hd__clkbuf_16)
    17    0.173946    0.283009    0.630301    6.209837 ^ clkbuf_0_clk/X (sky130_fd_sc_hd__clkbuf_16)
                                                         clknet_0_clk (net)
                      0.283757    0.010771    6.220608 ^ clkbuf_3_7_0_clk/A (sky130_fd_sc_hd__clkbuf_8)
     9    0.087588    0.247027    0.460727    6.681335 ^ clkbuf_3_7_0_clk/X (sky130_fd_sc_hd__clkbuf_8)
                                                         clknet_3_7_0_clk (net)
                      0.247105    0.004243    6.685579 ^ clkbuf_5_31__f_clk/A (sky130_fd_sc_hd__clkbuf_16)
    19    0.105929    0.184841    0.401727    7.087306 ^ clkbuf_5_31__f_clk/X (sky130_fd_sc_hd__clkbuf_16)
                                                         clknet_5_31__leaf_clk (net)
                      0.184852    0.001650    7.088956 ^ clkbuf_leaf_115_clk/A (sky130_fd_sc_hd__clkbuf_8)
     7    0.030987    0.108987    0.313729    7.402685 ^ clkbuf_leaf_115_clk/X (sky130_fd_sc_hd__clkbuf_8)
                                                         clknet_leaf_115_clk (net)
                      0.108987    0.000162    7.402846 ^ _13680_/CLK (sky130_fd_sc_hd__dfxtp_4)
    13    0.076811    0.354233    0.939156    8.342003 ^ _13680_/Q (sky130_fd_sc_hd__dfxtp_4)
                                                         u_picorv32.picorv32_core.cpu_state[1] (net)
                      0.354239    0.002133    8.344135 ^ hold3040/A (sky130_fd_sc_hd__dlygate4sd3_1)
     5    0.042684    0.649214    1.583310    9.927445 ^ hold3040/X (sky130_fd_sc_hd__dlygate4sd3_1)
                                                         net3648 (net)
                      0.649214    0.001255    9.928700 ^ _08942_/C (sky130_fd_sc_hd__and4_1)
     5    0.018420    0.310613    0.751354   10.680055 ^ _08942_/X (sky130_fd_sc_hd__and4_1)
                                                         _04563_ (net)
                      0.310613    0.000407   10.680461 ^ _08951_/D (sky130_fd_sc_hd__and4_1)
     6    0.019752    0.328007    0.673385   11.353847 ^ _08951_/X (sky130_fd_sc_hd__and4_1)
                                                         _04569_ (net)
                      0.328007    0.000285   11.354132 ^ _08958_/D (sky130_fd_sc_hd__and4_2)
     6    0.027836    0.283254    0.743539   12.097670 ^ _08958_/X (sky130_fd_sc_hd__and4_2)
                                                         _04573_ (net)
                      0.283254    0.000932   12.098601 ^ _08966_/D (sky130_fd_sc_hd__and4_1)
     6    0.024434    0.393458    0.715539   12.814140 ^ _08966_/X (sky130_fd_sc_hd__and4_1)
                                                         _04578_ (net)
                      0.393458    0.000830   12.814971 ^ _08974_/D (sky130_fd_sc_hd__and4_1)
     6    0.025394    0.407121    0.756364   13.571335 ^ _08974_/X (sky130_fd_sc_hd__and4_1)
                                                         _04583_ (net)
                      0.407121    0.000850   13.572185 ^ _08982_/D (sky130_fd_sc_hd__and4_1)
     6    0.022510    0.366799    0.729378   14.301563 ^ _08982_/X (sky130_fd_sc_hd__and4_1)
                                                         _04588_ (net)
                      0.366799    0.000693   14.302256 ^ _08990_/D (sky130_fd_sc_hd__and4_2)
     6    0.024769    0.260820    0.735099   15.037354 ^ _08990_/X (sky130_fd_sc_hd__and4_2)
                                                         _04593_ (net)
                      0.260820    0.001124   15.038480 ^ _08998_/D (sky130_fd_sc_hd__and4_1)
     6    0.019092    0.318704    0.652442   15.690921 ^ _08998_/X (sky130_fd_sc_hd__and4_1)
                                                         _04598_ (net)
                      0.318704    0.000467   15.691388 ^ _09006_/D (sky130_fd_sc_hd__and4_1)
     6    0.017982    0.303350    0.656788   16.348177 ^ _09006_/X (sky130_fd_sc_hd__and4_1)
                                                         _04603_ (net)
                      0.303350    0.000171   16.348347 ^ _09014_/D (sky130_fd_sc_hd__and4_1)
     6    0.019819    0.328930    0.672069   17.020416 ^ _09014_/X (sky130_fd_sc_hd__and4_1)
                                                         _04608_ (net)
                      0.328930    0.000286   17.020702 ^ _09022_/D (sky130_fd_sc_hd__and4_2)
    13    0.061767    0.529086    0.951758   17.972460 ^ _09022_/X (sky130_fd_sc_hd__and4_2)
                                                         _04613_ (net)
                      0.529146    0.005921   17.978380 ^ _09030_/D (sky130_fd_sc_hd__and4_1)
     6    0.018840    0.315879    0.724150   18.702530 ^ _09030_/X (sky130_fd_sc_hd__and4_1)
                                                         _04618_ (net)
                      0.315879    0.000338   18.702868 ^ _09038_/D (sky130_fd_sc_hd__and4_1)
     6    0.019146    0.319556    0.668409   19.371277 ^ _09038_/X (sky130_fd_sc_hd__and4_1)
                                                         _04623_ (net)
                      0.319556    0.000208   19.371485 ^ _09046_/D (sky130_fd_sc_hd__and4_1)
     6    0.027482    0.436298    0.758069   20.129553 ^ _09046_/X (sky130_fd_sc_hd__and4_1)
                                                         _04628_ (net)
                      0.436298    0.000938   20.130491 ^ _09054_/D (sky130_fd_sc_hd__and4_1)
     6    0.022904    0.372328    0.741771   20.872263 ^ _09054_/X (sky130_fd_sc_hd__and4_1)
                                                         _04633_ (net)
                      0.372328    0.000542   20.872805 ^ _09062_/D (sky130_fd_sc_hd__and4_1)
     6    0.024809    0.398936    0.744164   21.616968 ^ _09062_/X (sky130_fd_sc_hd__and4_1)
                                                         _04638_ (net)
                      0.398936    0.000876   21.617844 ^ _09070_/D (sky130_fd_sc_hd__and4_1)
     6    0.021812    0.356986    0.719771   22.337616 ^ _09070_/X (sky130_fd_sc_hd__and4_1)
                                                         _04643_ (net)
                      0.356986    0.000403   22.338018 ^ _09078_/D (sky130_fd_sc_hd__and4_2)
     6    0.026799    0.276007    0.745109   23.083128 ^ _09078_/X (sky130_fd_sc_hd__and4_2)
                                                         _04648_ (net)
                      0.276007    0.001071   23.084198 ^ _09086_/D (sky130_fd_sc_hd__and4_1)
     6    0.018474    0.310118    0.650140   23.734339 ^ _09086_/X (sky130_fd_sc_hd__and4_1)
                                                         _04653_ (net)
                      0.310118    0.000238   23.734575 ^ _09094_/D (sky130_fd_sc_hd__and4_2)
     6    0.022375    0.243336    0.704517   24.439093 ^ _09094_/X (sky130_fd_sc_hd__and4_2)
                                                         _04658_ (net)
                      0.243336    0.000657   24.439751 ^ _09102_/D (sky130_fd_sc_hd__and4_1)
     5    0.020856    0.343288    0.666475   25.106226 ^ _09102_/X (sky130_fd_sc_hd__and4_1)
                                                         _04663_ (net)
                      0.343288    0.000412   25.106638 ^ _09107_/A2 (sky130_fd_sc_hd__a21oi_1)
     1    0.003302    0.112790    0.233664   25.340302 v _09107_/Y (sky130_fd_sc_hd__a21oi_1)
                                                         _04666_ (net)
                      0.112790    0.000050   25.340351 v hold2168/A (sky130_fd_sc_hd__dlygate4sd3_1)
     1    0.004155    0.120910    1.166626   26.506977 v hold2168/X (sky130_fd_sc_hd__dlygate4sd3_1)
                                                         net2776 (net)
                      0.120910    0.000064   26.507040 v _09109_/A (sky130_fd_sc_hd__nor2_1)
     1    0.002673    0.130271    0.183002   26.690042 ^ _09109_/Y (sky130_fd_sc_hd__nor2_1)
                                                         _00396_ (net)
                      0.130271    0.000030   26.690073 ^ hold2169/A (sky130_fd_sc_hd__dlygate4sd3_1)
     1    0.001955    0.083997    1.052049   27.742123 ^ hold2169/X (sky130_fd_sc_hd__dlygate4sd3_1)
                                                         net2777 (net)
                      0.083997    0.000018   27.742140 ^ _12630_/D (sky130_fd_sc_hd__dfxtp_1)
                                             27.742140   data arrival time

                                 25.000000   25.000000   clock clk (rise edge)
                                  4.650000   29.650000   clock source latency
     2    0.059285    0.610000    0.000000   29.650000 ^ clk (in)
                                                         clk (net)
                      0.629072    0.009537   29.659536 ^ clkbuf_0_clk/A (sky130_fd_sc_hd__clkbuf_16)
    17    0.173946    0.283009    0.630301   30.289837 ^ clkbuf_0_clk/X (sky130_fd_sc_hd__clkbuf_16)
                                                         clknet_0_clk (net)
                      0.283128    0.005663   30.295500 ^ clkbuf_3_2_0_clk/A (sky130_fd_sc_hd__clkbuf_8)
     9    0.079752    0.227117    0.445571   30.741072 ^ clkbuf_3_2_0_clk/X (sky130_fd_sc_hd__clkbuf_8)
                                                         clknet_3_2_0_clk (net)
                      0.227206    0.004267   30.745338 ^ clkbuf_5_11__f_clk/A (sky130_fd_sc_hd__clkbuf_16)
    21    0.105069    0.183452    0.392447   31.137785 ^ clkbuf_5_11__f_clk/X (sky130_fd_sc_hd__clkbuf_16)
                                                         clknet_5_11__leaf_clk (net)
                      0.183490    0.002618   31.140404 ^ clkbuf_leaf_55_clk/A (sky130_fd_sc_hd__clkbuf_8)
    13    0.039134    0.127751    0.328310   31.468714 ^ clkbuf_leaf_55_clk/X (sky130_fd_sc_hd__clkbuf_8)
                                                         clknet_leaf_55_clk (net)
                      0.127751    0.000227   31.468941 ^ _12630_/CLK (sky130_fd_sc_hd__dfxtp_1)
                                 -0.250000   31.218939   clock uncertainty
                                  0.920000   32.138939   clock reconvergence pessimism
                                 -0.122242   32.016697   library setup time
                                             32.016697   data required time
---------------------------------------------------------------------------------------------
                                             32.016697   data required time
                                            -27.742140   data arrival time
---------------------------------------------------------------------------------------------
                                              4.274558   slack (MET)




===========================================================================
report_checks --slack_max -0.01
============================================================================
======================= min_ss_100C_1v60 Corner ===================================

No paths found.


===========================================================================
 report_check_types -max_slew -max_cap -max_fanout -violators
============================================================================
======================= min_ss_100C_1v60 Corner ===================================

max slew

Pin                                        Limit        Slew       Slack
------------------------------------------------------------------------
ANTENNA__09165__C_N/DIODE               1.000000    1.558413   -0.558413 (VIOLATED)
ANTENNA__06227__C_N/DIODE               1.000000    1.558412   -0.558412 (VIOLATED)
ANTENNA__07384__C_N/DIODE               1.000000    1.558412   -0.558412 (VIOLATED)
_06227_/C_N                             1.000000    1.558402   -0.558402 (VIOLATED)
_06398_/B                               1.000000    1.558402   -0.558402 (VIOLATED)
_07384_/C_N                             1.000000    1.558402   -0.558402 (VIOLATED)
_09165_/C_N                             1.000000    1.558402   -0.558402 (VIOLATED)
ANTENNA__06225__Y/DIODE                 1.000000    1.558396   -0.558396 (VIOLATED)
ANTENNA__06398__B/DIODE                 1.000000    1.558396   -0.558396 (VIOLATED)
_06225_/Y                               1.000000    1.558396   -0.558396 (VIOLATED)
ANTENNA__06667__A0/DIODE                1.000000    1.512622   -0.512622 (VIOLATED)
ANTENNA__07013__B2/DIODE                1.000000    1.512622   -0.512622 (VIOLATED)
ANTENNA__07240__A1/DIODE                1.000000    1.512622   -0.512622 (VIOLATED)
ANTENNA__09229__A0/DIODE                1.000000    1.512622   -0.512622 (VIOLATED)
ANTENNA_hold2659_X/DIODE                1.000000    1.512622   -0.512622 (VIOLATED)
_06667_/A0                              1.000000    1.512622   -0.512622 (VIOLATED)
_07013_/B2                              1.000000    1.512622   -0.512622 (VIOLATED)
_07240_/A1                              1.000000    1.512622   -0.512622 (VIOLATED)
_09229_/A0                              1.000000    1.512622   -0.512622 (VIOLATED)
hold2659/X                              1.000000    1.512622   -0.512622 (VIOLATED)
ANTENNA__06683__A0/DIODE                1.000000    1.458205   -0.458205 (VIOLATED)
_06683_/A0                              1.000000    1.458205   -0.458205 (VIOLATED)
ANTENNA__07214__A1/DIODE                1.000000    1.458202   -0.458202 (VIOLATED)
_07214_/A1                              1.000000    1.458202   -0.458202 (VIOLATED)
ANTENNA__06979__B2/DIODE                1.000000    1.458200   -0.458200 (VIOLATED)
ANTENNA__09223__A1/DIODE                1.000000    1.458200   -0.458200 (VIOLATED)
ANTENNA_hold2426_X/DIODE                1.000000    1.458200   -0.458200 (VIOLATED)
_06979_/B2                              1.000000    1.458200   -0.458200 (VIOLATED)
_09223_/A1                              1.000000    1.458200   -0.458200 (VIOLATED)
hold2426/X                              1.000000    1.458200   -0.458200 (VIOLATED)
ANTENNA__07405__A/DIODE                 1.000000    1.343282   -0.343282 (VIOLATED)
ANTENNA__07406__A/DIODE                 1.000000    1.343282   -0.343282 (VIOLATED)
ANTENNA__07408__A1/DIODE                1.000000    1.343282   -0.343282 (VIOLATED)
ANTENNA__07439__A1/DIODE                1.000000    1.343282   -0.343282 (VIOLATED)
ANTENNA__07455__A/DIODE                 1.000000    1.343282   -0.343282 (VIOLATED)
ANTENNA__07475__A_N/DIODE               1.000000    1.343282   -0.343282 (VIOLATED)
ANTENNA__07482__A/DIODE                 1.000000    1.343282   -0.343282 (VIOLATED)
ANTENNA__11244__B2/DIODE                1.000000    1.343282   -0.343282 (VIOLATED)
ANTENNA_hold2037_X/DIODE                1.000000    1.343282   -0.343282 (VIOLATED)
_07405_/A                               1.000000    1.343282   -0.343282 (VIOLATED)
_07406_/A                               1.000000    1.343282   -0.343282 (VIOLATED)
_07408_/A1                              1.000000    1.343282   -0.343282 (VIOLATED)
_07439_/A1                              1.000000    1.343282   -0.343282 (VIOLATED)
_07455_/A                               1.000000    1.343282   -0.343282 (VIOLATED)
_07475_/A_N                             1.000000    1.343282   -0.343282 (VIOLATED)
_07482_/A                               1.000000    1.343282   -0.343282 (VIOLATED)
_11244_/B2                              1.000000    1.343282   -0.343282 (VIOLATED)
hold2037/X                              1.000000    1.343282   -0.343282 (VIOLATED)
ANTENNA__07026__B2/DIODE                1.000000    1.325931   -0.325931 (VIOLATED)
ANTENNA__07253__A1/DIODE                1.000000    1.325930   -0.325930 (VIOLATED)
ANTENNA__09232__A1/DIODE                1.000000    1.325930   -0.325930 (VIOLATED)
ANTENNA_hold2663_X/DIODE                1.000000    1.325930   -0.325930 (VIOLATED)
_07026_/B2                              1.000000    1.325930   -0.325930 (VIOLATED)
_07253_/A1                              1.000000    1.325930   -0.325930 (VIOLATED)
_09232_/A1                              1.000000    1.325930   -0.325930 (VIOLATED)
hold2663/X                              1.000000    1.325930   -0.325930 (VIOLATED)
ANTENNA__07406__C/DIODE                 1.000000    1.309531   -0.309531 (VIOLATED)
ANTENNA__07443__A1/DIODE                1.000000    1.309531   -0.309531 (VIOLATED)
ANTENNA__07455__C/DIODE                 1.000000    1.309531   -0.309531 (VIOLATED)
ANTENNA__07466__D/DIODE                 1.000000    1.309531   -0.309531 (VIOLATED)
ANTENNA__07469__C/DIODE                 1.000000    1.309531   -0.309531 (VIOLATED)
ANTENNA__07475__C/DIODE                 1.000000    1.309531   -0.309531 (VIOLATED)
ANTENNA__07480__A/DIODE                 1.000000    1.309531   -0.309531 (VIOLATED)
ANTENNA__07482__C/DIODE                 1.000000    1.309531   -0.309531 (VIOLATED)
ANTENNA__11240__B2/DIODE                1.000000    1.309531   -0.309531 (VIOLATED)
ANTENNA_hold1501_X/DIODE                1.000000    1.309531   -0.309531 (VIOLATED)
_07406_/C                               1.000000    1.309531   -0.309531 (VIOLATED)
_07443_/A1                              1.000000    1.309531   -0.309531 (VIOLATED)
_07455_/C                               1.000000    1.309531   -0.309531 (VIOLATED)
_07466_/D                               1.000000    1.309531   -0.309531 (VIOLATED)
_07469_/C                               1.000000    1.309531   -0.309531 (VIOLATED)
_07475_/C                               1.000000    1.309531   -0.309531 (VIOLATED)
_07480_/A                               1.000000    1.309531   -0.309531 (VIOLATED)
_07482_/C                               1.000000    1.309531   -0.309531 (VIOLATED)
_11240_/B2                              1.000000    1.309531   -0.309531 (VIOLATED)
hold1501/X                              1.000000    1.309531   -0.309531 (VIOLATED)
_07427_/A0                              1.000000    1.260283   -0.260283 (VIOLATED)
ANTENNA__07427__A0/DIODE                1.000000    1.260282   -0.260282 (VIOLATED)
_07299_/A1                              1.000000    1.260267   -0.260267 (VIOLATED)
ANTENNA__07299__A1/DIODE                1.000000    1.260266   -0.260266 (VIOLATED)
ANTENNA__09244__A1/DIODE                1.000000    1.260251   -0.260251 (VIOLATED)
ANTENNA_hold2574_X/DIODE                1.000000    1.260251   -0.260251 (VIOLATED)
_09244_/A1                              1.000000    1.260251   -0.260251 (VIOLATED)
hold2574/X                              1.000000    1.260251   -0.260251 (VIOLATED)
ANTENNA__08300__Y/DIODE                 1.000000    1.254411   -0.254411 (VIOLATED)
ANTENNA_fanout221_A/DIODE               1.000000    1.254411   -0.254411 (VIOLATED)
ANTENNA_fanout222_A/DIODE               1.000000    1.254411   -0.254411 (VIOLATED)
_08300_/Y                               1.000000    1.254411   -0.254411 (VIOLATED)
fanout221/A                             1.000000    1.254411   -0.254411 (VIOLATED)
fanout222/A                             1.000000    1.254411   -0.254411 (VIOLATED)
ANTENNA__07109__C1/DIODE                1.000000    1.239350   -0.239350 (VIOLATED)
_07109_/C1                              1.000000    1.239350   -0.239350 (VIOLATED)
_06990_/A1                              1.000000    1.239350   -0.239350 (VIOLATED)
ANTENNA__06990__A1/DIODE                1.000000    1.239349   -0.239349 (VIOLATED)
ANTENNA__06962__Y/DIODE                 1.000000    1.239347   -0.239347 (VIOLATED)
ANTENNA_fanout293_A/DIODE               1.000000    1.239347   -0.239347 (VIOLATED)
_06962_/Y                               1.000000    1.239347   -0.239347 (VIOLATED)
fanout293/A                             1.000000    1.239347   -0.239347 (VIOLATED)
ANTENNA__07469__B/DIODE                 1.000000    1.236263   -0.236263 (VIOLATED)
ANTENNA__07482__B/DIODE                 1.000000    1.236263   -0.236263 (VIOLATED)
ANTENNA__06157__A/DIODE                 1.000000    1.236262   -0.236262 (VIOLATED)
ANTENNA__07441__A1/DIODE                1.000000    1.236262   -0.236262 (VIOLATED)
ANTENNA__07466__C/DIODE                 1.000000    1.236262   -0.236262 (VIOLATED)
ANTENNA__07477__B/DIODE                 1.000000    1.236262   -0.236262 (VIOLATED)
ANTENNA__11242__B2/DIODE                1.000000    1.236262   -0.236262 (VIOLATED)
ANTENNA_hold653_X/DIODE                 1.000000    1.236262   -0.236262 (VIOLATED)
_06157_/A                               1.000000    1.236262   -0.236262 (VIOLATED)
_07441_/A1                              1.000000    1.236262   -0.236262 (VIOLATED)
_07466_/C                               1.000000    1.236262   -0.236262 (VIOLATED)
_07469_/B                               1.000000    1.236262   -0.236262 (VIOLATED)
_07477_/B                               1.000000    1.236262   -0.236262 (VIOLATED)
_07482_/B                               1.000000    1.236262   -0.236262 (VIOLATED)
_11242_/B2                              1.000000    1.236262   -0.236262 (VIOLATED)
hold653/X                               1.000000    1.236262   -0.236262 (VIOLATED)
ANTENNA__06526__B/DIODE                 1.000000    1.231562   -0.231562 (VIOLATED)
ANTENNA__06527__B/DIODE                 1.000000    1.231562   -0.231562 (VIOLATED)
ANTENNA__06528__B/DIODE                 1.000000    1.231562   -0.231562 (VIOLATED)
ANTENNA__06574__B/DIODE                 1.000000    1.231562   -0.231562 (VIOLATED)
ANTENNA__07045__A2/DIODE                1.000000    1.231562   -0.231562 (VIOLATED)
ANTENNA__08217__A/DIODE                 1.000000    1.231562   -0.231562 (VIOLATED)
ANTENNA__09766__A0/DIODE                1.000000    1.231562   -0.231562 (VIOLATED)
ANTENNA__09809__A/DIODE                 1.000000    1.231562   -0.231562 (VIOLATED)
ANTENNA__09813__A1/DIODE                1.000000    1.231562   -0.231562 (VIOLATED)
ANTENNA__09884__A1/DIODE                1.000000    1.231562   -0.231562 (VIOLATED)
ANTENNA_hold2744_X/DIODE                1.000000    1.231562   -0.231562 (VIOLATED)
_06526_/B                               1.000000    1.231562   -0.231562 (VIOLATED)
_06527_/B                               1.000000    1.231562   -0.231562 (VIOLATED)
_06528_/B                               1.000000    1.231562   -0.231562 (VIOLATED)
_06574_/B                               1.000000    1.231562   -0.231562 (VIOLATED)
_07045_/A2                              1.000000    1.231562   -0.231562 (VIOLATED)
_08217_/A                               1.000000    1.231562   -0.231562 (VIOLATED)
_09766_/A0                              1.000000    1.231562   -0.231562 (VIOLATED)
_09809_/A                               1.000000    1.231562   -0.231562 (VIOLATED)
_09813_/A1                              1.000000    1.231562   -0.231562 (VIOLATED)
_09884_/A1                              1.000000    1.231562   -0.231562 (VIOLATED)
hold2744/X                              1.000000    1.231562   -0.231562 (VIOLATED)
ANTENNA__07468__A1/DIODE                1.000000    1.203750   -0.203750 (VIOLATED)
ANTENNA__07485__A3/DIODE                1.000000    1.203750   -0.203750 (VIOLATED)
ANTENNA__07486__A2/DIODE                1.000000    1.203750   -0.203750 (VIOLATED)
_07486_/A2                              1.000000    1.203750   -0.203750 (VIOLATED)
_07485_/A3                              1.000000    1.203749   -0.203749 (VIOLATED)
_07468_/A1                              1.000000    1.203748   -0.203747 (VIOLATED)
_07471_/B                               1.000000    1.203747   -0.203747 (VIOLATED)
ANTENNA__07471__B/DIODE                 1.000000    1.203745   -0.203745 (VIOLATED)
_07408_/A3                              1.000000    1.203744   -0.203744 (VIOLATED)
ANTENNA__07408__A3/DIODE                1.000000    1.203741   -0.203741 (VIOLATED)
ANTENNA__07407__Y/DIODE                 1.000000    1.203736   -0.203736 (VIOLATED)
_07407_/Y                               1.000000    1.203736   -0.203736 (VIOLATED)
_07431_/A0                              1.000000    1.184989   -0.184989 (VIOLATED)
ANTENNA__07431__A0/DIODE                1.000000    1.184988   -0.184988 (VIOLATED)
_07323_/A1                              1.000000    1.184976   -0.184976 (VIOLATED)
ANTENNA__07323__A1/DIODE                1.000000    1.184974   -0.184974 (VIOLATED)
ANTENNA__09250__A1/DIODE                1.000000    1.184963   -0.184962 (VIOLATED)
ANTENNA_hold2533_X/DIODE                1.000000    1.184963   -0.184962 (VIOLATED)
_09250_/A1                              1.000000    1.184963   -0.184962 (VIOLATED)
hold2533/X                              1.000000    1.184963   -0.184962 (VIOLATED)
ANTENNA__06989__A2/DIODE                1.000000    1.182188   -0.182188 (VIOLATED)
_06989_/A2                              1.000000    1.182188   -0.182188 (VIOLATED)
ANTENNA__06501__B/DIODE                 1.000000    1.182188   -0.182188 (VIOLATED)
_06501_/B                               1.000000    1.182188   -0.182188 (VIOLATED)
_06502_/B                               1.000000    1.182187   -0.182187 (VIOLATED)
ANTENNA__06502__B/DIODE                 1.000000    1.182187   -0.182187 (VIOLATED)
ANTENNA__08225__A/DIODE                 1.000000    1.182187   -0.182187 (VIOLATED)
ANTENNA__09674__A1/DIODE                1.000000    1.182187   -0.182187 (VIOLATED)
ANTENNA__09712__A1/DIODE                1.000000    1.182187   -0.182187 (VIOLATED)
ANTENNA__09732__A0/DIODE                1.000000    1.182187   -0.182187 (VIOLATED)
ANTENNA__09790__A0/DIODE                1.000000    1.182187   -0.182187 (VIOLATED)
ANTENNA_hold2625_X/DIODE                1.000000    1.182187   -0.182187 (VIOLATED)
_08225_/A                               1.000000    1.182187   -0.182187 (VIOLATED)
_09674_/A1                              1.000000    1.182187   -0.182187 (VIOLATED)
_09712_/A1                              1.000000    1.182187   -0.182187 (VIOLATED)
_09732_/A0                              1.000000    1.182187   -0.182187 (VIOLATED)
_09790_/A0                              1.000000    1.182187   -0.182187 (VIOLATED)
hold2625/X                              1.000000    1.182187   -0.182187 (VIOLATED)
_07148_/A2                              1.000000    1.173520   -0.173520 (VIOLATED)
_06427_/B                               1.000000    1.173519   -0.173519 (VIOLATED)
_06428_/B                               1.000000    1.173519   -0.173519 (VIOLATED)
_06429_/B                               1.000000    1.173519   -0.173519 (VIOLATED)
ANTENNA__06427__B/DIODE                 1.000000    1.173518   -0.173518 (VIOLATED)
ANTENNA__06428__B/DIODE                 1.000000    1.173518   -0.173518 (VIOLATED)
ANTENNA__07148__A2/DIODE                1.000000    1.173518   -0.173518 (VIOLATED)
ANTENNA__06429__B/DIODE                 1.000000    1.173517   -0.173517 (VIOLATED)
ANTENNA__09858__A/DIODE                 1.000000    1.173509   -0.173509 (VIOLATED)
ANTENNA__09969__A0/DIODE                1.000000    1.173509   -0.173509 (VIOLATED)
ANTENNA__09975__A1/DIODE                1.000000    1.173509   -0.173509 (VIOLATED)
ANTENNA__10046__A1/DIODE                1.000000    1.173509   -0.173509 (VIOLATED)
ANTENNA_hold2550_X/DIODE                1.000000    1.173509   -0.173509 (VIOLATED)
_09858_/A                               1.000000    1.173509   -0.173509 (VIOLATED)
_09969_/A0                              1.000000    1.173509   -0.173509 (VIOLATED)
_09975_/A1                              1.000000    1.173509   -0.173509 (VIOLATED)
_10046_/A1                              1.000000    1.173509   -0.173509 (VIOLATED)
hold2550/X                              1.000000    1.173509   -0.173509 (VIOLATED)
_09856_/B1                              1.000000    1.166034   -0.166034 (VIOLATED)
_09833_/C1                              1.000000    1.166033   -0.166033 (VIOLATED)
ANTENNA__09833__C1/DIODE                1.000000    1.166033   -0.166033 (VIOLATED)
ANTENNA__09856__B1/DIODE                1.000000    1.166033   -0.166033 (VIOLATED)
ANTENNA__06354__Y/DIODE                 1.000000    1.166031   -0.166031 (VIOLATED)
ANTENNA_fanout311_A/DIODE               1.000000    1.166031   -0.166031 (VIOLATED)
_06354_/Y                               1.000000    1.166031   -0.166031 (VIOLATED)
fanout311/A                             1.000000    1.166031   -0.166031 (VIOLATED)
ANTENNA__07179__A1/DIODE                1.000000    1.157914   -0.157914 (VIOLATED)
ANTENNA__07195__A1/DIODE                1.000000    1.157914   -0.157914 (VIOLATED)
ANTENNA__07206__A1/DIODE                1.000000    1.157914   -0.157914 (VIOLATED)
ANTENNA_fanout361_A/DIODE               1.000000    1.157914   -0.157914 (VIOLATED)
ANTENNA_fanout363_A/DIODE               1.000000    1.157914   -0.157914 (VIOLATED)
ANTENNA_hold2691_X/DIODE                1.000000    1.157914   -0.157914 (VIOLATED)
_07179_/A1                              1.000000    1.157914   -0.157914 (VIOLATED)
_07195_/A1                              1.000000    1.157914   -0.157914 (VIOLATED)
_07206_/A1                              1.000000    1.157914   -0.157914 (VIOLATED)
fanout361/A                             1.000000    1.157914   -0.157914 (VIOLATED)
fanout363/A                             1.000000    1.157914   -0.157914 (VIOLATED)
hold2691/X                              1.000000    1.157914   -0.157914 (VIOLATED)
_07429_/A0                              1.000000    1.141423   -0.141423 (VIOLATED)
ANTENNA__07429__A0/DIODE                1.000000    1.141422   -0.141422 (VIOLATED)
_07312_/A1                              1.000000    1.141364   -0.141364 (VIOLATED)
ANTENNA__07312__A1/DIODE                1.000000    1.141363   -0.141363 (VIOLATED)
ANTENNA__09247__A1/DIODE                1.000000    1.141355   -0.141355 (VIOLATED)
ANTENNA_hold2552_X/DIODE                1.000000    1.141355   -0.141355 (VIOLATED)
_09247_/A1                              1.000000    1.141355   -0.141355 (VIOLATED)
hold2552/X                              1.000000    1.141355   -0.141355 (VIOLATED)
ANTENNA__06969__B2/DIODE                1.000000    1.116728   -0.116728 (VIOLATED)
ANTENNA__07202__A1/DIODE                1.000000    1.116728   -0.116728 (VIOLATED)
ANTENNA__09220__A0/DIODE                1.000000    1.116728   -0.116728 (VIOLATED)
ANTENNA_hold2889_X/DIODE                1.000000    1.116728   -0.116728 (VIOLATED)
_06969_/B2                              1.000000    1.116728   -0.116728 (VIOLATED)
_07202_/A1                              1.000000    1.116728   -0.116728 (VIOLATED)
_09220_/A0                              1.000000    1.116728   -0.116728 (VIOLATED)
hold2889/X                              1.000000    1.116728   -0.116728 (VIOLATED)
_07372_/A2                              1.000000    1.106604   -0.106604 (VIOLATED)
ANTENNA__07372__A2/DIODE                1.000000    1.106604   -0.106604 (VIOLATED)
ANTENNA__06943__A1/DIODE                1.000000    1.106601   -0.106601 (VIOLATED)
_06942_/A1                              1.000000    1.106601   -0.106601 (VIOLATED)
ANTENNA__06942__A1/DIODE                1.000000    1.106601   -0.106601 (VIOLATED)
ANTENNA__06944__A1/DIODE                1.000000    1.106601   -0.106601 (VIOLATED)
_06944_/A1                              1.000000    1.106600   -0.106600 (VIOLATED)
_06421_/A                               1.000000    1.106600   -0.106600 (VIOLATED)
_06943_/A1                              1.000000    1.106599   -0.106599 (VIOLATED)
ANTENNA__06421__A/DIODE                 1.000000    1.106596   -0.106597 (VIOLATED)
ANTENNA__08297__A/DIODE                 1.000000    1.106594   -0.106594 (VIOLATED)
ANTENNA__08338__A1/DIODE                1.000000    1.106594   -0.106594 (VIOLATED)
ANTENNA_hold2879_X/DIODE                1.000000    1.106594   -0.106594 (VIOLATED)
_08297_/A                               1.000000    1.106594   -0.106594 (VIOLATED)
_08338_/A1                              1.000000    1.106594   -0.106594 (VIOLATED)
hold2879/X                              1.000000    1.106594   -0.106594 (VIOLATED)
ANTENNA__07538__A/DIODE                 1.000000    1.072832   -0.072832 (VIOLATED)
ANTENNA__06359__A1_N/DIODE              1.000000    1.072832   -0.072832 (VIOLATED)
ANTENNA__07539__B/DIODE                 1.000000    1.072832   -0.072832 (VIOLATED)
ANTENNA__06347__A1/DIODE                1.000000    1.072832   -0.072832 (VIOLATED)
ANTENNA__06605__A/DIODE                 1.000000    1.072829   -0.072830 (VIOLATED)
_07538_/A                               1.000000    1.072829   -0.072829 (VIOLATED)
_06359_/A1_N                            1.000000    1.072828   -0.072828 (VIOLATED)
_07539_/B                               1.000000    1.072828   -0.072828 (VIOLATED)
_06347_/A1                              1.000000    1.072828   -0.072828 (VIOLATED)
_06605_/A                               1.000000    1.072823   -0.072823 (VIOLATED)
ANTENNA__11981__A1/DIODE                1.000000    1.072813   -0.072813 (VIOLATED)
ANTENNA_hold2814_X/DIODE                1.000000    1.072812   -0.072812 (VIOLATED)
ANTENNA__11979__A1/DIODE                1.000000    1.072811   -0.072812 (VIOLATED)
_11979_/A1                              1.000000    1.072811   -0.072812 (VIOLATED)
_11981_/A1                              1.000000    1.072811   -0.072812 (VIOLATED)
hold2814/X                              1.000000    1.072811   -0.072812 (VIOLATED)
ANTENNA__06464__B/DIODE                 1.000000    1.050567   -0.050567 (VIOLATED)
ANTENNA__06465__B/DIODE                 1.000000    1.050567   -0.050567 (VIOLATED)
ANTENNA__06560__B/DIODE                 1.000000    1.050567   -0.050567 (VIOLATED)
ANTENNA__07096__A2/DIODE                1.000000    1.050567   -0.050567 (VIOLATED)
ANTENNA__09790__A1/DIODE                1.000000    1.050567   -0.050567 (VIOLATED)
ANTENNA__09879__A/DIODE                 1.000000    1.050567   -0.050567 (VIOLATED)
ANTENNA__09974__A1/DIODE                1.000000    1.050567   -0.050567 (VIOLATED)
ANTENNA_hold2927_X/DIODE                1.000000    1.050567   -0.050567 (VIOLATED)
_06464_/B                               1.000000    1.050567   -0.050567 (VIOLATED)
_06465_/B                               1.000000    1.050567   -0.050567 (VIOLATED)
_06560_/B                               1.000000    1.050567   -0.050567 (VIOLATED)
_07096_/A2                              1.000000    1.050567   -0.050567 (VIOLATED)
_09790_/A1                              1.000000    1.050567   -0.050567 (VIOLATED)
_09879_/A                               1.000000    1.050567   -0.050567 (VIOLATED)
_09974_/A1                              1.000000    1.050567   -0.050567 (VIOLATED)
hold2927/X                              1.000000    1.050567   -0.050567 (VIOLATED)
_06468_/B                               1.000000    1.047189   -0.047189 (VIOLATED)
ANTENNA__06468__B/DIODE                 1.000000    1.047189   -0.047188 (VIOLATED)
_07109_/A2                              1.000000    1.047188   -0.047188 (VIOLATED)
ANTENNA__07109__A2/DIODE                1.000000    1.047188   -0.047188 (VIOLATED)
ANTENNA__06577__A2/DIODE                1.000000    1.047188   -0.047188 (VIOLATED)
_06577_/A2                              1.000000    1.047188   -0.047188 (VIOLATED)
ANTENNA__06166__A/DIODE                 1.000000    1.047187   -0.047187 (VIOLATED)
_06166_/A                               1.000000    1.047187   -0.047187 (VIOLATED)
ANTENNA__09924__A0/DIODE                1.000000    1.047182   -0.047182 (VIOLATED)
ANTENNA__09928__A1/DIODE                1.000000    1.047182   -0.047182 (VIOLATED)
ANTENNA_hold2633_X/DIODE                1.000000    1.047182   -0.047182 (VIOLATED)
_09924_/A0                              1.000000    1.047182   -0.047182 (VIOLATED)
_09928_/A1                              1.000000    1.047182   -0.047182 (VIOLATED)
hold2633/X                              1.000000    1.047182   -0.047182 (VIOLATED)
ANTENNA__06606__A1/DIODE                1.000000    1.038520   -0.038520 (VIOLATED)
ANTENNA__07003__A1/DIODE                1.000000    1.038520   -0.038520 (VIOLATED)
ANTENNA__07031__A1/DIODE                1.000000    1.038520   -0.038520 (VIOLATED)
ANTENNA__07046__A1/DIODE                1.000000    1.038520   -0.038520 (VIOLATED)
ANTENNA__07541__A/DIODE                 1.000000    1.038520   -0.038520 (VIOLATED)
ANTENNA__07543__A1/DIODE                1.000000    1.038520   -0.038520 (VIOLATED)
ANTENNA_fanout365_A/DIODE               1.000000    1.038520   -0.038520 (VIOLATED)
ANTENNA_hold2590_X/DIODE                1.000000    1.038520   -0.038520 (VIOLATED)
_06606_/A1                              1.000000    1.038520   -0.038520 (VIOLATED)
_07003_/A1                              1.000000    1.038520   -0.038520 (VIOLATED)
_07031_/A1                              1.000000    1.038520   -0.038520 (VIOLATED)
_07046_/A1                              1.000000    1.038520   -0.038520 (VIOLATED)
_07541_/A                               1.000000    1.038520   -0.038520 (VIOLATED)
_07543_/A1                              1.000000    1.038520   -0.038520 (VIOLATED)
fanout365/A                             1.000000    1.038520   -0.038520 (VIOLATED)
hold2590/X                              1.000000    1.038520   -0.038520 (VIOLATED)
ANTENNA__06959__B2/DIODE                1.000000    1.023381   -0.023382 (VIOLATED)
ANTENNA__07191__A1/DIODE                1.000000    1.023381   -0.023381 (VIOLATED)
ANTENNA__09217__A1/DIODE                1.000000    1.023381   -0.023381 (VIOLATED)
ANTENNA_hold2612_X/DIODE                1.000000    1.023381   -0.023381 (VIOLATED)
_06959_/B2                              1.000000    1.023381   -0.023381 (VIOLATED)
_07191_/A1                              1.000000    1.023381   -0.023381 (VIOLATED)
_09217_/A1                              1.000000    1.023381   -0.023381 (VIOLATED)
hold2612/X                              1.000000    1.023381   -0.023381 (VIOLATED)
ANTENNA__07335__A1/DIODE                1.000000    1.015547   -0.015547 (VIOLATED)
ANTENNA__07433__A0/DIODE                1.000000    1.015547   -0.015547 (VIOLATED)
ANTENNA__09253__A1/DIODE                1.000000    1.015547   -0.015547 (VIOLATED)
ANTENNA_hold2304_X/DIODE                1.000000    1.015547   -0.015547 (VIOLATED)
_07335_/A1                              1.000000    1.015547   -0.015547 (VIOLATED)
_07433_/A0                              1.000000    1.015547   -0.015547 (VIOLATED)
_09253_/A1                              1.000000    1.015547   -0.015547 (VIOLATED)
hold2304/X                              1.000000    1.015547   -0.015547 (VIOLATED)
ANTENNA__06457__B/DIODE                 1.000000    1.015503   -0.015503 (VIOLATED)
ANTENNA__06458__B/DIODE                 1.000000    1.015503   -0.015503 (VIOLATED)
ANTENNA__07091__A2/DIODE                1.000000    1.015503   -0.015503 (VIOLATED)
ANTENNA__08211__A/DIODE                 1.000000    1.015503   -0.015503 (VIOLATED)
ANTENNA__09765__A1/DIODE                1.000000    1.015503   -0.015503 (VIOLATED)
ANTENNA__09835__A1/DIODE                1.000000    1.015503   -0.015503 (VIOLATED)
ANTENNA__09878__A0/DIODE                1.000000    1.015503   -0.015503 (VIOLATED)
ANTENNA__09882__A1/DIODE                1.000000    1.015503   -0.015503 (VIOLATED)
ANTENNA_hold2617_X/DIODE                1.000000    1.015503   -0.015503 (VIOLATED)
_06457_/B                               1.000000    1.015503   -0.015503 (VIOLATED)
_06458_/B                               1.000000    1.015503   -0.015503 (VIOLATED)
_07091_/A2                              1.000000    1.015503   -0.015503 (VIOLATED)
_08211_/A                               1.000000    1.015503   -0.015503 (VIOLATED)
_09765_/A1                              1.000000    1.015503   -0.015503 (VIOLATED)
_09835_/A1                              1.000000    1.015503   -0.015503 (VIOLATED)
_09878_/A0                              1.000000    1.015503   -0.015503 (VIOLATED)
_09882_/A1                              1.000000    1.015503   -0.015503 (VIOLATED)
hold2617/X                              1.000000    1.015503   -0.015503 (VIOLATED)
_07077_/A2                              1.000000    1.012244   -0.012244 (VIOLATED)
ANTENNA__07077__A2/DIODE                1.000000    1.012243   -0.012243 (VIOLATED)
ANTENNA__06461__B/DIODE                 1.000000    1.012243   -0.012243 (VIOLATED)
ANTENNA__06752__C/DIODE                 1.000000    1.012243   -0.012243 (VIOLATED)
_06461_/B                               1.000000    1.012243   -0.012243 (VIOLATED)
_06752_/C                               1.000000    1.012243   -0.012243 (VIOLATED)
ANTENNA__06460__B/DIODE                 1.000000    1.012242   -0.012242 (VIOLATED)
ANTENNA__09758__A/DIODE                 1.000000    1.012242   -0.012242 (VIOLATED)
ANTENNA__09854__A0/DIODE                1.000000    1.012242   -0.012242 (VIOLATED)
ANTENNA__09860__A/DIODE                 1.000000    1.012242   -0.012242 (VIOLATED)
ANTENNA_hold2643_X/DIODE                1.000000    1.012242   -0.012242 (VIOLATED)
_06460_/B                               1.000000    1.012242   -0.012242 (VIOLATED)
_09758_/A                               1.000000    1.012242   -0.012242 (VIOLATED)
_09854_/A0                              1.000000    1.012242   -0.012242 (VIOLATED)
_09860_/A                               1.000000    1.012242   -0.012242 (VIOLATED)
hold2643/X                              1.000000    1.012242   -0.012242 (VIOLATED)

max fanout

Pin                                   Limit Fanout  Slack
---------------------------------------------------------
_06691_/X                                16     33    -17 (VIOLATED)
_11912_/X                                16     33    -17 (VIOLATED)
_13218_/Q                                16     33    -17 (VIOLATED)
fanout105/X                              16     33    -17 (VIOLATED)
fanout109/X                              16     33    -17 (VIOLATED)
fanout111/X                              16     33    -17 (VIOLATED)
fanout112/X                              16     33    -17 (VIOLATED)
fanout122/X                              16     33    -17 (VIOLATED)
fanout124/X                              16     33    -17 (VIOLATED)
fanout125/X                              16     33    -17 (VIOLATED)
fanout126/X                              16     33    -17 (VIOLATED)
fanout127/X                              16     33    -17 (VIOLATED)
fanout128/X                              16     33    -17 (VIOLATED)
fanout131/X                              16     33    -17 (VIOLATED)
fanout134/X                              16     33    -17 (VIOLATED)
fanout135/X                              16     33    -17 (VIOLATED)
fanout136/X                              16     33    -17 (VIOLATED)
fanout139/X                              16     33    -17 (VIOLATED)
fanout140/X                              16     33    -17 (VIOLATED)
fanout145/X                              16     33    -17 (VIOLATED)
fanout147/X                              16     33    -17 (VIOLATED)
fanout148/X                              16     33    -17 (VIOLATED)
fanout149/X                              16     33    -17 (VIOLATED)
fanout150/X                              16     33    -17 (VIOLATED)
fanout151/X                              16     33    -17 (VIOLATED)
fanout152/X                              16     33    -17 (VIOLATED)
fanout153/X                              16     33    -17 (VIOLATED)
fanout154/X                              16     33    -17 (VIOLATED)
fanout155/X                              16     33    -17 (VIOLATED)
fanout156/X                              16     33    -17 (VIOLATED)
fanout157/X                              16     33    -17 (VIOLATED)
fanout158/X                              16     33    -17 (VIOLATED)
fanout159/X                              16     33    -17 (VIOLATED)
fanout160/X                              16     33    -17 (VIOLATED)
fanout161/X                              16     33    -17 (VIOLATED)
fanout162/X                              16     33    -17 (VIOLATED)
fanout163/X                              16     33    -17 (VIOLATED)
fanout164/X                              16     33    -17 (VIOLATED)
fanout165/X                              16     33    -17 (VIOLATED)
fanout166/X                              16     33    -17 (VIOLATED)
fanout167/X                              16     33    -17 (VIOLATED)
fanout168/X                              16     33    -17 (VIOLATED)
fanout169/X                              16     33    -17 (VIOLATED)
fanout170/X                              16     33    -17 (VIOLATED)
fanout171/X                              16     33    -17 (VIOLATED)
fanout172/X                              16     33    -17 (VIOLATED)
fanout173/X                              16     33    -17 (VIOLATED)
fanout174/X                              16     33    -17 (VIOLATED)
fanout175/X                              16     33    -17 (VIOLATED)
fanout176/X                              16     33    -17 (VIOLATED)
fanout177/X                              16     33    -17 (VIOLATED)
fanout178/X                              16     33    -17 (VIOLATED)
fanout179/X                              16     33    -17 (VIOLATED)
fanout180/X                              16     33    -17 (VIOLATED)
fanout181/X                              16     33    -17 (VIOLATED)
fanout182/X                              16     33    -17 (VIOLATED)
fanout183/X                              16     33    -17 (VIOLATED)
fanout184/X                              16     33    -17 (VIOLATED)
fanout185/X                              16     33    -17 (VIOLATED)
fanout186/X                              16     33    -17 (VIOLATED)
fanout187/X                              16     33    -17 (VIOLATED)
fanout188/X                              16     33    -17 (VIOLATED)
fanout189/X                              16     33    -17 (VIOLATED)
fanout190/X                              16     33    -17 (VIOLATED)
fanout191/X                              16     33    -17 (VIOLATED)
fanout192/X                              16     33    -17 (VIOLATED)
fanout193/X                              16     33    -17 (VIOLATED)
fanout194/X                              16     33    -17 (VIOLATED)
fanout195/X                              16     33    -17 (VIOLATED)
fanout196/X                              16     33    -17 (VIOLATED)
fanout197/X                              16     33    -17 (VIOLATED)
fanout198/X                              16     33    -17 (VIOLATED)
fanout199/X                              16     33    -17 (VIOLATED)
fanout200/X                              16     33    -17 (VIOLATED)
fanout201/X                              16     33    -17 (VIOLATED)
fanout202/X                              16     33    -17 (VIOLATED)
fanout203/X                              16     33    -17 (VIOLATED)
fanout204/X                              16     33    -17 (VIOLATED)
fanout205/X                              16     33    -17 (VIOLATED)
fanout206/X                              16     33    -17 (VIOLATED)
fanout211/X                              16     33    -17 (VIOLATED)
fanout212/X                              16     33    -17 (VIOLATED)
fanout213/X                              16     33    -17 (VIOLATED)
fanout214/X                              16     33    -17 (VIOLATED)
fanout215/X                              16     33    -17 (VIOLATED)
fanout216/X                              16     33    -17 (VIOLATED)
fanout217/X                              16     33    -17 (VIOLATED)
fanout218/X                              16     33    -17 (VIOLATED)
fanout221/X                              16     33    -17 (VIOLATED)
fanout223/X                              16     33    -17 (VIOLATED)
fanout225/X                              16     33    -17 (VIOLATED)
fanout226/X                              16     33    -17 (VIOLATED)
fanout227/X                              16     33    -17 (VIOLATED)
fanout228/X                              16     33    -17 (VIOLATED)
fanout229/X                              16     33    -17 (VIOLATED)
fanout230/X                              16     33    -17 (VIOLATED)
fanout231/X                              16     33    -17 (VIOLATED)
fanout233/X                              16     33    -17 (VIOLATED)
fanout235/X                              16     33    -17 (VIOLATED)
fanout236/X                              16     33    -17 (VIOLATED)
fanout237/X                              16     33    -17 (VIOLATED)
fanout240/X                              16     33    -17 (VIOLATED)
fanout241/X                              16     33    -17 (VIOLATED)
fanout242/X                              16     33    -17 (VIOLATED)
fanout243/X                              16     33    -17 (VIOLATED)
fanout244/X                              16     33    -17 (VIOLATED)
fanout245/X                              16     33    -17 (VIOLATED)
fanout246/X                              16     33    -17 (VIOLATED)
fanout248/X                              16     33    -17 (VIOLATED)
fanout250/X                              16     33    -17 (VIOLATED)
fanout254/X                              16     33    -17 (VIOLATED)
fanout257/X                              16     33    -17 (VIOLATED)
fanout259/X                              16     33    -17 (VIOLATED)
fanout260/X                              16     33    -17 (VIOLATED)
fanout261/X                              16     33    -17 (VIOLATED)
fanout262/X                              16     33    -17 (VIOLATED)
fanout263/X                              16     33    -17 (VIOLATED)
fanout264/X                              16     33    -17 (VIOLATED)
fanout265/X                              16     33    -17 (VIOLATED)
fanout266/X                              16     33    -17 (VIOLATED)
fanout268/X                              16     33    -17 (VIOLATED)
fanout270/X                              16     33    -17 (VIOLATED)
fanout271/X                              16     33    -17 (VIOLATED)
fanout276/X                              16     33    -17 (VIOLATED)
fanout278/X                              16     33    -17 (VIOLATED)
fanout281/X                              16     33    -17 (VIOLATED)
fanout282/X                              16     33    -17 (VIOLATED)
fanout283/X                              16     33    -17 (VIOLATED)
fanout285/X                              16     33    -17 (VIOLATED)
fanout286/X                              16     33    -17 (VIOLATED)
fanout287/X                              16     33    -17 (VIOLATED)
fanout289/X                              16     33    -17 (VIOLATED)
fanout290/X                              16     33    -17 (VIOLATED)
fanout291/X                              16     33    -17 (VIOLATED)
fanout293/X                              16     33    -17 (VIOLATED)
fanout294/X                              16     33    -17 (VIOLATED)
fanout295/X                              16     33    -17 (VIOLATED)
fanout297/X                              16     33    -17 (VIOLATED)
fanout298/X                              16     33    -17 (VIOLATED)
fanout299/X                              16     33    -17 (VIOLATED)
fanout300/X                              16     33    -17 (VIOLATED)
fanout301/X                              16     33    -17 (VIOLATED)
fanout302/X                              16     33    -17 (VIOLATED)
fanout303/X                              16     33    -17 (VIOLATED)
fanout305/X                              16     33    -17 (VIOLATED)
fanout306/X                              16     33    -17 (VIOLATED)
fanout307/X                              16     33    -17 (VIOLATED)
fanout310/X                              16     33    -17 (VIOLATED)
fanout311/X                              16     33    -17 (VIOLATED)
fanout312/X                              16     33    -17 (VIOLATED)
fanout313/X                              16     33    -17 (VIOLATED)
fanout314/X                              16     33    -17 (VIOLATED)
fanout315/X                              16     33    -17 (VIOLATED)
fanout316/X                              16     33    -17 (VIOLATED)
fanout317/X                              16     33    -17 (VIOLATED)
fanout318/X                              16     33    -17 (VIOLATED)
fanout320/X                              16     33    -17 (VIOLATED)
fanout321/X                              16     33    -17 (VIOLATED)
fanout323/X                              16     33    -17 (VIOLATED)
fanout324/X                              16     33    -17 (VIOLATED)
fanout325/X                              16     33    -17 (VIOLATED)
fanout326/X                              16     33    -17 (VIOLATED)
fanout328/X                              16     33    -17 (VIOLATED)
fanout330/X                              16     33    -17 (VIOLATED)
fanout332/X                              16     33    -17 (VIOLATED)
fanout333/X                              16     33    -17 (VIOLATED)
fanout335/X                              16     33    -17 (VIOLATED)
fanout336/X                              16     33    -17 (VIOLATED)
fanout339/X                              16     33    -17 (VIOLATED)
fanout340/X                              16     33    -17 (VIOLATED)
fanout343/X                              16     33    -17 (VIOLATED)
fanout344/X                              16     33    -17 (VIOLATED)
fanout346/X                              16     33    -17 (VIOLATED)
fanout348/X                              16     33    -17 (VIOLATED)
fanout350/X                              16     33    -17 (VIOLATED)
fanout352/X                              16     33    -17 (VIOLATED)
fanout354/X                              16     33    -17 (VIOLATED)
fanout356/X                              16     33    -17 (VIOLATED)
fanout359/X                              16     33    -17 (VIOLATED)
fanout361/X                              16     33    -17 (VIOLATED)
fanout362/X                              16     33    -17 (VIOLATED)
fanout364/X                              16     33    -17 (VIOLATED)
fanout365/X                              16     33    -17 (VIOLATED)
fanout366/X                              16     33    -17 (VIOLATED)
fanout367/X                              16     33    -17 (VIOLATED)
fanout369/X                              16     33    -17 (VIOLATED)
fanout370/X                              16     33    -17 (VIOLATED)
fanout372/X                              16     33    -17 (VIOLATED)
fanout374/X                              16     33    -17 (VIOLATED)
fanout375/X                              16     33    -17 (VIOLATED)
fanout376/X                              16     33    -17 (VIOLATED)
fanout377/X                              16     33    -17 (VIOLATED)
fanout378/X                              16     33    -17 (VIOLATED)
fanout379/X                              16     33    -17 (VIOLATED)
fanout380/X                              16     33    -17 (VIOLATED)
fanout381/X                              16     33    -17 (VIOLATED)
fanout382/X                              16     33    -17 (VIOLATED)
fanout385/X                              16     33    -17 (VIOLATED)
fanout386/X                              16     33    -17 (VIOLATED)
fanout387/X                              16     33    -17 (VIOLATED)
fanout388/X                              16     33    -17 (VIOLATED)
fanout389/X                              16     33    -17 (VIOLATED)
fanout391/X                              16     33    -17 (VIOLATED)
fanout395/X                              16     33    -17 (VIOLATED)
fanout396/X                              16     33    -17 (VIOLATED)
fanout397/X                              16     33    -17 (VIOLATED)
fanout398/X                              16     33    -17 (VIOLATED)
fanout399/X                              16     33    -17 (VIOLATED)
fanout400/X                              16     33    -17 (VIOLATED)
fanout401/X                              16     33    -17 (VIOLATED)
fanout404/X                              16     33    -17 (VIOLATED)
fanout405/X                              16     33    -17 (VIOLATED)
fanout406/X                              16     33    -17 (VIOLATED)
fanout407/X                              16     33    -17 (VIOLATED)
fanout408/X                              16     33    -17 (VIOLATED)
fanout409/X                              16     33    -17 (VIOLATED)
fanout410/X                              16     33    -17 (VIOLATED)
fanout411/X                              16     33    -17 (VIOLATED)
fanout415/X                              16     33    -17 (VIOLATED)
fanout417/X                              16     33    -17 (VIOLATED)
fanout418/X                              16     33    -17 (VIOLATED)
fanout420/X                              16     33    -17 (VIOLATED)
fanout422/X                              16     33    -17 (VIOLATED)
fanout423/X                              16     33    -17 (VIOLATED)
fanout424/X                              16     33    -17 (VIOLATED)
fanout425/X                              16     33    -17 (VIOLATED)
fanout426/X                              16     33    -17 (VIOLATED)
fanout427/X                              16     33    -17 (VIOLATED)
fanout428/X                              16     33    -17 (VIOLATED)
fanout429/X                              16     33    -17 (VIOLATED)
fanout432/X                              16     33    -17 (VIOLATED)
fanout433/X                              16     33    -17 (VIOLATED)
fanout434/X                              16     33    -17 (VIOLATED)
fanout435/X                              16     33    -17 (VIOLATED)
fanout436/X                              16     33    -17 (VIOLATED)
fanout438/X                              16     33    -17 (VIOLATED)
fanout441/X                              16     33    -17 (VIOLATED)
fanout442/X                              16     33    -17 (VIOLATED)
fanout443/X                              16     33    -17 (VIOLATED)
fanout444/X                              16     33    -17 (VIOLATED)
fanout445/X                              16     33    -17 (VIOLATED)
fanout446/X                              16     33    -17 (VIOLATED)
fanout447/X                              16     33    -17 (VIOLATED)
fanout450/X                              16     33    -17 (VIOLATED)
fanout451/X                              16     33    -17 (VIOLATED)
fanout452/X                              16     33    -17 (VIOLATED)
fanout453/X                              16     33    -17 (VIOLATED)
fanout454/X                              16     33    -17 (VIOLATED)
fanout456/X                              16     33    -17 (VIOLATED)
fanout463/X                              16     33    -17 (VIOLATED)
fanout464/X                              16     33    -17 (VIOLATED)
fanout465/X                              16     33    -17 (VIOLATED)
fanout466/X                              16     33    -17 (VIOLATED)
fanout467/X                              16     33    -17 (VIOLATED)
fanout468/X                              16     33    -17 (VIOLATED)
fanout469/X                              16     33    -17 (VIOLATED)
fanout470/X                              16     33    -17 (VIOLATED)
fanout471/X                              16     33    -17 (VIOLATED)
fanout473/X                              16     33    -17 (VIOLATED)
fanout474/X                              16     33    -17 (VIOLATED)
fanout475/X                              16     33    -17 (VIOLATED)
fanout476/X                              16     33    -17 (VIOLATED)
fanout477/X                              16     33    -17 (VIOLATED)
fanout478/X                              16     33    -17 (VIOLATED)
fanout479/X                              16     33    -17 (VIOLATED)
fanout480/X                              16     33    -17 (VIOLATED)
fanout483/X                              16     33    -17 (VIOLATED)
fanout486/X                              16     33    -17 (VIOLATED)
fanout490/X                              16     33    -17 (VIOLATED)
fanout497/X                              16     33    -17 (VIOLATED)
fanout503/X                              16     33    -17 (VIOLATED)
fanout504/X                              16     33    -17 (VIOLATED)
fanout511/X                              16     33    -17 (VIOLATED)
fanout512/X                              16     33    -17 (VIOLATED)
fanout515/X                              16     33    -17 (VIOLATED)
fanout517/X                              16     33    -17 (VIOLATED)
fanout518/X                              16     33    -17 (VIOLATED)
fanout92/X                               16     33    -17 (VIOLATED)
fanout97/X                               16     33    -17 (VIOLATED)
fanout99/X                               16     33    -17 (VIOLATED)
_06250_/Y                                16     31    -15 (VIOLATED)
fanout247/X                              16     31    -15 (VIOLATED)
fanout258/X                              16     31    -15 (VIOLATED)
fanout272/X                              16     31    -15 (VIOLATED)
fanout288/X                              16     31    -15 (VIOLATED)
fanout308/X                              16     31    -15 (VIOLATED)
fanout319/X                              16     31    -15 (VIOLATED)
fanout322/X                              16     31    -15 (VIOLATED)
fanout331/X                              16     31    -15 (VIOLATED)
fanout392/X                              16     31    -15 (VIOLATED)
fanout485/X                              16     31    -15 (VIOLATED)
fanout492/X                              16     31    -15 (VIOLATED)
fanout500/X                              16     31    -15 (VIOLATED)
_06175_/Y                                16     29    -13 (VIOLATED)
_13687_/Q                                16     29    -13 (VIOLATED)
fanout327/X                              16     29    -13 (VIOLATED)
fanout355/X                              16     29    -13 (VIOLATED)
fanout363/X                              16     29    -13 (VIOLATED)
fanout368/X                              16     29    -13 (VIOLATED)
fanout390/X                              16     29    -13 (VIOLATED)
fanout416/X                              16     29    -13 (VIOLATED)
fanout430/X                              16     29    -13 (VIOLATED)
fanout437/X                              16     29    -13 (VIOLATED)
fanout439/X                              16     29    -13 (VIOLATED)
fanout448/X                              16     29    -13 (VIOLATED)
fanout455/X                              16     29    -13 (VIOLATED)
fanout457/X                              16     29    -13 (VIOLATED)
_06136_/Y                                16     28    -12 (VIOLATED)
fanout383/X                              16     27    -11 (VIOLATED)
fanout402/X                              16     27    -11 (VIOLATED)
fanout431/X                              16     27    -11 (VIOLATED)
fanout449/X                              16     27    -11 (VIOLATED)
fanout462/X                              16     27    -11 (VIOLATED)
fanout510/X                              16     27    -11 (VIOLATED)
_06178_/Y                                16     25     -9 (VIOLATED)
_06688_/Y                                16     25     -9 (VIOLATED)
clkbuf_5_10__f_clk/X                     16     25     -9 (VIOLATED)
fanout224/X                              16     25     -9 (VIOLATED)
fanout284/X                              16     25     -9 (VIOLATED)
fanout296/X                              16     25     -9 (VIOLATED)
fanout334/X                              16     25     -9 (VIOLATED)
fanout351/X                              16     25     -9 (VIOLATED)
fanout484/X                              16     25     -9 (VIOLATED)
_06412_/X                                16     23     -7 (VIOLATED)
fanout256/X                              16     23     -7 (VIOLATED)
fanout347/X                              16     23     -7 (VIOLATED)
fanout419/X                              16     23     -7 (VIOLATED)
fanout482/X                              16     23     -7 (VIOLATED)
fanout519/X                              16     23     -7 (VIOLATED)
_06176_/Y                                16     21     -5 (VIOLATED)
_11203_/X                                16     21     -5 (VIOLATED)
clkbuf_5_11__f_clk/X                     16     21     -5 (VIOLATED)
fanout249/X                              16     21     -5 (VIOLATED)
fanout269/X                              16     21     -5 (VIOLATED)
fanout342/X                              16     21     -5 (VIOLATED)
fanout349/X                              16     21     -5 (VIOLATED)
fanout360/X                              16     21     -5 (VIOLATED)
fanout413/X                              16     21     -5 (VIOLATED)
fanout514/X                              16     21     -5 (VIOLATED)
hold2744/X                               16     21     -5 (VIOLATED)
_06109_/Y                                16     19     -3 (VIOLATED)
_11205_/X                                16     19     -3 (VIOLATED)
_13219_/Q                                16     19     -3 (VIOLATED)
clkbuf_5_15__f_clk/X                     16     19     -3 (VIOLATED)
clkbuf_5_16__f_clk/X                     16     19     -3 (VIOLATED)
clkbuf_5_17__f_clk/X                     16     19     -3 (VIOLATED)
clkbuf_5_18__f_clk/X                     16     19     -3 (VIOLATED)
clkbuf_5_19__f_clk/X                     16     19     -3 (VIOLATED)
clkbuf_5_20__f_clk/X                     16     19     -3 (VIOLATED)
clkbuf_5_23__f_clk/X                     16     19     -3 (VIOLATED)
clkbuf_5_30__f_clk/X                     16     19     -3 (VIOLATED)
clkbuf_5_31__f_clk/X                     16     19     -3 (VIOLATED)
clkbuf_5_9__f_clk/X                      16     19     -3 (VIOLATED)
clkbuf_leaf_49_clk/X                     16     19     -3 (VIOLATED)
fanout129/X                              16     19     -3 (VIOLATED)
fanout222/X                              16     19     -3 (VIOLATED)
fanout267/X                              16     19     -3 (VIOLATED)
fanout277/X                              16     19     -3 (VIOLATED)
fanout304/X                              16     19     -3 (VIOLATED)
fanout341/X                              16     19     -3 (VIOLATED)
fanout345/X                              16     19     -3 (VIOLATED)
fanout358/X                              16     19     -3 (VIOLATED)
fanout371/X                              16     19     -3 (VIOLATED)
fanout393/X                              16     19     -3 (VIOLATED)
fanout421/X                              16     19     -3 (VIOLATED)
fanout440/X                              16     19     -3 (VIOLATED)
fanout458/X                              16     19     -3 (VIOLATED)
fanout461/X                              16     19     -3 (VIOLATED)
fanout472/X                              16     19     -3 (VIOLATED)
hold1501/X                               16     19     -3 (VIOLATED)
hold2923/X                               16     19     -3 (VIOLATED)
_06207_/X                                16     17        (VIOLATED)
_06261_/X                                16     17        (VIOLATED)
_06687_/X                                16     17        (VIOLATED)
_13518_/Q                                16     17        (VIOLATED)
_13519_/Q                                16     17        (VIOLATED)
clkbuf_0_clk/X                           16     17        (VIOLATED)
clkbuf_5_12__f_clk/X                     16     17        (VIOLATED)
clkbuf_5_14__f_clk/X                     16     17        (VIOLATED)
clkbuf_5_22__f_clk/X                     16     17        (VIOLATED)
clkbuf_5_29__f_clk/X                     16     17        (VIOLATED)
clkbuf_5_2__f_clk/X                      16     17        (VIOLATED)
clkbuf_5_8__f_clk/X                      16     17        (VIOLATED)
clkbuf_leaf_46_clk/X                     16     17        (VIOLATED)
clkbuf_leaf_67_clk/X                     16     17        (VIOLATED)
fanout146/X                              16     17        (VIOLATED)
fanout251/X                              16     17        (VIOLATED)
fanout255/X                              16     17        (VIOLATED)
fanout309/X                              16     17        (VIOLATED)
fanout329/X                              16     17        (VIOLATED)
fanout337/X                              16     17        (VIOLATED)
fanout338/X                              16     17        (VIOLATED)
fanout353/X                              16     17        (VIOLATED)
fanout373/X                              16     17        (VIOLATED)
fanout384/X                              16     17        (VIOLATED)
fanout394/X                              16     17        (VIOLATED)
fanout403/X                              16     17        (VIOLATED)
fanout412/X                              16     17        (VIOLATED)
fanout414/X                              16     17        (VIOLATED)
fanout487/X                              16     17        (VIOLATED)
fanout496/X                              16     17        (VIOLATED)
fanout505/X                              16     17        (VIOLATED)
hold2037/X                               16     17        (VIOLATED)
hold2550/X                               16     17        (VIOLATED)
hold2617/X                               16     17        (VIOLATED)
hold2625/X                               16     17        (VIOLATED)

max capacitance

Pin                                        Limit         Cap       Slack
------------------------------------------------------------------------
_06225_/Y                               0.065012    0.070350   -0.005338 (VIOLATED)
hold2659/X                              0.100718    0.102163   -0.001445 (VIOLATED)



===========================================================================
report_parasitic_annotation -report_unannotated
============================================================================
Found 338 unannotated drivers.
 io_in[0]
 io_in[10]
 io_in[11]
 io_in[12]
 io_in[13]
 io_in[14]
 io_in[15]
 io_in[16]
 io_in[17]
 io_in[18]
 io_in[19]
 io_in[1]
 io_in[20]
 io_in[22]
 io_in[23]
 io_in[24]
 io_in[25]
 io_in[26]
 io_in[27]
 io_in[28]
 io_in[29]
 io_in[2]
 io_in[30]
 io_in[31]
 io_in[32]
 io_in[33]
 io_in[34]
 io_in[35]
 io_in[36]
 io_in[37]
 io_in[3]
 io_in[4]
 io_in[5]
 io_in[6]
 io_in[7]
 io_in[8]
 io_in[9]
 _13585__560/HI
 _13586__571/HI
 _13587__570/HI
 _13588__569/HI
 _13589__568/HI
 _13590__567/HI
 _13591__566/HI
 _13592__565/HI
 _13593__564/HI
 _13594__563/HI
 _13595__562/HI
 _13596__561/HI
 clkload0/Y
 clkload1/X
 clkload10/Y
 clkload100/X
 clkload101/X
 clkload102/Y
 clkload103/X
 clkload104/Y
 clkload105/Y
 clkload106/Y
 clkload107/Y
 clkload108/Y
 clkload109/Y
 clkload11/Y
 clkload110/Y
 clkload111/Y
 clkload112/Y
 clkload113/Y
 clkload114/Y
 clkload115/Y
 clkload116/Y
 clkload117/X
 clkload118/Y
 clkload119/X
 clkload12/X
 clkload120/X
 clkload121/X
 clkload122/Y
 clkload123/X
 clkload124/Y
 clkload125/X
 clkload126/Y
 clkload127/Y
 clkload128/Y
 clkload129/Y
 clkload13/X
 clkload130/Y
 clkload131/Y
 clkload132/Y
 clkload133/Y
 clkload134/Y
 clkload135/Y
 clkload136/Y
 clkload137/Y
 clkload138/X
 clkload139/Y
 clkload14/X
 clkload140/Y
 clkload141/Y
 clkload142/X
 clkload143/Y
 clkload144/Y
 clkload145/Y
 clkload146/X
 clkload147/Y
 clkload148/X
 clkload149/Y
 clkload15/X
 clkload150/Y
 clkload151/Y
 clkload152/X
 clkload153/Y
 clkload154/X
 clkload155/Y
 clkload156/Y
 clkload157/Y
 clkload158/Y
 clkload159/Y
 clkload16/Y
 clkload160/X
 clkload161/X
 clkload162/Y
 clkload163/Y
 clkload164/Y
 clkload165/X
 clkload166/Y
 clkload167/Y
 clkload168/Y
 clkload169/Y
 clkload17/Y
 clkload170/Y
 clkload171/X
 clkload172/X
 clkload173/X
 clkload174/X
 clkload175/Y
 clkload176/Y
 clkload177/Y
 clkload178/Y
 clkload179/Y
 clkload18/X
 clkload180/Y
 clkload181/X
 clkload182/Y
 clkload183/Y
 clkload184/Y
 clkload185/Y
 clkload186/Y
 clkload187/Y
 clkload188/Y
 clkload189/Y
 clkload19/X
 clkload190/Y
 clkload191/Y
 clkload192/X
 clkload193/Y
 clkload194/Y
 clkload195/X
 clkload196/Y
 clkload197/Y
 clkload198/Y
 clkload199/X
 clkload2/Y
 clkload20/X
 clkload200/X
 clkload201/Y
 clkload202/Y
 clkload203/Y
 clkload204/X
 clkload205/Y
 clkload206/Y
 clkload207/Y
 clkload208/Y
 clkload209/Y
 clkload21/Y
 clkload210/Y
 clkload211/Y
 clkload22/Y
 clkload23/X
 clkload24/Y
 clkload25/Y
 clkload26/X
 clkload27/Y
 clkload28/X
 clkload29/Y
 clkload3/X
 clkload30/Y
 clkload31/Y
 clkload32/Y
 clkload33/Y
 clkload34/Y
 clkload35/Y
 clkload36/X
 clkload37/Y
 clkload38/Y
 clkload39/Y
 clkload4/X
 clkload40/X
 clkload41/Y
 clkload42/Y
 clkload43/Y
 clkload44/Y
 clkload45/Y
 clkload46/Y
 clkload47/Y
 clkload48/Y
 clkload49/Y
 clkload5/Y
 clkload50/Y
 clkload51/Y
 clkload52/Y
 clkload53/X
 clkload54/Y
 clkload55/Y
 clkload56/Y
 clkload57/X
 clkload58/X
 clkload59/Y
 clkload6/Y
 clkload60/Y
 clkload61/X
 clkload62/Y
 clkload63/Y
 clkload64/Y
 clkload65/Y
 clkload66/Y
 clkload67/Y
 clkload68/X
 clkload69/Y
 clkload7/Y
 clkload70/Y
 clkload71/Y
 clkload72/Y
 clkload73/Y
 clkload74/Y
 clkload75/Y
 clkload76/Y
 clkload77/Y
 clkload78/Y
 clkload79/Y
 clkload8/Y
 clkload80/Y
 clkload81/Y
 clkload82/Y
 clkload83/X
 clkload84/Y
 clkload85/Y
 clkload86/Y
 clkload87/Y
 clkload88/Y
 clkload89/Y
 clkload9/Y
 clkload90/Y
 clkload91/Y
 clkload92/Y
 clkload93/X
 clkload94/Y
 clkload95/Y
 clkload96/Y
 clkload97/X
 clkload98/Y
 clkload99/Y
 picorv32_soc_520/HI
 picorv32_soc_521/HI
 picorv32_soc_522/HI
 picorv32_soc_523/HI
 picorv32_soc_524/HI
 picorv32_soc_525/HI
 picorv32_soc_526/HI
 picorv32_soc_527/HI
 picorv32_soc_528/HI
 picorv32_soc_529/HI
 picorv32_soc_530/HI
 picorv32_soc_531/HI
 picorv32_soc_532/HI
 picorv32_soc_533/HI
 picorv32_soc_534/HI
 picorv32_soc_535/HI
 picorv32_soc_536/HI
 picorv32_soc_537/HI
 picorv32_soc_538/HI
 picorv32_soc_539/HI
 picorv32_soc_540/HI
 picorv32_soc_541/HI
 picorv32_soc_542/HI
 picorv32_soc_543/HI
 picorv32_soc_544/HI
 picorv32_soc_545/HI
 picorv32_soc_546/HI
 picorv32_soc_547/HI
 picorv32_soc_548/HI
 picorv32_soc_549/HI
 picorv32_soc_550/HI
 picorv32_soc_551/HI
 picorv32_soc_552/HI
 picorv32_soc_553/HI
 picorv32_soc_554/HI
 picorv32_soc_555/HI
 picorv32_soc_556/HI
 picorv32_soc_557/HI
 picorv32_soc_558/HI
 picorv32_soc_559/HI
 picorv32_soc_572/LO
 picorv32_soc_573/LO
 picorv32_soc_574/LO
 picorv32_soc_575/LO
 picorv32_soc_576/LO
 picorv32_soc_577/LO
 picorv32_soc_578/LO
 picorv32_soc_579/LO
 picorv32_soc_580/LO
 picorv32_soc_581/LO
 picorv32_soc_582/LO
 picorv32_soc_583/LO
 picorv32_soc_584/LO
 picorv32_soc_585/LO
 picorv32_soc_586/LO
 picorv32_soc_587/LO
 picorv32_soc_588/LO
 picorv32_soc_589/LO
 picorv32_soc_590/LO
 picorv32_soc_591/LO
 picorv32_soc_592/LO
 picorv32_soc_593/LO
 picorv32_soc_594/LO
 picorv32_soc_595/LO
 picorv32_soc_596/LO
 picorv32_soc_597/LO
 picorv32_soc_598/LO
 picorv32_soc_599/LO
 picorv32_soc_600/LO
 picorv32_soc_601/LO
 picorv32_soc_602/LO
 picorv32_soc_603/LO
 picorv32_soc_604/LO
 picorv32_soc_605/LO
 picorv32_soc_606/LO
 picorv32_soc_607/LO
 picorv32_soc_608/LO
Found 0 partially unannotated drivers.

===========================================================================
max slew violation count 356
max fanout violation count 406
max cap violation count 2
============================================================================

===========================================================================
check_setup -verbose -unconstrained_endpoints -multiple_clock -no_clock -no_input_delay -loops -generated_clocks
===========================================================================
Warning: There are 71 input ports missing set_input_delay.
  io_in[0]
  io_in[10]
  io_in[11]
  io_in[12]
  io_in[13]
  io_in[14]
  io_in[15]
  io_in[16]
  io_in[17]
  io_in[18]
  io_in[19]
  io_in[1]
  io_in[20]
  io_in[21]
  io_in[22]
  io_in[23]
  io_in[24]
  io_in[25]
  io_in[26]
  io_in[27]
  io_in[28]
  io_in[29]
  io_in[2]
  io_in[30]
  io_in[31]
  io_in[32]
  io_in[33]
  io_in[34]
  io_in[35]
  io_in[36]
  io_in[37]
  io_in[3]
  io_in[4]
  io_in[5]
  io_in[6]
  io_in[7]
  io_in[8]
  io_in[9]
  mem_rdata[0]
  mem_rdata[10]
  mem_rdata[11]
  mem_rdata[12]
  mem_rdata[13]
  mem_rdata[14]
  mem_rdata[15]
  mem_rdata[16]
  mem_rdata[17]
  mem_rdata[18]
  mem_rdata[19]
  mem_rdata[1]
  mem_rdata[20]
  mem_rdata[21]
  mem_rdata[22]
  mem_rdata[23]
  mem_rdata[24]
  mem_rdata[25]
  mem_rdata[26]
  mem_rdata[27]
  mem_rdata[28]
  mem_rdata[29]
  mem_rdata[2]
  mem_rdata[30]
  mem_rdata[31]
  mem_rdata[3]
  mem_rdata[4]
  mem_rdata[5]
  mem_rdata[6]
  mem_rdata[7]
  mem_rdata[8]
  mem_rdata[9]
  rst_n
Warning: There are 138 unconstrained endpoints.
  io_oeb[0]
  io_oeb[10]
  io_oeb[11]
  io_oeb[12]
  io_oeb[13]
  io_oeb[14]
  io_oeb[15]
  io_oeb[16]
  io_oeb[17]
  io_oeb[18]
  io_oeb[19]
  io_oeb[1]
  io_oeb[20]
  io_oeb[21]
  io_oeb[22]
  io_oeb[23]
  io_oeb[24]
  io_oeb[25]
  io_oeb[26]
  io_oeb[27]
  io_oeb[28]
  io_oeb[29]
  io_oeb[2]
  io_oeb[30]
  io_oeb[31]
  io_oeb[32]
  io_oeb[33]
  io_oeb[34]
  io_oeb[35]
  io_oeb[36]
  io_oeb[37]
  io_oeb[3]
  io_oeb[4]
  io_oeb[5]
  io_oeb[6]
  io_oeb[7]
  io_oeb[8]
  io_oeb[9]
  io_out[0]
  io_out[10]
  io_out[11]
  io_out[12]
  io_out[13]
  io_out[14]
  io_out[15]
  io_out[16]
  io_out[17]
  io_out[18]
  io_out[19]
  io_out[1]
  io_out[20]
  io_out[21]
  io_out[22]
  io_out[23]
  io_out[24]
  io_out[25]
  io_out[26]
  io_out[27]
  io_out[28]
  io_out[29]
  io_out[2]
  io_out[30]
  io_out[31]
  io_out[32]
  io_out[33]
  io_out[34]
  io_out[35]
  io_out[36]
  io_out[37]
  io_out[3]
  io_out[4]
  io_out[5]
  io_out[6]
  io_out[7]
  io_out[8]
  io_out[9]
  irq_out[0]
  irq_out[1]
  irq_out[2]
  mem_addr[0]
  mem_addr[1]
  mem_addr[2]
  mem_addr[3]
  mem_addr[4]
  mem_addr[5]
  mem_addr[6]
  mem_addr[7]
  mem_addr[8]
  mem_en
  mem_wdata[0]
  mem_wdata[10]
  mem_wdata[11]
  mem_wdata[12]
  mem_wdata[13]
  mem_wdata[14]
  mem_wdata[15]
  mem_wdata[16]
  mem_wdata[17]
  mem_wdata[18]
  mem_wdata[19]
  mem_wdata[1]
  mem_wdata[20]
  mem_wdata[21]
  mem_wdata[22]
  mem_wdata[23]
  mem_wdata[24]
  mem_wdata[25]
  mem_wdata[26]
  mem_wdata[27]
  mem_wdata[28]
  mem_wdata[29]
  mem_wdata[2]
  mem_wdata[30]
  mem_wdata[31]
  mem_wdata[3]
  mem_wdata[4]
  mem_wdata[5]
  mem_wdata[6]
  mem_wdata[7]
  mem_wdata[8]
  mem_wdata[9]
  mem_we[0]
  mem_we[1]
  mem_we[2]
  mem_we[3]
  _13532_/D
  _13585_/D
  _13586_/D
  _13587_/D
  _13588_/D
  _13589_/D
  _13590_/D
  _13591_/D
  _13592_/D
  _13593_/D
  _13594_/D
  _13595_/D
  _13596_/D
