Clock: clk
Sources: clk 
Generated: no
Virtual: yes
Propagated: no
Period: 25.000000

===========================================================================
report_clock_properties
============================================================================
Clock                   Period          Waveform
----------------------------------------------------
clk                  25.000000    0.000000 12.500000

===========================================================================
report_clock_latency
============================================================================
Clock clk
rise -> rise
    min     max
4.650000 5.570000 source latency
6.041698         network latency _13182_/CLK
        7.467041 network latency _13399_/CLK
---------------
10.691698 13.037041 latency
        2.345342 skew

fall -> fall
    min     max
4.650000 5.570000 source latency
6.023207         network latency _13182_/CLK
        7.386184 network latency _13399_/CLK
---------------
10.673206 12.956184 latency
        2.282977 skew



===========================================================================
report_clock_min_period
============================================================================
clk period_min = 20.73 fmax = 48.25
