Starting…
Gating variable for step 'Verilator.Lint' set to 'False'- the step will be skipped.
Skipping step 'Verilator Lint'…
Gating variable for step 'Checker.LintTimingConstructs' set to 'False'- the step will be skipped.
Skipping step 'Lint Timing Error Checker'…
Gating variable for step 'Checker.LintErrors' set to 'False'- the step will be skipped.
Skipping step 'Lint Errors Checker'…
Gating variable for step 'Checker.LintWarnings' set to 'False'- the step will be skipped.
Skipping step 'Lint Warnings Checker'…
Running 'Yosys.JsonHeader' at 'memory_macro/runs/25_11_28_01_45/01-yosys-jsonheader'…
Logging subprocess to [repr.filename]'memory_macro/runs/25_11_28_01_45/01-yosys-jsonheader/yosys-jsonheader.log'[/repr.filename]…
Running 'Yosys.Synthesis' at 'memory_macro/runs/25_11_28_01_45/02-yosys-synthesis'…
Logging subprocess to [repr.filename]'memory_macro/runs/25_11_28_01_45/02-yosys-synthesis/yosys-synthesis.log'[/repr.filename]…
Parsing synthesis checks…
Running 'Checker.YosysUnmappedCells' at 'memory_macro/runs/25_11_28_01_45/03-checker-yosysunmappedcells'…
Check for Unmapped Yosys instances clear.
Running 'Checker.YosysSynthChecks' at 'memory_macro/runs/25_11_28_01_45/04-checker-yosyssynthchecks'…
Check for Yosys check errors clear.
Running 'Checker.NetlistAssignStatements' at 'memory_macro/runs/25_11_28_01_45/05-checker-netlistassignstatements'…
Running 'OpenROAD.CheckSDCFiles' at 'memory_macro/runs/25_11_28_01_45/06-openroad-checksdcfiles'…
Running 'OpenROAD.CheckMacroInstances' at 'memory_macro/runs/25_11_28_01_45/07-openroad-checkmacroinstances'…
No macros found, skipping instance check…
Running 'OpenROAD.STAPrePNR' at 'memory_macro/runs/25_11_28_01_45/08-openroad-staprepnr'…
Starting STA for the nom_tt_025C_1v80 timing corner…
Starting STA for the nom_ss_100C_1v60 timing corner…
Starting STA for the nom_ff_n40C_1v95 timing corner…
Skipping corner min_tt_025C_1v80 for STA (identical to nom_tt_025C_1v80 at this stage)…
Skipping corner min_ss_100C_1v60 for STA (identical to nom_ss_100C_1v60 at this stage)…
Skipping corner min_ff_n40C_1v95 for STA (identical to nom_ff_n40C_1v95 at this stage)…
Skipping corner max_tt_025C_1v80 for STA (identical to nom_tt_025C_1v80 at this stage)…
Skipping corner max_ss_100C_1v60 for STA (identical to nom_ss_100C_1v60 at this stage)…
Logging subprocess to [repr.filename]'memory_macro/runs/25_11_28_01_45/08-openroad-staprepnr/nom_ss_100C_1v60/sta.log'[/repr.filename]…
Skipping corner max_ff_n40C_1v95 for STA (identical to nom_ff_n40C_1v95 at this stage)…
Logging subprocess to [repr.filename]'memory_macro/runs/25_11_28_01_45/08-openroad-staprepnr/nom_tt_025C_1v80/sta.log'[/repr.filename]…
Logging subprocess to [repr.filename]'memory_macro/runs/25_11_28_01_45/08-openroad-staprepnr/nom_ff_n40C_1v95/sta.log'[/repr.filename]…
Finished STA for the nom_ss_100C_1v60 timing corner.
Finished STA for the nom_ff_n40C_1v95 timing corner.
Finished STA for the nom_tt_025C_1v80 timing corner.
Running 'OpenROAD.Floorplan' at 'memory_macro/runs/25_11_28_01_45/09-openroad-floorplan'…
Logging subprocess to [repr.filename]'memory_macro/runs/25_11_28_01_45/09-openroad-floorplan/openroad-floorplan.log'[/repr.filename]…
Running 'Odb.CheckMacroAntennaProperties' at 'memory_macro/runs/25_11_28_01_45/10-odb-checkmacroantennaproperties'…
No cells provided, skipping…
Running 'Odb.SetPowerConnections' at 'memory_macro/runs/25_11_28_01_45/11-odb-setpowerconnections'…
Logging subprocess to [repr.filename]'memory_macro/runs/25_11_28_01_45/11-odb-setpowerconnections/odb-setpowerconnections.log'[/repr.filename]…
Running 'Odb.ManualMacroPlacement' at 'memory_macro/runs/25_11_28_01_45/12-odb-manualmacroplacement'…
No instances found, skipping 'Odb.ManualMacroPlacement'…
Running 'OpenROAD.CutRows' at 'memory_macro/runs/25_11_28_01_45/13-openroad-cutrows'…
Logging subprocess to [repr.filename]'memory_macro/runs/25_11_28_01_45/13-openroad-cutrows/openroad-cutrows.log'[/repr.filename]…
Running 'OpenROAD.TapEndcapInsertion' at 'memory_macro/runs/25_11_28_01_45/14-openroad-tapendcapinsertion'…
Logging subprocess to [repr.filename]'memory_macro/runs/25_11_28_01_45/14-openroad-tapendcapinsertion/openroad-tapendcapinsertion.log'[/repr.filename]…
Running 'Odb.AddPDNObstructions' at 'memory_macro/runs/25_11_28_01_45/15-odb-addpdnobstructions'…
'PDN_OBSTRUCTIONS' is not defined. Skipping 'Odb.AddPDNObstructions'…
Running 'OpenROAD.GeneratePDN' at 'memory_macro/runs/25_11_28_01_45/16-openroad-generatepdn'…
'FP_PDN_CFG' not explicitly set, setting it to /nix/store/pqxyc4xmydcs5adig47yyc29r3svp5nx-python3-3.11.9-env/lib/python3.11/site-packages/librelane/scripts/openroad/common/pdn_cfg.tcl…
Logging subprocess to [repr.filename]'memory_macro/runs/25_11_28_01_45/16-openroad-generatepdn/openroad-generatepdn.log'[/repr.filename]…
Running 'Odb.RemovePDNObstructions' at 'memory_macro/runs/25_11_28_01_45/17-odb-removepdnobstructions'…
'PDN_OBSTRUCTIONS' is not defined. Skipping 'Odb.RemovePDNObstructions'…
Running 'Odb.AddRoutingObstructions' at 'memory_macro/runs/25_11_28_01_45/18-odb-addroutingobstructions'…
'ROUTING_OBSTRUCTIONS' is not defined. Skipping 'Odb.AddRoutingObstructions'…
Running 'OpenROAD.GlobalPlacementSkipIO' at 'memory_macro/runs/25_11_28_01_45/19-openroad-globalplacementskipio'…
Logging subprocess to [repr.filename]'memory_macro/runs/25_11_28_01_45/19-openroad-globalplacementskipio/openroad-globalplacementskipio.log'[/repr.filename]…
Running 'OpenROAD.IOPlacement' at 'memory_macro/runs/25_11_28_01_45/20-openroad-ioplacement'…
FP_PIN_ORDER_CFG is set. Skipping 'OpenROAD.IOPlacement'…
Running 'Odb.CustomIOPlacement' at 'memory_macro/runs/25_11_28_01_45/21-odb-customioplacement'…
Logging subprocess to [repr.filename]'memory_macro/runs/25_11_28_01_45/21-odb-customioplacement/odb-customioplacement.log'[/repr.filename]…
Running 'Odb.ApplyDEFTemplate' at 'memory_macro/runs/25_11_28_01_45/22-odb-applydeftemplate'…
No DEF template provided, skipping…
Running 'OpenROAD.GlobalPlacement' at 'memory_macro/runs/25_11_28_01_45/23-openroad-globalplacement'…
Logging subprocess to [repr.filename]'memory_macro/runs/25_11_28_01_45/23-openroad-globalplacement/openroad-globalplacement.log'[/repr.filename]…
Running 'Odb.WriteVerilogHeader' at 'memory_macro/runs/25_11_28_01_45/24-odb-writeverilogheader'…
Logging subprocess to [repr.filename]'memory_macro/runs/25_11_28_01_45/24-odb-writeverilogheader/odb-writeverilogheader.log'[/repr.filename]…
Running 'Checker.PowerGridViolations' at 'memory_macro/runs/25_11_28_01_45/25-checker-powergridviolations'…
Check for power grid violations (as reported by OpenROAD PSM- you may ignore these if LVS passes) clear.
Running 'OpenROAD.STAMidPNR' at 'memory_macro/runs/25_11_28_01_45/26-openroad-stamidpnr'…
Logging subprocess to [repr.filename]'memory_macro/runs/25_11_28_01_45/26-openroad-stamidpnr/openroad-stamidpnr.log'[/repr.filename]…
[GRT-0097] No global routing found for nets.
Running 'OpenROAD.RepairDesignPostGPL' at 'memory_macro/runs/25_11_28_01_45/27-openroad-repairdesignpostgpl'…
Logging subprocess to [repr.filename]'memory_macro/runs/25_11_28_01_45/27-openroad-repairdesignpostgpl/openroad-repairdesignpostgpl.log'[/repr.filename]…
Running 'Odb.ManualGlobalPlacement' at 'memory_macro/runs/25_11_28_01_45/28-odb-manualglobalplacement'…
'MANUAL_GLOBAL_PLACEMENTS' not set, skipping…
Running 'OpenROAD.DetailedPlacement' at 'memory_macro/runs/25_11_28_01_45/29-openroad-detailedplacement'…
Logging subprocess to [repr.filename]'memory_macro/runs/25_11_28_01_45/29-openroad-detailedplacement/openroad-detailedplacement.log'[/repr.filename]…
Running 'OpenROAD.CTS' at 'memory_macro/runs/25_11_28_01_45/30-openroad-cts'…
Logging subprocess to [repr.filename]'memory_macro/runs/25_11_28_01_45/30-openroad-cts/openroad-cts.log'[/repr.filename]…
[RSZ-0065] max wire length less than 5786u increases wire delays.
Running 'OpenROAD.STAMidPNR-1' at 'memory_macro/runs/25_11_28_01_45/31-openroad-stamidpnr-1'…
Logging subprocess to [repr.filename]'memory_macro/runs/25_11_28_01_45/31-openroad-stamidpnr-1/openroad-stamidpnr-1.log'[/repr.filename]…
[GRT-0097] No global routing found for nets.
Running 'OpenROAD.ResizerTimingPostCTS' at 'memory_macro/runs/25_11_28_01_45/32-openroad-resizertimingpostcts'…
Logging subprocess to [repr.filename]'memory_macro/runs/25_11_28_01_45/32-openroad-resizertimingpostcts/openroad-resizertimingpostcts.log'[/repr.filename]…
Running 'OpenROAD.STAMidPNR-2' at 'memory_macro/runs/25_11_28_01_45/33-openroad-stamidpnr-2'…
Logging subprocess to [repr.filename]'memory_macro/runs/25_11_28_01_45/33-openroad-stamidpnr-2/openroad-stamidpnr-2.log'[/repr.filename]…
[GRT-0097] No global routing found for nets.
Running 'OpenROAD.GlobalRouting' at 'memory_macro/runs/25_11_28_01_45/34-openroad-globalrouting'…
Logging subprocess to [repr.filename]'memory_macro/runs/25_11_28_01_45/34-openroad-globalrouting/openroad-globalrouting.log'[/repr.filename]…
Running 'OpenROAD.CheckAntennas' at 'memory_macro/runs/25_11_28_01_45/35-openroad-checkantennas'…
Logging subprocess to [repr.filename]'memory_macro/runs/25_11_28_01_45/35-openroad-checkantennas/openroad-checkantennas.log'[/repr.filename]…
Running 'OpenROAD.RepairDesignPostGRT' at 'memory_macro/runs/25_11_28_01_45/36-openroad-repairdesignpostgrt'…
Logging subprocess to [repr.filename]'memory_macro/runs/25_11_28_01_45/36-openroad-repairdesignpostgrt/openroad-repairdesignpostgrt.log'[/repr.filename]…
Running 'Odb.DiodesOnPorts' at 'memory_macro/runs/25_11_28_01_45/37-odb-diodesonports'…
'DIODE_ON_PORTS' is set to 'none': skipping…
Running 'Odb.HeuristicDiodeInsertion' at 'memory_macro/runs/25_11_28_01_45/38-odb-heuristicdiodeinsertion'…
Running 'Odb.FuzzyDiodePlacement' at 'memory_macro/runs/25_11_28_01_45/38-odb-heuristicdiodeinsertion/1-odb-fuzzydiodeplacement'…
Logging subprocess to [repr.filename]'memory_macro/runs/25_11_28_01_45/38-odb-heuristicdiodeinsertion/1-odb-fuzzydiodeplacement/odb-fuzzydiodeplacement.log'[/repr.filename]…
Running 'OpenROAD.DetailedPlacement' at 'memory_macro/runs/25_11_28_01_45/38-odb-heuristicdiodeinsertion/2-openroad-detailedplacement'…
Logging subprocess to [repr.filename]'memory_macro/runs/25_11_28_01_45/38-odb-heuristicdiodeinsertion/2-openroad-detailedplacement/openroad-detailedplacement.log'[/repr.filename]…
Running 'OpenROAD.GlobalRouting' at 'memory_macro/runs/25_11_28_01_45/38-odb-heuristicdiodeinsertion/3-openroad-globalrouting'…
Logging subprocess to [repr.filename]'memory_macro/runs/25_11_28_01_45/38-odb-heuristicdiodeinsertion/3-openroad-globalrouting/openroad-globalrouting.log'[/repr.filename]…
Running 'OpenROAD.RepairAntennas' at 'memory_macro/runs/25_11_28_01_45/39-openroad-repairantennas'…
Running 'DiodeInsertion' at 'memory_macro/runs/25_11_28_01_45/39-openroad-repairantennas/1-diodeinsertion'…
Logging subprocess to [repr.filename]'memory_macro/runs/25_11_28_01_45/39-openroad-repairantennas/1-diodeinsertion/diodeinsertion.log'[/repr.filename]…
Running 'OpenROAD.CheckAntennas' at 'memory_macro/runs/25_11_28_01_45/39-openroad-repairantennas/2-openroad-checkantennas'…
Logging subprocess to [repr.filename]'memory_macro/runs/25_11_28_01_45/39-openroad-repairantennas/2-openroad-checkantennas/openroad-checkantennas.log'[/repr.filename]…
Running 'OpenROAD.ResizerTimingPostGRT' at 'memory_macro/runs/25_11_28_01_45/40-openroad-resizertimingpostgrt'…
Logging subprocess to [repr.filename]'memory_macro/runs/25_11_28_01_45/40-openroad-resizertimingpostgrt/openroad-resizertimingpostgrt.log'[/repr.filename]…
Running 'OpenROAD.STAMidPNR-3' at 'memory_macro/runs/25_11_28_01_45/41-openroad-stamidpnr-3'…
Logging subprocess to [repr.filename]'memory_macro/runs/25_11_28_01_45/41-openroad-stamidpnr-3/openroad-stamidpnr-3.log'[/repr.filename]…
Running 'OpenROAD.DetailedRouting' at 'memory_macro/runs/25_11_28_01_45/42-openroad-detailedrouting'…
Running TritonRoute with 8 threads…
Logging subprocess to [repr.filename]'memory_macro/runs/25_11_28_01_45/42-openroad-detailedrouting/openroad-detailedrouting.log'[/repr.filename]…
[DRT-0349] LEF58_ENCLOSURE with no CUTCLASS is not supported. Skipping for layer mcon
[DRT-0349] LEF58_ENCLOSURE with no CUTCLASS is not supported. Skipping for layer mcon
[DRT-0349] LEF58_ENCLOSURE with no CUTCLASS is not supported. Skipping for layer via
[DRT-0349] LEF58_ENCLOSURE with no CUTCLASS is not supported. Skipping for layer via
[DRT-0349] LEF58_ENCLOSURE with no CUTCLASS is not supported. Skipping for layer via2
[DRT-0349] LEF58_ENCLOSURE with no CUTCLASS is not supported. Skipping for layer via2
[DRT-0349] LEF58_ENCLOSURE with no CUTCLASS is not supported. Skipping for layer via3
[DRT-0349] LEF58_ENCLOSURE with no CUTCLASS is not supported. Skipping for layer via3
[DRT-0349] LEF58_ENCLOSURE with no CUTCLASS is not supported. Skipping for layer via4
[DRT-0349] LEF58_ENCLOSURE with no CUTCLASS is not supported. Skipping for layer via4
Running 'Odb.RemoveRoutingObstructions' at 'memory_macro/runs/25_11_28_01_45/43-odb-removeroutingobstructions'…
'ROUTING_OBSTRUCTIONS' is not defined. Skipping 'Odb.RemoveRoutingObstructions'…
Running 'OpenROAD.CheckAntennas-1' at 'memory_macro/runs/25_11_28_01_45/44-openroad-checkantennas-1'…
Logging subprocess to [repr.filename]'memory_macro/runs/25_11_28_01_45/44-openroad-checkantennas-1/openroad-checkantennas-1.log'[/repr.filename]…
Running 'Checker.TrDRC' at 'memory_macro/runs/25_11_28_01_45/45-checker-trdrc'…
Check for Routing DRC errors clear.
Running 'Odb.ReportDisconnectedPins' at 'memory_macro/runs/25_11_28_01_45/46-odb-reportdisconnectedpins'…
Logging subprocess to [repr.filename]'memory_macro/runs/25_11_28_01_45/46-odb-reportdisconnectedpins/odb-reportdisconnectedpins.log'[/repr.filename]…
Running 'Checker.DisconnectedPins' at 'memory_macro/runs/25_11_28_01_45/47-checker-disconnectedpins'…
Check for critical disconnected pins clear.
Running 'Odb.ReportWireLength' at 'memory_macro/runs/25_11_28_01_45/48-odb-reportwirelength'…
Logging subprocess to [repr.filename]'memory_macro/runs/25_11_28_01_45/48-odb-reportwirelength/odb-reportwirelength.log'[/repr.filename]…
Running 'Checker.WireLength' at 'memory_macro/runs/25_11_28_01_45/49-checker-wirelength'…
Threshold for Threshold-surpassing long wires is not set. The checker will be skipped.
Running 'OpenROAD.FillInsertion' at 'memory_macro/runs/25_11_28_01_45/50-openroad-fillinsertion'…
Logging subprocess to [repr.filename]'memory_macro/runs/25_11_28_01_45/50-openroad-fillinsertion/openroad-fillinsertion.log'[/repr.filename]…
Running 'Odb.CellFrequencyTables' at 'memory_macro/runs/25_11_28_01_45/51-odb-cellfrequencytables'…
Logging subprocess to [repr.filename]'memory_macro/runs/25_11_28_01_45/51-odb-cellfrequencytables/buffer_list.txt'[/repr.filename]…
Logging subprocess to [repr.filename]'memory_macro/runs/25_11_28_01_45/51-odb-cellfrequencytables/odb-cellfrequencytables.log'[/repr.filename]…
Running 'OpenROAD.RCX' at 'memory_macro/runs/25_11_28_01_45/52-openroad-rcx'…
Running RCX for corners matching nom_* (/home/marwan/picoRV32_caravel/openlane/memory_macro/runs/25_11_28_01_45/52-openroad-rcx/nom/rcx.log)…
Running RCX for corners matching min_* (/home/marwan/picoRV32_caravel/openlane/memory_macro/runs/25_11_28_01_45/52-openroad-rcx/min/rcx.log)…
Running RCX for corners matching max_* (/home/marwan/picoRV32_caravel/openlane/memory_macro/runs/25_11_28_01_45/52-openroad-rcx/max/rcx.log)…
Logging subprocess to [repr.filename]'memory_macro/runs/25_11_28_01_45/52-openroad-rcx/nom/rcx.log'[/repr.filename]…
Logging subprocess to [repr.filename]'memory_macro/runs/25_11_28_01_45/52-openroad-rcx/min/rcx.log'[/repr.filename]…
Logging subprocess to [repr.filename]'memory_macro/runs/25_11_28_01_45/52-openroad-rcx/max/rcx.log'[/repr.filename]…
Finished RCX for corners matching nom_*.
Finished RCX for corners matching max_*.
Finished RCX for corners matching min_*.
Running 'OpenROAD.STAPostPNR' at 'memory_macro/runs/25_11_28_01_45/53-openroad-stapostpnr'…
Starting STA for the nom_tt_025C_1v80 timing corner…
Starting STA for the nom_ss_100C_1v60 timing corner…
Starting STA for the nom_ff_n40C_1v95 timing corner…
Starting STA for the min_tt_025C_1v80 timing corner…
Starting STA for the min_ss_100C_1v60 timing corner…
Starting STA for the min_ff_n40C_1v95 timing corner…
Starting STA for the max_tt_025C_1v80 timing corner…
Starting STA for the max_ss_100C_1v60 timing corner…
Logging subprocess to [repr.filename]'memory_macro/runs/25_11_28_01_45/53-openroad-stapostpnr/nom_tt_025C_1v80/sta.log'[/repr.filename]…
Logging subprocess to [repr.filename]'memory_macro/runs/25_11_28_01_45/53-openroad-stapostpnr/min_tt_025C_1v80/sta.log'[/repr.filename]…
Logging subprocess to [repr.filename]'memory_macro/runs/25_11_28_01_45/53-openroad-stapostpnr/max_tt_025C_1v80/sta.log'[/repr.filename]…
Logging subprocess to [repr.filename]'memory_macro/runs/25_11_28_01_45/53-openroad-stapostpnr/min_ss_100C_1v60/sta.log'[/repr.filename]…
Logging subprocess to [repr.filename]'memory_macro/runs/25_11_28_01_45/53-openroad-stapostpnr/nom_ss_100C_1v60/sta.log'[/repr.filename]…
Logging subprocess to [repr.filename]'memory_macro/runs/25_11_28_01_45/53-openroad-stapostpnr/max_ss_100C_1v60/sta.log'[/repr.filename]…
Logging subprocess to [repr.filename]'memory_macro/runs/25_11_28_01_45/53-openroad-stapostpnr/nom_ff_n40C_1v95/sta.log'[/repr.filename]…
Logging subprocess to [repr.filename]'memory_macro/runs/25_11_28_01_45/53-openroad-stapostpnr/min_ff_n40C_1v95/sta.log'[/repr.filename]…
Finished STA for the min_tt_025C_1v80 timing corner.
Logging subprocess to [repr.filename]'memory_macro/runs/25_11_28_01_45/53-openroad-stapostpnr/min_tt_025C_1v80/filter_unannotated.log'[/repr.filename]…
Finished STA for the min_ss_100C_1v60 timing corner.
Logging subprocess to [repr.filename]'memory_macro/runs/25_11_28_01_45/53-openroad-stapostpnr/min_ss_100C_1v60/filter_unannotated.log'[/repr.filename]…
Finished STA for the nom_tt_025C_1v80 timing corner.
Logging subprocess to [repr.filename]'memory_macro/runs/25_11_28_01_45/53-openroad-stapostpnr/nom_tt_025C_1v80/filter_unannotated.log'[/repr.filename]…
Finished STA for the max_ss_100C_1v60 timing corner.
Logging subprocess to [repr.filename]'memory_macro/runs/25_11_28_01_45/53-openroad-stapostpnr/max_ss_100C_1v60/filter_unannotated.log'[/repr.filename]…
Finished STA for the nom_ss_100C_1v60 timing corner.
Logging subprocess to [repr.filename]'memory_macro/runs/25_11_28_01_45/53-openroad-stapostpnr/nom_ss_100C_1v60/filter_unannotated.log'[/repr.filename]…
Finished STA for the min_ff_n40C_1v95 timing corner.
Finished STA for the nom_ff_n40C_1v95 timing corner.
Logging subprocess to [repr.filename]'memory_macro/runs/25_11_28_01_45/53-openroad-stapostpnr/nom_ff_n40C_1v95/filter_unannotated.log'[/repr.filename]…
Logging subprocess to [repr.filename]'memory_macro/runs/25_11_28_01_45/53-openroad-stapostpnr/min_ff_n40C_1v95/filter_unannotated.log'[/repr.filename]…
Finished STA for the max_tt_025C_1v80 timing corner.
Logging subprocess to [repr.filename]'memory_macro/runs/25_11_28_01_45/53-openroad-stapostpnr/max_tt_025C_1v80/filter_unannotated.log'[/repr.filename]…
Starting STA for the max_ff_n40C_1v95 timing corner…
Logging subprocess to [repr.filename]'memory_macro/runs/25_11_28_01_45/53-openroad-stapostpnr/max_ff_n40C_1v95/sta.log'[/repr.filename]…
Finished STA for the max_ff_n40C_1v95 timing corner.
Logging subprocess to [repr.filename]'memory_macro/runs/25_11_28_01_45/53-openroad-stapostpnr/max_ff_n40C_1v95/filter_unannotated.log'[/repr.filename]…
Running 'OpenROAD.IRDropReport' at 'memory_macro/runs/25_11_28_01_45/54-openroad-irdropreport'…
'VSRC_LOC_FILES' was not given a value, which may make the results of IR drop analysis inaccurate. If you are not integrating a top-level chip for manufacture, you may ignore this warning, otherwise, see the documentation for 'VSRC_LOC_FILES'.
Logging subprocess to [repr.filename]'memory_macro/runs/25_11_28_01_45/54-openroad-irdropreport/openroad-irdropreport.log'[/repr.filename]…
[INFO PSM-0040] All shapes on net vccd1 are connected.
########## IR report #################
Net              : vccd1
Corner           : nom_tt_025C_1v80
Supply voltage   : 1.80e+00 V
Worstcase voltage: 1.80e+00 V
Average voltage  : 1.80e+00 V
Average IR drop  : 2.83e-06 V
Worstcase IR drop: 1.55e-04 V
Percentage drop  : 0.01 %
######################################
[INFO PSM-0040] All shapes on net vssd1 are connected.
########## IR report #################
Net              : vssd1
Corner           : nom_tt_025C_1v80
Supply voltage   : 0.00e+00 V
Worstcase voltage: 2.23e-04 V
Average voltage  : 3.31e-06 V
Average IR drop  : 3.31e-06 V
Worstcase IR drop: 2.23e-04 V
Percentage drop  : 0.01 %
######################################

Running 'Magic.StreamOut' at 'memory_macro/runs/25_11_28_01_45/55-magic-streamout'…
Logging subprocess to [repr.filename]'memory_macro/runs/25_11_28_01_45/55-magic-streamout/magic-streamout.log'[/repr.filename]…
Running 'KLayout.StreamOut' at 'memory_macro/runs/25_11_28_01_45/56-klayout-streamout'…
Logging subprocess to [repr.filename]'memory_macro/runs/25_11_28_01_45/56-klayout-streamout/klayout-streamout.log'[/repr.filename]…
Running 'Magic.WriteLEF' at 'memory_macro/runs/25_11_28_01_45/57-magic-writelef'…
Logging subprocess to [repr.filename]'memory_macro/runs/25_11_28_01_45/57-magic-writelef/magic-writelef.log'[/repr.filename]…
Running 'Odb.CheckDesignAntennaProperties' at 'memory_macro/runs/25_11_28_01_45/58-odb-checkdesignantennaproperties'…
Logging subprocess to [repr.filename]'memory_macro/runs/25_11_28_01_45/58-odb-checkdesignantennaproperties/odb-checkdesignantennaproperties.log'[/repr.filename]…
Cell 'memory_macro' has (2) input pin(s) without antenna gate information. They might not be connected to a gate.
Running 'KLayout.XOR' at 'memory_macro/runs/25_11_28_01_45/59-klayout-xor'…
Running XOR with 8 threads…
Logging subprocess to [repr.filename]'memory_macro/runs/25_11_28_01_45/59-klayout-xor/klayout-xor.log'[/repr.filename]…
Running 'Checker.XOR' at 'memory_macro/runs/25_11_28_01_45/60-checker-xor'…
Check for XOR differences clear.
Running 'Magic.DRC' at 'memory_macro/runs/25_11_28_01_45/61-magic-drc'…
Logging subprocess to [repr.filename]'memory_macro/runs/25_11_28_01_45/61-magic-drc/magic-drc.log'[/repr.filename]…
Running 'KLayout.DRC' at 'memory_macro/runs/25_11_28_01_45/62-klayout-drc'…
Running KLayout DRC with 8 threads…
Logging subprocess to [repr.filename]'memory_macro/runs/25_11_28_01_45/62-klayout-drc/klayout-drc.log'[/repr.filename]…
Logging subprocess to [repr.filename]'memory_macro/runs/25_11_28_01_45/62-klayout-drc/xml_drc_report_to_json.log'[/repr.filename]…
Running 'Checker.MagicDRC' at 'memory_macro/runs/25_11_28_01_45/63-checker-magicdrc'…
Check for Magic DRC errors clear.
Running 'Checker.KLayoutDRC' at 'memory_macro/runs/25_11_28_01_45/64-checker-klayoutdrc'…
Check for KLayout DRC errors clear.
Running 'Magic.SpiceExtraction' at 'memory_macro/runs/25_11_28_01_45/65-magic-spiceextraction'…
Logging subprocess to [repr.filename]'memory_macro/runs/25_11_28_01_45/65-magic-spiceextraction/magic-spiceextraction.log'[/repr.filename]…
Running 'Checker.IllegalOverlap' at 'memory_macro/runs/25_11_28_01_45/66-checker-illegaloverlap'…
Check for Magic Illegal Overlap errors clear.
Running 'Netgen.LVS' at 'memory_macro/runs/25_11_28_01_45/67-netgen-lvs'…
Logging subprocess to [repr.filename]'memory_macro/runs/25_11_28_01_45/67-netgen-lvs/netgen-lvs.log'[/repr.filename]…
Running 'Checker.LVS' at 'memory_macro/runs/25_11_28_01_45/68-checker-lvs'…
Check for LVS errors clear.
Gating variable for step 'Yosys.EQY' set to 'False'- the step will be skipped.
Skipping step 'Equivalence Check'…
Running 'Checker.SetupViolations' at 'memory_macro/runs/25_11_28_01_45/69-checker-setupviolations'…
No setup violations found
Running 'Checker.HoldViolations' at 'memory_macro/runs/25_11_28_01_45/70-checker-holdviolations'…
No hold violations found
Running 'Checker.MaxSlewViolations' at 'memory_macro/runs/25_11_28_01_45/71-checker-maxslewviolations'…
Max Slew violations found in the following corners:
* max_ss_100C_1v60
* max_tt_025C_1v80
* min_ss_100C_1v60
* min_tt_025C_1v80
* nom_ss_100C_1v60
* nom_tt_025C_1v80
No max slew violations found
Running 'Checker.MaxCapViolations' at 'memory_macro/runs/25_11_28_01_45/72-checker-maxcapviolations'…
Max Cap violations found in the following corners:
* max_ss_100C_1v60
* min_ss_100C_1v60
* nom_ss_100C_1v60
No max cap violations found
Running 'Misc.ReportManufacturability' at 'memory_macro/runs/25_11_28_01_45/73-misc-reportmanufacturability'…
Saving views to '/home/marwan/picoRV32_caravel/openlane/memory_macro/runs/25_11_28_01_45/final'…
Flow complete.
