
Cell sky130_fd_sc_hd__fill_4 (0) disconnected node: VGND
Cell sky130_fd_sc_hd__fill_4 (0) disconnected node: VNB
Cell sky130_fd_sc_hd__fill_4 (0) disconnected node: VPB
Cell sky130_fd_sc_hd__fill_4 (0) disconnected node: VPWR
Cell sky130_fd_sc_hd__fill_4 (1) disconnected node: VGND
Cell sky130_fd_sc_hd__fill_4 (1) disconnected node: VNB
Cell sky130_fd_sc_hd__fill_4 (1) disconnected node: VPB
Cell sky130_fd_sc_hd__fill_4 (1) disconnected node: VPWR

Subcircuit pins:
Circuit 1: sky130_fd_sc_hd__fill_4         |Circuit 2: sky130_fd_sc_hd__fill_4         
-------------------------------------------|-------------------------------------------
VGND                                       |VGND                                       
VNB                                        |VNB                                        
VPB                                        |VPB                                        
VPWR                                       |VPWR                                       
---------------------------------------------------------------------------------------
Cell pin lists are equivalent.
Device classes sky130_fd_sc_hd__fill_4 and sky130_fd_sc_hd__fill_4 are equivalent.

Cell sky130_fd_sc_hd__fill_2 (0) disconnected node: VGND
Cell sky130_fd_sc_hd__fill_2 (0) disconnected node: VNB
Cell sky130_fd_sc_hd__fill_2 (0) disconnected node: VPB
Cell sky130_fd_sc_hd__fill_2 (0) disconnected node: VPWR
Cell sky130_fd_sc_hd__fill_2 (1) disconnected node: VGND
Cell sky130_fd_sc_hd__fill_2 (1) disconnected node: VNB
Cell sky130_fd_sc_hd__fill_2 (1) disconnected node: VPB
Cell sky130_fd_sc_hd__fill_2 (1) disconnected node: VPWR

Subcircuit pins:
Circuit 1: sky130_fd_sc_hd__fill_2         |Circuit 2: sky130_fd_sc_hd__fill_2         
-------------------------------------------|-------------------------------------------
VGND                                       |VGND                                       
VNB                                        |VNB                                        
VPB                                        |VPB                                        
VPWR                                       |VPWR                                       
---------------------------------------------------------------------------------------
Cell pin lists are equivalent.
Device classes sky130_fd_sc_hd__fill_2 and sky130_fd_sc_hd__fill_2 are equivalent.

Cell sky130_fd_sc_hd__fill_1 (0) disconnected node: VGND
Cell sky130_fd_sc_hd__fill_1 (0) disconnected node: VNB
Cell sky130_fd_sc_hd__fill_1 (0) disconnected node: VPB
Cell sky130_fd_sc_hd__fill_1 (0) disconnected node: VPWR
Cell sky130_fd_sc_hd__fill_1 (1) disconnected node: VGND
Cell sky130_fd_sc_hd__fill_1 (1) disconnected node: VNB
Cell sky130_fd_sc_hd__fill_1 (1) disconnected node: VPB
Cell sky130_fd_sc_hd__fill_1 (1) disconnected node: VPWR

Subcircuit pins:
Circuit 1: sky130_fd_sc_hd__fill_1         |Circuit 2: sky130_fd_sc_hd__fill_1         
-------------------------------------------|-------------------------------------------
VGND                                       |VGND                                       
VNB                                        |VNB                                        
VPB                                        |VPB                                        
VPWR                                       |VPWR                                       
---------------------------------------------------------------------------------------
Cell pin lists are equivalent.
Device classes sky130_fd_sc_hd__fill_1 and sky130_fd_sc_hd__fill_1 are equivalent.

Cell sky130_fd_sc_hd__tapvpwrvgnd_1 (0) disconnected node: VGND
Cell sky130_fd_sc_hd__tapvpwrvgnd_1 (0) disconnected node: VPWR
Cell sky130_fd_sc_hd__tapvpwrvgnd_1 (1) disconnected node: VGND
Cell sky130_fd_sc_hd__tapvpwrvgnd_1 (1) disconnected node: VPWR

Subcircuit pins:
Circuit 1: sky130_fd_sc_hd__tapvpwrvgnd_1  |Circuit 2: sky130_fd_sc_hd__tapvpwrvgnd_1  
-------------------------------------------|-------------------------------------------
VGND                                       |VGND                                       
VPWR                                       |VPWR                                       
---------------------------------------------------------------------------------------
Cell pin lists are equivalent.
Device classes sky130_fd_sc_hd__tapvpwrvgnd_1 and sky130_fd_sc_hd__tapvpwrvgnd_1 are equivalent.

Cell sky130_ef_sc_hd__decap_40_12 (0) disconnected node: VPWR
Cell sky130_ef_sc_hd__decap_40_12 (0) disconnected node: VGND
Cell sky130_ef_sc_hd__decap_40_12 (0) disconnected node: VPB
Cell sky130_ef_sc_hd__decap_40_12 (0) disconnected node: VNB

Subcircuit pins:
Circuit 1: sky130_ef_sc_hd__decap_40_12    |Circuit 2: sky130_ef_sc_hd__decap_40_12    
-------------------------------------------|-------------------------------------------
VPWR                                       |VPWR                                       
VGND                                       |VGND                                       
VPB                                        |VPB                                        
VNB                                        |VNB                                        
---------------------------------------------------------------------------------------
Cell pin lists are equivalent.
Device classes sky130_ef_sc_hd__decap_40_12 and sky130_ef_sc_hd__decap_40_12 are equivalent.

Cell sky130_fd_sc_hd__diode_2 (0) disconnected node: DIODE
Cell sky130_fd_sc_hd__diode_2 (0) disconnected node: VGND
Cell sky130_fd_sc_hd__diode_2 (0) disconnected node: VNB
Cell sky130_fd_sc_hd__diode_2 (0) disconnected node: VPB
Cell sky130_fd_sc_hd__diode_2 (0) disconnected node: VPWR
Cell sky130_fd_sc_hd__diode_2 (1) disconnected node: VGND
Cell sky130_fd_sc_hd__diode_2 (1) disconnected node: VPB
Cell sky130_fd_sc_hd__diode_2 (1) disconnected node: VPWR

Subcircuit pins:
Circuit 1: sky130_fd_sc_hd__diode_2        |Circuit 2: sky130_fd_sc_hd__diode_2        
-------------------------------------------|-------------------------------------------
DIODE                                      |DIODE                                      
VGND                                       |VGND                                       
VNB                                        |VNB                                        
VPB                                        |VPB                                        
VPWR                                       |VPWR                                       
---------------------------------------------------------------------------------------
Cell pin lists are equivalent.
Device classes sky130_fd_sc_hd__diode_2 and sky130_fd_sc_hd__diode_2 are equivalent.

Cell sky130_fd_sc_hd__fill_8 (0) disconnected node: VGND
Cell sky130_fd_sc_hd__fill_8 (0) disconnected node: VNB
Cell sky130_fd_sc_hd__fill_8 (0) disconnected node: VPB
Cell sky130_fd_sc_hd__fill_8 (0) disconnected node: VPWR
Cell sky130_fd_sc_hd__fill_8 (1) disconnected node: VGND
Cell sky130_fd_sc_hd__fill_8 (1) disconnected node: VNB
Cell sky130_fd_sc_hd__fill_8 (1) disconnected node: VPB
Cell sky130_fd_sc_hd__fill_8 (1) disconnected node: VPWR

Subcircuit pins:
Circuit 1: sky130_fd_sc_hd__fill_8         |Circuit 2: sky130_fd_sc_hd__fill_8         
-------------------------------------------|-------------------------------------------
VGND                                       |VGND                                       
VNB                                        |VNB                                        
VPB                                        |VPB                                        
VPWR                                       |VPWR                                       
---------------------------------------------------------------------------------------
Cell pin lists are equivalent.
Device classes sky130_fd_sc_hd__fill_8 and sky130_fd_sc_hd__fill_8 are equivalent.

Cell sky130_fd_sc_hd__buf_12 (0) disconnected node: A
Cell sky130_fd_sc_hd__buf_12 (0) disconnected node: VGND
Cell sky130_fd_sc_hd__buf_12 (0) disconnected node: VNB
Cell sky130_fd_sc_hd__buf_12 (0) disconnected node: VPB
Cell sky130_fd_sc_hd__buf_12 (0) disconnected node: VPWR
Cell sky130_fd_sc_hd__buf_12 (0) disconnected node: X

Subcircuit pins:
Circuit 1: sky130_fd_sc_hd__buf_12         |Circuit 2: sky130_fd_sc_hd__buf_12         
-------------------------------------------|-------------------------------------------
A                                          |A                                          
VGND                                       |VGND                                       
VNB                                        |VNB                                        
VPB                                        |VPB                                        
VPWR                                       |VPWR                                       
X                                          |X                                          
---------------------------------------------------------------------------------------
Cell pin lists are equivalent.
Device classes sky130_fd_sc_hd__buf_12 and sky130_fd_sc_hd__buf_12 are equivalent.

Cell sky130_fd_sc_hd__dfrtp_4 (0) disconnected node: CLK
Cell sky130_fd_sc_hd__dfrtp_4 (0) disconnected node: D
Cell sky130_fd_sc_hd__dfrtp_4 (0) disconnected node: RESET_B
Cell sky130_fd_sc_hd__dfrtp_4 (0) disconnected node: VGND
Cell sky130_fd_sc_hd__dfrtp_4 (0) disconnected node: VNB
Cell sky130_fd_sc_hd__dfrtp_4 (0) disconnected node: VPB
Cell sky130_fd_sc_hd__dfrtp_4 (0) disconnected node: VPWR
Cell sky130_fd_sc_hd__dfrtp_4 (0) disconnected node: Q

Subcircuit pins:
Circuit 1: sky130_fd_sc_hd__dfrtp_4        |Circuit 2: sky130_fd_sc_hd__dfrtp_4        
-------------------------------------------|-------------------------------------------
CLK                                        |CLK                                        
D                                          |D                                          
RESET_B                                    |RESET_B                                    
VGND                                       |VGND                                       
VNB                                        |VNB                                        
VPB                                        |VPB                                        
VPWR                                       |VPWR                                       
Q                                          |Q                                          
---------------------------------------------------------------------------------------
Cell pin lists are equivalent.
Device classes sky130_fd_sc_hd__dfrtp_4 and sky130_fd_sc_hd__dfrtp_4 are equivalent.

Cell sky130_fd_sc_hd__mux2_8 (0) disconnected node: A0
Cell sky130_fd_sc_hd__mux2_8 (0) disconnected node: A1
Cell sky130_fd_sc_hd__mux2_8 (0) disconnected node: S
Cell sky130_fd_sc_hd__mux2_8 (0) disconnected node: VGND
Cell sky130_fd_sc_hd__mux2_8 (0) disconnected node: VNB
Cell sky130_fd_sc_hd__mux2_8 (0) disconnected node: VPB
Cell sky130_fd_sc_hd__mux2_8 (0) disconnected node: VPWR
Cell sky130_fd_sc_hd__mux2_8 (0) disconnected node: X

Subcircuit pins:
Circuit 1: sky130_fd_sc_hd__mux2_8         |Circuit 2: sky130_fd_sc_hd__mux2_8         
-------------------------------------------|-------------------------------------------
A0                                         |A0                                         
A1                                         |A1                                         
S                                          |S                                          
VGND                                       |VGND                                       
VNB                                        |VNB                                        
VPB                                        |VPB                                        
VPWR                                       |VPWR                                       
X                                          |X                                          
---------------------------------------------------------------------------------------
Cell pin lists are equivalent.
Device classes sky130_fd_sc_hd__mux2_8 and sky130_fd_sc_hd__mux2_8 are equivalent.

Cell sky130_fd_sc_hd__and3_1 (0) disconnected node: A
Cell sky130_fd_sc_hd__and3_1 (0) disconnected node: B
Cell sky130_fd_sc_hd__and3_1 (0) disconnected node: C
Cell sky130_fd_sc_hd__and3_1 (0) disconnected node: VGND
Cell sky130_fd_sc_hd__and3_1 (0) disconnected node: VNB
Cell sky130_fd_sc_hd__and3_1 (0) disconnected node: VPB
Cell sky130_fd_sc_hd__and3_1 (0) disconnected node: VPWR
Cell sky130_fd_sc_hd__and3_1 (0) disconnected node: X

Subcircuit pins:
Circuit 1: sky130_fd_sc_hd__and3_1         |Circuit 2: sky130_fd_sc_hd__and3_1         
-------------------------------------------|-------------------------------------------
A                                          |A                                          
B                                          |B                                          
C                                          |C                                          
VGND                                       |VGND                                       
VNB                                        |VNB                                        
VPB                                        |VPB                                        
VPWR                                       |VPWR                                       
X                                          |X                                          
---------------------------------------------------------------------------------------
Cell pin lists are equivalent.
Device classes sky130_fd_sc_hd__and3_1 and sky130_fd_sc_hd__and3_1 are equivalent.

Cell sky130_fd_sc_hd__or4_2 (0) disconnected node: A
Cell sky130_fd_sc_hd__or4_2 (0) disconnected node: B
Cell sky130_fd_sc_hd__or4_2 (0) disconnected node: C
Cell sky130_fd_sc_hd__or4_2 (0) disconnected node: D
Cell sky130_fd_sc_hd__or4_2 (0) disconnected node: VGND
Cell sky130_fd_sc_hd__or4_2 (0) disconnected node: VNB
Cell sky130_fd_sc_hd__or4_2 (0) disconnected node: VPB
Cell sky130_fd_sc_hd__or4_2 (0) disconnected node: VPWR
Cell sky130_fd_sc_hd__or4_2 (0) disconnected node: X

Subcircuit pins:
Circuit 1: sky130_fd_sc_hd__or4_2          |Circuit 2: sky130_fd_sc_hd__or4_2          
-------------------------------------------|-------------------------------------------
A                                          |A                                          
B                                          |B                                          
C                                          |C                                          
D                                          |D                                          
VGND                                       |VGND                                       
VNB                                        |VNB                                        
VPB                                        |VPB                                        
VPWR                                       |VPWR                                       
X                                          |X                                          
---------------------------------------------------------------------------------------
Cell pin lists are equivalent.
Device classes sky130_fd_sc_hd__or4_2 and sky130_fd_sc_hd__or4_2 are equivalent.

Cell sky130_fd_sc_hd__clkbuf_2 (0) disconnected node: A
Cell sky130_fd_sc_hd__clkbuf_2 (0) disconnected node: VGND
Cell sky130_fd_sc_hd__clkbuf_2 (0) disconnected node: VNB
Cell sky130_fd_sc_hd__clkbuf_2 (0) disconnected node: VPB
Cell sky130_fd_sc_hd__clkbuf_2 (0) disconnected node: VPWR
Cell sky130_fd_sc_hd__clkbuf_2 (0) disconnected node: X

Subcircuit pins:
Circuit 1: sky130_fd_sc_hd__clkbuf_2       |Circuit 2: sky130_fd_sc_hd__clkbuf_2       
-------------------------------------------|-------------------------------------------
A                                          |A                                          
VGND                                       |VGND                                       
VNB                                        |VNB                                        
VPB                                        |VPB                                        
VPWR                                       |VPWR                                       
X                                          |X                                          
---------------------------------------------------------------------------------------
Cell pin lists are equivalent.
Device classes sky130_fd_sc_hd__clkbuf_2 and sky130_fd_sc_hd__clkbuf_2 are equivalent.

Cell sky130_fd_sc_hd__buf_4 (0) disconnected node: A
Cell sky130_fd_sc_hd__buf_4 (0) disconnected node: VGND
Cell sky130_fd_sc_hd__buf_4 (0) disconnected node: VNB
Cell sky130_fd_sc_hd__buf_4 (0) disconnected node: VPB
Cell sky130_fd_sc_hd__buf_4 (0) disconnected node: VPWR
Cell sky130_fd_sc_hd__buf_4 (0) disconnected node: X

Subcircuit pins:
Circuit 1: sky130_fd_sc_hd__buf_4          |Circuit 2: sky130_fd_sc_hd__buf_4          
-------------------------------------------|-------------------------------------------
A                                          |A                                          
VGND                                       |VGND                                       
VNB                                        |VNB                                        
VPB                                        |VPB                                        
VPWR                                       |VPWR                                       
X                                          |X                                          
---------------------------------------------------------------------------------------
Cell pin lists are equivalent.
Device classes sky130_fd_sc_hd__buf_4 and sky130_fd_sc_hd__buf_4 are equivalent.

Cell sky130_fd_sc_hd__decap_3 (0) disconnected node: VGND
Cell sky130_fd_sc_hd__decap_3 (0) disconnected node: VNB
Cell sky130_fd_sc_hd__decap_3 (0) disconnected node: VPB
Cell sky130_fd_sc_hd__decap_3 (0) disconnected node: VPWR

Subcircuit pins:
Circuit 1: sky130_fd_sc_hd__decap_3        |Circuit 2: sky130_fd_sc_hd__decap_3        
-------------------------------------------|-------------------------------------------
VGND                                       |VGND                                       
VNB                                        |VNB                                        
VPB                                        |VPB                                        
VPWR                                       |VPWR                                       
---------------------------------------------------------------------------------------
Cell pin lists are equivalent.
Device classes sky130_fd_sc_hd__decap_3 and sky130_fd_sc_hd__decap_3 are equivalent.

Cell sky130_fd_sc_hd__or4_1 (0) disconnected node: A
Cell sky130_fd_sc_hd__or4_1 (0) disconnected node: B
Cell sky130_fd_sc_hd__or4_1 (0) disconnected node: C
Cell sky130_fd_sc_hd__or4_1 (0) disconnected node: D
Cell sky130_fd_sc_hd__or4_1 (0) disconnected node: VGND
Cell sky130_fd_sc_hd__or4_1 (0) disconnected node: VNB
Cell sky130_fd_sc_hd__or4_1 (0) disconnected node: VPB
Cell sky130_fd_sc_hd__or4_1 (0) disconnected node: VPWR
Cell sky130_fd_sc_hd__or4_1 (0) disconnected node: X

Subcircuit pins:
Circuit 1: sky130_fd_sc_hd__or4_1          |Circuit 2: sky130_fd_sc_hd__or4_1          
-------------------------------------------|-------------------------------------------
A                                          |A                                          
B                                          |B                                          
C                                          |C                                          
D                                          |D                                          
VGND                                       |VGND                                       
VNB                                        |VNB                                        
VPB                                        |VPB                                        
VPWR                                       |VPWR                                       
X                                          |X                                          
---------------------------------------------------------------------------------------
Cell pin lists are equivalent.
Device classes sky130_fd_sc_hd__or4_1 and sky130_fd_sc_hd__or4_1 are equivalent.

Cell sky130_fd_sc_hd__buf_8 (0) disconnected node: A
Cell sky130_fd_sc_hd__buf_8 (0) disconnected node: VGND
Cell sky130_fd_sc_hd__buf_8 (0) disconnected node: VNB
Cell sky130_fd_sc_hd__buf_8 (0) disconnected node: VPB
Cell sky130_fd_sc_hd__buf_8 (0) disconnected node: VPWR
Cell sky130_fd_sc_hd__buf_8 (0) disconnected node: X

Subcircuit pins:
Circuit 1: sky130_fd_sc_hd__buf_8          |Circuit 2: sky130_fd_sc_hd__buf_8          
-------------------------------------------|-------------------------------------------
A                                          |A                                          
VGND                                       |VGND                                       
VNB                                        |VNB                                        
VPB                                        |VPB                                        
VPWR                                       |VPWR                                       
X                                          |X                                          
---------------------------------------------------------------------------------------
Cell pin lists are equivalent.
Device classes sky130_fd_sc_hd__buf_8 and sky130_fd_sc_hd__buf_8 are equivalent.

Cell sky130_fd_sc_hd__clkbuf_4 (0) disconnected node: A
Cell sky130_fd_sc_hd__clkbuf_4 (0) disconnected node: VGND
Cell sky130_fd_sc_hd__clkbuf_4 (0) disconnected node: VNB
Cell sky130_fd_sc_hd__clkbuf_4 (0) disconnected node: VPB
Cell sky130_fd_sc_hd__clkbuf_4 (0) disconnected node: VPWR
Cell sky130_fd_sc_hd__clkbuf_4 (0) disconnected node: X

Subcircuit pins:
Circuit 1: sky130_fd_sc_hd__clkbuf_4       |Circuit 2: sky130_fd_sc_hd__clkbuf_4       
-------------------------------------------|-------------------------------------------
A                                          |A                                          
VGND                                       |VGND                                       
VNB                                        |VNB                                        
VPB                                        |VPB                                        
VPWR                                       |VPWR                                       
X                                          |X                                          
---------------------------------------------------------------------------------------
Cell pin lists are equivalent.
Device classes sky130_fd_sc_hd__clkbuf_4 and sky130_fd_sc_hd__clkbuf_4 are equivalent.

Cell sky130_fd_sc_hd__nor4b_1 (0) disconnected node: A
Cell sky130_fd_sc_hd__nor4b_1 (0) disconnected node: B
Cell sky130_fd_sc_hd__nor4b_1 (0) disconnected node: C
Cell sky130_fd_sc_hd__nor4b_1 (0) disconnected node: D_N
Cell sky130_fd_sc_hd__nor4b_1 (0) disconnected node: VGND
Cell sky130_fd_sc_hd__nor4b_1 (0) disconnected node: VNB
Cell sky130_fd_sc_hd__nor4b_1 (0) disconnected node: VPB
Cell sky130_fd_sc_hd__nor4b_1 (0) disconnected node: VPWR
Cell sky130_fd_sc_hd__nor4b_1 (0) disconnected node: Y

Subcircuit pins:
Circuit 1: sky130_fd_sc_hd__nor4b_1        |Circuit 2: sky130_fd_sc_hd__nor4b_1        
-------------------------------------------|-------------------------------------------
A                                          |A                                          
B                                          |B                                          
C                                          |C                                          
D_N                                        |D_N                                        
VGND                                       |VGND                                       
VNB                                        |VNB                                        
VPB                                        |VPB                                        
VPWR                                       |VPWR                                       
Y                                          |Y                                          
---------------------------------------------------------------------------------------
Cell pin lists are equivalent.
Device classes sky130_fd_sc_hd__nor4b_1 and sky130_fd_sc_hd__nor4b_1 are equivalent.

Cell sky130_fd_sc_hd__dlygate4sd3_1 (0) disconnected node: A
Cell sky130_fd_sc_hd__dlygate4sd3_1 (0) disconnected node: VGND
Cell sky130_fd_sc_hd__dlygate4sd3_1 (0) disconnected node: VNB
Cell sky130_fd_sc_hd__dlygate4sd3_1 (0) disconnected node: VPB
Cell sky130_fd_sc_hd__dlygate4sd3_1 (0) disconnected node: VPWR
Cell sky130_fd_sc_hd__dlygate4sd3_1 (0) disconnected node: X

Subcircuit pins:
Circuit 1: sky130_fd_sc_hd__dlygate4sd3_1  |Circuit 2: sky130_fd_sc_hd__dlygate4sd3_1  
-------------------------------------------|-------------------------------------------
A                                          |A                                          
VGND                                       |VGND                                       
VNB                                        |VNB                                        
VPB                                        |VPB                                        
VPWR                                       |VPWR                                       
X                                          |X                                          
---------------------------------------------------------------------------------------
Cell pin lists are equivalent.
Device classes sky130_fd_sc_hd__dlygate4sd3_1 and sky130_fd_sc_hd__dlygate4sd3_1 are equivalent.

Cell sky130_fd_sc_hd__buf_2 (0) disconnected node: A
Cell sky130_fd_sc_hd__buf_2 (0) disconnected node: VGND
Cell sky130_fd_sc_hd__buf_2 (0) disconnected node: VNB
Cell sky130_fd_sc_hd__buf_2 (0) disconnected node: VPB
Cell sky130_fd_sc_hd__buf_2 (0) disconnected node: VPWR
Cell sky130_fd_sc_hd__buf_2 (0) disconnected node: X

Subcircuit pins:
Circuit 1: sky130_fd_sc_hd__buf_2          |Circuit 2: sky130_fd_sc_hd__buf_2          
-------------------------------------------|-------------------------------------------
A                                          |A                                          
VGND                                       |VGND                                       
VNB                                        |VNB                                        
VPB                                        |VPB                                        
VPWR                                       |VPWR                                       
X                                          |X                                          
---------------------------------------------------------------------------------------
Cell pin lists are equivalent.
Device classes sky130_fd_sc_hd__buf_2 and sky130_fd_sc_hd__buf_2 are equivalent.

Cell sky130_fd_sc_hd__or4_4 (0) disconnected node: A
Cell sky130_fd_sc_hd__or4_4 (0) disconnected node: B
Cell sky130_fd_sc_hd__or4_4 (0) disconnected node: C
Cell sky130_fd_sc_hd__or4_4 (0) disconnected node: D
Cell sky130_fd_sc_hd__or4_4 (0) disconnected node: VGND
Cell sky130_fd_sc_hd__or4_4 (0) disconnected node: VNB
Cell sky130_fd_sc_hd__or4_4 (0) disconnected node: VPB
Cell sky130_fd_sc_hd__or4_4 (0) disconnected node: VPWR
Cell sky130_fd_sc_hd__or4_4 (0) disconnected node: X

Subcircuit pins:
Circuit 1: sky130_fd_sc_hd__or4_4          |Circuit 2: sky130_fd_sc_hd__or4_4          
-------------------------------------------|-------------------------------------------
A                                          |A                                          
B                                          |B                                          
C                                          |C                                          
D                                          |D                                          
VGND                                       |VGND                                       
VNB                                        |VNB                                        
VPB                                        |VPB                                        
VPWR                                       |VPWR                                       
X                                          |X                                          
---------------------------------------------------------------------------------------
Cell pin lists are equivalent.
Device classes sky130_fd_sc_hd__or4_4 and sky130_fd_sc_hd__or4_4 are equivalent.

Cell sky130_fd_sc_hd__clkbuf_8 (0) disconnected node: A
Cell sky130_fd_sc_hd__clkbuf_8 (0) disconnected node: VGND
Cell sky130_fd_sc_hd__clkbuf_8 (0) disconnected node: VNB
Cell sky130_fd_sc_hd__clkbuf_8 (0) disconnected node: VPB
Cell sky130_fd_sc_hd__clkbuf_8 (0) disconnected node: VPWR
Cell sky130_fd_sc_hd__clkbuf_8 (0) disconnected node: X

Subcircuit pins:
Circuit 1: sky130_fd_sc_hd__clkbuf_8       |Circuit 2: sky130_fd_sc_hd__clkbuf_8       
-------------------------------------------|-------------------------------------------
A                                          |A                                          
VGND                                       |VGND                                       
VNB                                        |VNB                                        
VPB                                        |VPB                                        
VPWR                                       |VPWR                                       
X                                          |X                                          
---------------------------------------------------------------------------------------
Cell pin lists are equivalent.
Device classes sky130_fd_sc_hd__clkbuf_8 and sky130_fd_sc_hd__clkbuf_8 are equivalent.

Cell sky130_fd_sc_hd__clkinv_2 (0) disconnected node: A
Cell sky130_fd_sc_hd__clkinv_2 (0) disconnected node: VGND
Cell sky130_fd_sc_hd__clkinv_2 (0) disconnected node: VNB
Cell sky130_fd_sc_hd__clkinv_2 (0) disconnected node: VPB
Cell sky130_fd_sc_hd__clkinv_2 (0) disconnected node: VPWR
Cell sky130_fd_sc_hd__clkinv_2 (0) disconnected node: Y

Subcircuit pins:
Circuit 1: sky130_fd_sc_hd__clkinv_2       |Circuit 2: sky130_fd_sc_hd__clkinv_2       
-------------------------------------------|-------------------------------------------
A                                          |A                                          
VGND                                       |VGND                                       
VNB                                        |VNB                                        
VPB                                        |VPB                                        
VPWR                                       |VPWR                                       
Y                                          |Y                                          
---------------------------------------------------------------------------------------
Cell pin lists are equivalent.
Device classes sky130_fd_sc_hd__clkinv_2 and sky130_fd_sc_hd__clkinv_2 are equivalent.

Cell sky130_fd_sc_hd__and2_4 (0) disconnected node: A
Cell sky130_fd_sc_hd__and2_4 (0) disconnected node: B
Cell sky130_fd_sc_hd__and2_4 (0) disconnected node: VGND
Cell sky130_fd_sc_hd__and2_4 (0) disconnected node: VNB
Cell sky130_fd_sc_hd__and2_4 (0) disconnected node: VPB
Cell sky130_fd_sc_hd__and2_4 (0) disconnected node: VPWR
Cell sky130_fd_sc_hd__and2_4 (0) disconnected node: X

Subcircuit pins:
Circuit 1: sky130_fd_sc_hd__and2_4         |Circuit 2: sky130_fd_sc_hd__and2_4         
-------------------------------------------|-------------------------------------------
A                                          |A                                          
B                                          |B                                          
VGND                                       |VGND                                       
VNB                                        |VNB                                        
VPB                                        |VPB                                        
VPWR                                       |VPWR                                       
X                                          |X                                          
---------------------------------------------------------------------------------------
Cell pin lists are equivalent.
Device classes sky130_fd_sc_hd__and2_4 and sky130_fd_sc_hd__and2_4 are equivalent.

Cell sky130_fd_sc_hd__clkbuf_16 (0) disconnected node: A
Cell sky130_fd_sc_hd__clkbuf_16 (0) disconnected node: VGND
Cell sky130_fd_sc_hd__clkbuf_16 (0) disconnected node: VNB
Cell sky130_fd_sc_hd__clkbuf_16 (0) disconnected node: VPB
Cell sky130_fd_sc_hd__clkbuf_16 (0) disconnected node: VPWR
Cell sky130_fd_sc_hd__clkbuf_16 (0) disconnected node: X

Subcircuit pins:
Circuit 1: sky130_fd_sc_hd__clkbuf_16      |Circuit 2: sky130_fd_sc_hd__clkbuf_16      
-------------------------------------------|-------------------------------------------
A                                          |A                                          
VGND                                       |VGND                                       
VNB                                        |VNB                                        
VPB                                        |VPB                                        
VPWR                                       |VPWR                                       
X                                          |X                                          
---------------------------------------------------------------------------------------
Cell pin lists are equivalent.
Device classes sky130_fd_sc_hd__clkbuf_16 and sky130_fd_sc_hd__clkbuf_16 are equivalent.

Cell sky130_fd_sc_hd__buf_6 (0) disconnected node: A
Cell sky130_fd_sc_hd__buf_6 (0) disconnected node: VGND
Cell sky130_fd_sc_hd__buf_6 (0) disconnected node: VNB
Cell sky130_fd_sc_hd__buf_6 (0) disconnected node: VPB
Cell sky130_fd_sc_hd__buf_6 (0) disconnected node: VPWR
Cell sky130_fd_sc_hd__buf_6 (0) disconnected node: X

Subcircuit pins:
Circuit 1: sky130_fd_sc_hd__buf_6          |Circuit 2: sky130_fd_sc_hd__buf_6          
-------------------------------------------|-------------------------------------------
A                                          |A                                          
VGND                                       |VGND                                       
VNB                                        |VNB                                        
VPB                                        |VPB                                        
VPWR                                       |VPWR                                       
X                                          |X                                          
---------------------------------------------------------------------------------------
Cell pin lists are equivalent.
Device classes sky130_fd_sc_hd__buf_6 and sky130_fd_sc_hd__buf_6 are equivalent.

Cell sky130_fd_sc_hd__dfrtp_2 (0) disconnected node: CLK
Cell sky130_fd_sc_hd__dfrtp_2 (0) disconnected node: D
Cell sky130_fd_sc_hd__dfrtp_2 (0) disconnected node: RESET_B
Cell sky130_fd_sc_hd__dfrtp_2 (0) disconnected node: VGND
Cell sky130_fd_sc_hd__dfrtp_2 (0) disconnected node: VNB
Cell sky130_fd_sc_hd__dfrtp_2 (0) disconnected node: VPB
Cell sky130_fd_sc_hd__dfrtp_2 (0) disconnected node: VPWR
Cell sky130_fd_sc_hd__dfrtp_2 (0) disconnected node: Q

Subcircuit pins:
Circuit 1: sky130_fd_sc_hd__dfrtp_2        |Circuit 2: sky130_fd_sc_hd__dfrtp_2        
-------------------------------------------|-------------------------------------------
CLK                                        |CLK                                        
D                                          |D                                          
RESET_B                                    |RESET_B                                    
VGND                                       |VGND                                       
VNB                                        |VNB                                        
VPB                                        |VPB                                        
VPWR                                       |VPWR                                       
Q                                          |Q                                          
---------------------------------------------------------------------------------------
Cell pin lists are equivalent.
Device classes sky130_fd_sc_hd__dfrtp_2 and sky130_fd_sc_hd__dfrtp_2 are equivalent.

Cell sky130_fd_sc_hd__dlymetal6s2s_1 (0) disconnected node: A
Cell sky130_fd_sc_hd__dlymetal6s2s_1 (0) disconnected node: VGND
Cell sky130_fd_sc_hd__dlymetal6s2s_1 (0) disconnected node: VNB
Cell sky130_fd_sc_hd__dlymetal6s2s_1 (0) disconnected node: VPB
Cell sky130_fd_sc_hd__dlymetal6s2s_1 (0) disconnected node: VPWR
Cell sky130_fd_sc_hd__dlymetal6s2s_1 (0) disconnected node: X

Subcircuit pins:
Circuit 1: sky130_fd_sc_hd__dlymetal6s2s_1 |Circuit 2: sky130_fd_sc_hd__dlymetal6s2s_1 
-------------------------------------------|-------------------------------------------
A                                          |A                                          
VGND                                       |VGND                                       
VNB                                        |VNB                                        
VPB                                        |VPB                                        
VPWR                                       |VPWR                                       
X                                          |X                                          
---------------------------------------------------------------------------------------
Cell pin lists are equivalent.
Device classes sky130_fd_sc_hd__dlymetal6s2s_1 and sky130_fd_sc_hd__dlymetal6s2s_1 are equivalent.

Cell sky130_fd_sc_hd__buf_1 (0) disconnected node: A
Cell sky130_fd_sc_hd__buf_1 (0) disconnected node: VGND
Cell sky130_fd_sc_hd__buf_1 (0) disconnected node: VNB
Cell sky130_fd_sc_hd__buf_1 (0) disconnected node: VPB
Cell sky130_fd_sc_hd__buf_1 (0) disconnected node: VPWR
Cell sky130_fd_sc_hd__buf_1 (0) disconnected node: X

Subcircuit pins:
Circuit 1: sky130_fd_sc_hd__buf_1          |Circuit 2: sky130_fd_sc_hd__buf_1          
-------------------------------------------|-------------------------------------------
A                                          |A                                          
VGND                                       |VGND                                       
VNB                                        |VNB                                        
VPB                                        |VPB                                        
VPWR                                       |VPWR                                       
X                                          |X                                          
---------------------------------------------------------------------------------------
Cell pin lists are equivalent.
Device classes sky130_fd_sc_hd__buf_1 and sky130_fd_sc_hd__buf_1 are equivalent.

Cell sky130_fd_sc_hd__clkbuf_1 (0) disconnected node: A
Cell sky130_fd_sc_hd__clkbuf_1 (0) disconnected node: VGND
Cell sky130_fd_sc_hd__clkbuf_1 (0) disconnected node: VNB
Cell sky130_fd_sc_hd__clkbuf_1 (0) disconnected node: VPB
Cell sky130_fd_sc_hd__clkbuf_1 (0) disconnected node: VPWR
Cell sky130_fd_sc_hd__clkbuf_1 (0) disconnected node: X

Subcircuit pins:
Circuit 1: sky130_fd_sc_hd__clkbuf_1       |Circuit 2: sky130_fd_sc_hd__clkbuf_1       
-------------------------------------------|-------------------------------------------
A                                          |A                                          
VGND                                       |VGND                                       
VNB                                        |VNB                                        
VPB                                        |VPB                                        
VPWR                                       |VPWR                                       
X                                          |X                                          
---------------------------------------------------------------------------------------
Cell pin lists are equivalent.
Device classes sky130_fd_sc_hd__clkbuf_1 and sky130_fd_sc_hd__clkbuf_1 are equivalent.

Cell sky130_fd_sc_hd__a22o_4 (0) disconnected node: A1
Cell sky130_fd_sc_hd__a22o_4 (0) disconnected node: A2
Cell sky130_fd_sc_hd__a22o_4 (0) disconnected node: B1
Cell sky130_fd_sc_hd__a22o_4 (0) disconnected node: B2
Cell sky130_fd_sc_hd__a22o_4 (0) disconnected node: VGND
Cell sky130_fd_sc_hd__a22o_4 (0) disconnected node: VNB
Cell sky130_fd_sc_hd__a22o_4 (0) disconnected node: VPB
Cell sky130_fd_sc_hd__a22o_4 (0) disconnected node: VPWR
Cell sky130_fd_sc_hd__a22o_4 (0) disconnected node: X

Subcircuit pins:
Circuit 1: sky130_fd_sc_hd__a22o_4         |Circuit 2: sky130_fd_sc_hd__a22o_4         
-------------------------------------------|-------------------------------------------
A1                                         |A1                                         
A2                                         |A2                                         
B1                                         |B1                                         
B2                                         |B2                                         
VGND                                       |VGND                                       
VNB                                        |VNB                                        
VPB                                        |VPB                                        
VPWR                                       |VPWR                                       
X                                          |X                                          
---------------------------------------------------------------------------------------
Cell pin lists are equivalent.
Device classes sky130_fd_sc_hd__a22o_4 and sky130_fd_sc_hd__a22o_4 are equivalent.

Cell sky130_fd_sc_hd__and2b_2 (0) disconnected node: A_N
Cell sky130_fd_sc_hd__and2b_2 (0) disconnected node: B
Cell sky130_fd_sc_hd__and2b_2 (0) disconnected node: VGND
Cell sky130_fd_sc_hd__and2b_2 (0) disconnected node: VNB
Cell sky130_fd_sc_hd__and2b_2 (0) disconnected node: VPB
Cell sky130_fd_sc_hd__and2b_2 (0) disconnected node: VPWR
Cell sky130_fd_sc_hd__and2b_2 (0) disconnected node: X

Subcircuit pins:
Circuit 1: sky130_fd_sc_hd__and2b_2        |Circuit 2: sky130_fd_sc_hd__and2b_2        
-------------------------------------------|-------------------------------------------
A_N                                        |A_N                                        
B                                          |B                                          
VGND                                       |VGND                                       
VNB                                        |VNB                                        
VPB                                        |VPB                                        
VPWR                                       |VPWR                                       
X                                          |X                                          
---------------------------------------------------------------------------------------
Cell pin lists are equivalent.
Device classes sky130_fd_sc_hd__and2b_2 and sky130_fd_sc_hd__and2b_2 are equivalent.

Cell sky130_fd_sc_hd__mux2_4 (0) disconnected node: A0
Cell sky130_fd_sc_hd__mux2_4 (0) disconnected node: A1
Cell sky130_fd_sc_hd__mux2_4 (0) disconnected node: S
Cell sky130_fd_sc_hd__mux2_4 (0) disconnected node: VGND
Cell sky130_fd_sc_hd__mux2_4 (0) disconnected node: VNB
Cell sky130_fd_sc_hd__mux2_4 (0) disconnected node: VPB
Cell sky130_fd_sc_hd__mux2_4 (0) disconnected node: VPWR
Cell sky130_fd_sc_hd__mux2_4 (0) disconnected node: X

Subcircuit pins:
Circuit 1: sky130_fd_sc_hd__mux2_4         |Circuit 2: sky130_fd_sc_hd__mux2_4         
-------------------------------------------|-------------------------------------------
A0                                         |A0                                         
A1                                         |A1                                         
S                                          |S                                          
VGND                                       |VGND                                       
VNB                                        |VNB                                        
VPB                                        |VPB                                        
VPWR                                       |VPWR                                       
X                                          |X                                          
---------------------------------------------------------------------------------------
Cell pin lists are equivalent.
Device classes sky130_fd_sc_hd__mux2_4 and sky130_fd_sc_hd__mux2_4 are equivalent.

Cell sky130_fd_sc_hd__a21o_1 (0) disconnected node: A1
Cell sky130_fd_sc_hd__a21o_1 (0) disconnected node: A2
Cell sky130_fd_sc_hd__a21o_1 (0) disconnected node: B1
Cell sky130_fd_sc_hd__a21o_1 (0) disconnected node: VGND
Cell sky130_fd_sc_hd__a21o_1 (0) disconnected node: VNB
Cell sky130_fd_sc_hd__a21o_1 (0) disconnected node: VPB
Cell sky130_fd_sc_hd__a21o_1 (0) disconnected node: VPWR
Cell sky130_fd_sc_hd__a21o_1 (0) disconnected node: X

Subcircuit pins:
Circuit 1: sky130_fd_sc_hd__a21o_1         |Circuit 2: sky130_fd_sc_hd__a21o_1         
-------------------------------------------|-------------------------------------------
A1                                         |A1                                         
A2                                         |A2                                         
B1                                         |B1                                         
VGND                                       |VGND                                       
VNB                                        |VNB                                        
VPB                                        |VPB                                        
VPWR                                       |VPWR                                       
X                                          |X                                          
---------------------------------------------------------------------------------------
Cell pin lists are equivalent.
Device classes sky130_fd_sc_hd__a21o_1 and sky130_fd_sc_hd__a21o_1 are equivalent.

Cell sky130_fd_sc_hd__nor4_1 (0) disconnected node: A
Cell sky130_fd_sc_hd__nor4_1 (0) disconnected node: B
Cell sky130_fd_sc_hd__nor4_1 (0) disconnected node: C
Cell sky130_fd_sc_hd__nor4_1 (0) disconnected node: D
Cell sky130_fd_sc_hd__nor4_1 (0) disconnected node: VGND
Cell sky130_fd_sc_hd__nor4_1 (0) disconnected node: VNB
Cell sky130_fd_sc_hd__nor4_1 (0) disconnected node: VPB
Cell sky130_fd_sc_hd__nor4_1 (0) disconnected node: VPWR
Cell sky130_fd_sc_hd__nor4_1 (0) disconnected node: Y

Subcircuit pins:
Circuit 1: sky130_fd_sc_hd__nor4_1         |Circuit 2: sky130_fd_sc_hd__nor4_1         
-------------------------------------------|-------------------------------------------
A                                          |A                                          
B                                          |B                                          
C                                          |C                                          
D                                          |D                                          
VGND                                       |VGND                                       
VNB                                        |VNB                                        
VPB                                        |VPB                                        
VPWR                                       |VPWR                                       
Y                                          |Y                                          
---------------------------------------------------------------------------------------
Cell pin lists are equivalent.
Device classes sky130_fd_sc_hd__nor4_1 and sky130_fd_sc_hd__nor4_1 are equivalent.

Cell sky130_fd_sc_hd__or3_2 (0) disconnected node: A
Cell sky130_fd_sc_hd__or3_2 (0) disconnected node: B
Cell sky130_fd_sc_hd__or3_2 (0) disconnected node: C
Cell sky130_fd_sc_hd__or3_2 (0) disconnected node: VGND
Cell sky130_fd_sc_hd__or3_2 (0) disconnected node: VNB
Cell sky130_fd_sc_hd__or3_2 (0) disconnected node: VPB
Cell sky130_fd_sc_hd__or3_2 (0) disconnected node: VPWR
Cell sky130_fd_sc_hd__or3_2 (0) disconnected node: X

Subcircuit pins:
Circuit 1: sky130_fd_sc_hd__or3_2          |Circuit 2: sky130_fd_sc_hd__or3_2          
-------------------------------------------|-------------------------------------------
A                                          |A                                          
B                                          |B                                          
C                                          |C                                          
VGND                                       |VGND                                       
VNB                                        |VNB                                        
VPB                                        |VPB                                        
VPWR                                       |VPWR                                       
X                                          |X                                          
---------------------------------------------------------------------------------------
Cell pin lists are equivalent.
Device classes sky130_fd_sc_hd__or3_2 and sky130_fd_sc_hd__or3_2 are equivalent.

Cell memory_macro (0) disconnected node: wbs_adr_i[0]
Cell memory_macro (0) disconnected node: wbs_adr_i[1]
Cell memory_macro (1) disconnected node: wbs_adr_i[1]
Cell memory_macro (1) disconnected node: wbs_adr_i[0]
Class memory_macro (0):  Merged 57524 parallel devices.
Class memory_macro (1):  Merged 57524 parallel devices.
Cell memory_macro (0) disconnected node: wbs_adr_i[0]
Cell memory_macro (0) disconnected node: wbs_adr_i[1]
Cell memory_macro (1) disconnected node: wbs_adr_i[1]
Cell memory_macro (1) disconnected node: wbs_adr_i[0]
Subcircuit summary:
Circuit 1: memory_macro                    |Circuit 2: memory_macro                    
-------------------------------------------|-------------------------------------------
sky130_fd_sc_hd__fill_4 (7470->1)          |sky130_fd_sc_hd__fill_4 (7470->1)          
sky130_fd_sc_hd__fill_2 (7488->1)          |sky130_fd_sc_hd__fill_2 (7488->1)          
sky130_fd_sc_hd__fill_1 (7221->1)          |sky130_fd_sc_hd__fill_1 (7221->1)          
sky130_fd_sc_hd__tapvpwrvgnd_1 (7236->1)   |sky130_fd_sc_hd__tapvpwrvgnd_1 (7236->1)   
sky130_ef_sc_hd__decap_40_12 (26940->1)    |sky130_ef_sc_hd__decap_40_12 (26940->1)    
sky130_fd_sc_hd__diode_2 (995->425)        |sky130_fd_sc_hd__diode_2 (995->425)        
sky130_fd_sc_hd__fill_8 (476->1)           |sky130_fd_sc_hd__fill_8 (476->1)           
sky130_fd_sc_hd__buf_12 (116)              |sky130_fd_sc_hd__buf_12 (116)              
sky130_fd_sc_hd__dfrtp_4 (25)              |sky130_fd_sc_hd__dfrtp_4 (25)              
sky130_fd_sc_hd__mux2_8 (38)               |sky130_fd_sc_hd__mux2_8 (38)               
sky130_fd_sc_hd__and3_1 (32)               |sky130_fd_sc_hd__and3_1 (32)               
sky130_fd_sc_hd__or4_2 (1)                 |sky130_fd_sc_hd__or4_2 (1)                 
sky130_fd_sc_hd__clkbuf_2 (32)             |sky130_fd_sc_hd__clkbuf_2 (32)             
sky130_fd_sc_hd__buf_4 (46)                |sky130_fd_sc_hd__buf_4 (46)                
sky130_fd_sc_hd__decap_3 (130->1)          |sky130_fd_sc_hd__decap_3 (130->1)          
sky130_fd_sc_hd__or4_1 (2)                 |sky130_fd_sc_hd__or4_1 (2)                 
sky130_fd_sc_hd__buf_8 (4)                 |sky130_fd_sc_hd__buf_8 (4)                 
sky130_fd_sc_hd__clkbuf_4 (27)             |sky130_fd_sc_hd__clkbuf_4 (27)             
sky130_fd_sc_hd__nor4b_1 (1)               |sky130_fd_sc_hd__nor4b_1 (1)               
sky130_fd_sc_hd__dlygate4sd3_1 (13)        |sky130_fd_sc_hd__dlygate4sd3_1 (13)        
sky130_fd_sc_hd__buf_2 (16)                |sky130_fd_sc_hd__buf_2 (16)                
sky130_fd_sc_hd__or4_4 (1)                 |sky130_fd_sc_hd__or4_4 (1)                 
sky130_fd_sc_hd__clkbuf_8 (42)             |sky130_fd_sc_hd__clkbuf_8 (42)             
sky130_fd_sc_hd__clkinv_2 (2)              |sky130_fd_sc_hd__clkinv_2 (2)              
sky130_fd_sc_hd__and2_4 (1)                |sky130_fd_sc_hd__and2_4 (1)                
sky130_fd_sc_hd__clkbuf_16 (6)             |sky130_fd_sc_hd__clkbuf_16 (6)             
sky130_fd_sc_hd__buf_6 (12)                |sky130_fd_sc_hd__buf_6 (12)                
sky130_fd_sc_hd__dfrtp_2 (8)               |sky130_fd_sc_hd__dfrtp_2 (8)               
sky130_fd_sc_hd__dlymetal6s2s_1 (3)        |sky130_fd_sc_hd__dlymetal6s2s_1 (3)        
sky130_fd_sc_hd__buf_1 (4)                 |sky130_fd_sc_hd__buf_1 (4)                 
sky130_fd_sc_hd__clkbuf_1 (4)              |sky130_fd_sc_hd__clkbuf_1 (4)              
sky130_fd_sc_hd__a22o_4 (4)                |sky130_fd_sc_hd__a22o_4 (4)                
sky130_fd_sc_hd__and2b_2 (1)               |sky130_fd_sc_hd__and2b_2 (1)               
sky130_fd_sc_hd__mux2_4 (3)                |sky130_fd_sc_hd__mux2_4 (3)                
sky130_fd_sc_hd__a21o_1 (1)                |sky130_fd_sc_hd__a21o_1 (1)                
sky130_fd_sc_hd__nor4_1 (1)                |sky130_fd_sc_hd__nor4_1 (1)                
sky130_fd_sc_hd__or3_2 (1)                 |sky130_fd_sc_hd__or3_2 (1)                 
Number of devices: 879                     |Number of devices: 879                     
Number of nets: 598                        |Number of nets: 598                        
---------------------------------------------------------------------------------------
Resolving symmetries by property value.
Resolving symmetries by pin name.
Netlists match uniquely.

Subcircuit pins:
Circuit 1: memory_macro                    |Circuit 2: memory_macro                    
-------------------------------------------|-------------------------------------------
mem_en                                     |mem_en                                     
wbs_dat_o[31]                              |wbs_dat_o[31]                              
cpu_mem_rdata[0]                           |cpu_mem_rdata[0]                           
cpu_mem_rdata[30]                          |cpu_mem_rdata[30]                          
cpu_mem_rdata[31]                          |cpu_mem_rdata[31]                          
cpu_mem_rdata[17]                          |cpu_mem_rdata[17]                          
cpu_mem_rdata[15]                          |cpu_mem_rdata[15]                          
cpu_mem_rdata[16]                          |cpu_mem_rdata[16]                          
cpu_mem_rdata[18]                          |cpu_mem_rdata[18]                          
cpu_mem_rdata[3]                           |cpu_mem_rdata[3]                           
cpu_mem_rdata[4]                           |cpu_mem_rdata[4]                           
cpu_mem_rdata[22]                          |cpu_mem_rdata[22]                          
cpu_mem_rdata[23]                          |cpu_mem_rdata[23]                          
cpu_mem_rdata[19]                          |cpu_mem_rdata[19]                          
cpu_mem_rdata[20]                          |cpu_mem_rdata[20]                          
cpu_mem_rdata[21]                          |cpu_mem_rdata[21]                          
cpu_mem_rdata[5]                           |cpu_mem_rdata[5]                           
cpu_mem_rdata[6]                           |cpu_mem_rdata[6]                           
cpu_mem_rdata[24]                          |cpu_mem_rdata[24]                          
cpu_mem_rdata[1]                           |cpu_mem_rdata[1]                           
cpu_mem_rdata[2]                           |cpu_mem_rdata[2]                           
cpu_mem_rdata[28]                          |cpu_mem_rdata[28]                          
cpu_mem_rdata[29]                          |cpu_mem_rdata[29]                          
cpu_mem_rdata[7]                           |cpu_mem_rdata[7]                           
cpu_mem_rdata[8]                           |cpu_mem_rdata[8]                           
cpu_mem_rdata[25]                          |cpu_mem_rdata[25]                          
cpu_mem_rdata[26]                          |cpu_mem_rdata[26]                          
cpu_mem_rdata[27]                          |cpu_mem_rdata[27]                          
cpu_mem_rdata[12]                          |cpu_mem_rdata[12]                          
cpu_mem_rdata[13]                          |cpu_mem_rdata[13]                          
cpu_mem_rdata[14]                          |cpu_mem_rdata[14]                          
cpu_mem_rdata[11]                          |cpu_mem_rdata[11]                          
cpu_mem_rdata[10]                          |cpu_mem_rdata[10]                          
cpu_mem_rdata[9]                           |cpu_mem_rdata[9]                           
mem_wdata[21]                              |mem_wdata[21]                              
mem_wdata[22]                              |mem_wdata[22]                              
mem_wdata[23]                              |mem_wdata[23]                              
wbs_dat_o[11]                              |wbs_dat_o[11]                              
wbs_dat_o[17]                              |wbs_dat_o[17]                              
mem_we[0]                                  |mem_we[0]                                  
mem_we[1]                                  |mem_we[1]                                  
mem_we[2]                                  |mem_we[2]                                  
mem_we[3]                                  |mem_we[3]                                  
wbs_dat_o[30]                              |wbs_dat_o[30]                              
wbs_dat_o[19]                              |wbs_dat_o[19]                              
wbs_dat_o[20]                              |wbs_dat_o[20]                              
wbs_dat_o[21]                              |wbs_dat_o[21]                              
wbs_dat_o[7]                               |wbs_dat_o[7]                               
wbs_dat_o[8]                               |wbs_dat_o[8]                               
wbs_dat_o[5]                               |wbs_dat_o[5]                               
wbs_dat_o[6]                               |wbs_dat_o[6]                               
mem_addr[1]                                |mem_addr[1]                                
mem_addr[2]                                |mem_addr[2]                                
mem_addr[3]                                |mem_addr[3]                                
mem_addr[4]                                |mem_addr[4]                                
mem_addr[5]                                |mem_addr[5]                                
mem_addr[6]                                |mem_addr[6]                                
mem_wdata[0]                               |mem_wdata[0]                               
mem_wdata[13]                              |mem_wdata[13]                              
mem_wdata[14]                              |mem_wdata[14]                              
mem_wdata[15]                              |mem_wdata[15]                              
mem_wdata[16]                              |mem_wdata[16]                              
mem_wdata[17]                              |mem_wdata[17]                              
mem_wdata[18]                              |mem_wdata[18]                              
mem_wdata[19]                              |mem_wdata[19]                              
mem_wdata[1]                               |mem_wdata[1]                               
mem_wdata[20]                              |mem_wdata[20]                              
mem_wdata[24]                              |mem_wdata[24]                              
mem_wdata[25]                              |mem_wdata[25]                              
mem_wdata[26]                              |mem_wdata[26]                              
mem_wdata[2]                               |mem_wdata[2]                               
mem_wdata[31]                              |mem_wdata[31]                              
mem_wdata[3]                               |mem_wdata[3]                               
mem_wdata[4]                               |mem_wdata[4]                               
mem_wdata[27]                              |mem_wdata[27]                              
mem_wdata[28]                              |mem_wdata[28]                              
mem_wdata[29]                              |mem_wdata[29]                              
mem_wdata[30]                              |mem_wdata[30]                              
wbs_ack_o                                  |wbs_ack_o                                  
wbs_dat_o[28]                              |wbs_dat_o[28]                              
wbs_dat_o[29]                              |wbs_dat_o[29]                              
wbs_dat_o[25]                              |wbs_dat_o[25]                              
wbs_dat_o[26]                              |wbs_dat_o[26]                              
wbs_dat_o[27]                              |wbs_dat_o[27]                              
wbs_dat_o[24]                              |wbs_dat_o[24]                              
wbs_dat_o[22]                              |wbs_dat_o[22]                              
wbs_dat_o[23]                              |wbs_dat_o[23]                              
wbs_dat_o[2]                               |wbs_dat_o[2]                               
wbs_dat_o[1]                               |wbs_dat_o[1]                               
wbs_dat_o[0]                               |wbs_dat_o[0]                               
wbs_dat_o[10]                              |wbs_dat_o[10]                              
wbs_dat_o[9]                               |wbs_dat_o[9]                               
wbs_dat_o[3]                               |wbs_dat_o[3]                               
wbs_dat_o[4]                               |wbs_dat_o[4]                               
wbs_dat_o[12]                              |wbs_dat_o[12]                              
wbs_dat_o[13]                              |wbs_dat_o[13]                              
wbs_dat_o[14]                              |wbs_dat_o[14]                              
wbs_dat_o[15]                              |wbs_dat_o[15]                              
wbs_dat_o[16]                              |wbs_dat_o[16]                              
wbs_dat_o[18]                              |wbs_dat_o[18]                              
mem_addr[0]                                |mem_addr[0]                                
mem_addr[7]                                |mem_addr[7]                                
mem_addr[8]                                |mem_addr[8]                                
mem_wdata[12]                              |mem_wdata[12]                              
mem_wdata[5]                               |mem_wdata[5]                               
mem_wdata[6]                               |mem_wdata[6]                               
mem_wdata[7]                               |mem_wdata[7]                               
mem_wdata[10]                              |mem_wdata[10]                              
mem_wdata[11]                              |mem_wdata[11]                              
mem_wdata[8]                               |mem_wdata[8]                               
mem_wdata[9]                               |mem_wdata[9]                               
cpu_mem_en                                 |cpu_mem_en                                 
mem_rdata[0]                               |mem_rdata[0]                               
mem_rdata[1]                               |mem_rdata[1]                               
mem_rdata[30]                              |mem_rdata[30]                              
mem_rdata[28]                              |mem_rdata[28]                              
mem_rdata[29]                              |mem_rdata[29]                              
mem_rdata[31]                              |mem_rdata[31]                              
mem_rdata[2]                               |mem_rdata[2]                               
mem_rdata[15]                              |mem_rdata[15]                              
mem_rdata[16]                              |mem_rdata[16]                              
mem_rdata[18]                              |mem_rdata[18]                              
mem_rdata[19]                              |mem_rdata[19]                              
mem_rdata[20]                              |mem_rdata[20]                              
mem_rdata[21]                              |mem_rdata[21]                              
mem_rdata[22]                              |mem_rdata[22]                              
mem_rdata[23]                              |mem_rdata[23]                              
mem_rdata[3]                               |mem_rdata[3]                               
mem_rdata[4]                               |mem_rdata[4]                               
mem_rdata[17]                              |mem_rdata[17]                              
mem_rdata[24]                              |mem_rdata[24]                              
mem_rdata[5]                               |mem_rdata[5]                               
mem_rdata[6]                               |mem_rdata[6]                               
mem_rdata[11]                              |mem_rdata[11]                              
mem_rdata[12]                              |mem_rdata[12]                              
mem_rdata[13]                              |mem_rdata[13]                              
mem_rdata[14]                              |mem_rdata[14]                              
mem_rdata[25]                              |mem_rdata[25]                              
mem_rdata[26]                              |mem_rdata[26]                              
mem_rdata[27]                              |mem_rdata[27]                              
mem_rdata[7]                               |mem_rdata[7]                               
mem_rdata[8]                               |mem_rdata[8]                               
mem_rdata[10]                              |mem_rdata[10]                              
mem_rdata[9]                               |mem_rdata[9]                               
rst_n                                      |rst_n                                      
wbs_adr_i[16]                              |wbs_adr_i[16]                              
wbs_adr_i[18]                              |wbs_adr_i[18]                              
wbs_adr_i[13]                              |wbs_adr_i[13]                              
wbs_adr_i[19]                              |wbs_adr_i[19]                              
wbs_adr_i[26]                              |wbs_adr_i[26]                              
wbs_adr_i[12]                              |wbs_adr_i[12]                              
wbs_adr_i[15]                              |wbs_adr_i[15]                              
wbs_adr_i[14]                              |wbs_adr_i[14]                              
wbs_adr_i[27]                              |wbs_adr_i[27]                              
wbs_adr_i[11]                              |wbs_adr_i[11]                              
cpu_mem_wdata[21]                          |cpu_mem_wdata[21]                          
cpu_mem_wdata[22]                          |cpu_mem_wdata[22]                          
cpu_mem_wdata[23]                          |cpu_mem_wdata[23]                          
wbs_dat_i[30]                              |wbs_dat_i[30]                              
cpu_mem_wdata[27]                          |cpu_mem_wdata[27]                          
cpu_mem_wdata[28]                          |cpu_mem_wdata[28]                          
cpu_mem_wdata[29]                          |cpu_mem_wdata[29]                          
cpu_mem_wdata[16]                          |cpu_mem_wdata[16]                          
cpu_mem_wdata[17]                          |cpu_mem_wdata[17]                          
cpu_mem_wdata[18]                          |cpu_mem_wdata[18]                          
cpu_mem_wdata[19]                          |cpu_mem_wdata[19]                          
cpu_mem_wdata[25]                          |cpu_mem_wdata[25]                          
cpu_mem_wdata[26]                          |cpu_mem_wdata[26]                          
wbs_dat_i[31]                              |wbs_dat_i[31]                              
cpu_mem_we[2]                              |cpu_mem_we[2]                              
wbs_adr_i[21]                              |wbs_adr_i[21]                              
cpu_mem_wdata[3]                           |cpu_mem_wdata[3]                           
cpu_mem_wdata[4]                           |cpu_mem_wdata[4]                           
wbs_adr_i[29]                              |wbs_adr_i[29]                              
cpu_mem_wdata[5]                           |cpu_mem_wdata[5]                           
cpu_mem_wdata[6]                           |cpu_mem_wdata[6]                           
cpu_mem_wdata[7]                           |cpu_mem_wdata[7]                           
wbs_adr_i[20]                              |wbs_adr_i[20]                              
wbs_sel_i[1]                               |wbs_sel_i[1]                               
wbs_dat_i[24]                              |wbs_dat_i[24]                              
wbs_dat_i[2]                               |wbs_dat_i[2]                               
wbs_dat_i[3]                               |wbs_dat_i[3]                               
wbs_adr_i[28]                              |wbs_adr_i[28]                              
cpu_mem_wdata[31]                          |cpu_mem_wdata[31]                          
cpu_mem_we[3]                              |cpu_mem_we[3]                              
wbs_sel_i[2]                               |wbs_sel_i[2]                               
wbs_sel_i[3]                               |wbs_sel_i[3]                               
wbs_dat_i[21]                              |wbs_dat_i[21]                              
wbs_dat_i[22]                              |wbs_dat_i[22]                              
wbs_dat_i[23]                              |wbs_dat_i[23]                              
wbs_adr_i[10]                              |wbs_adr_i[10]                              
wbs_adr_i[9]                               |wbs_adr_i[9]                               
wbs_dat_i[12]                              |wbs_dat_i[12]                              
wbs_dat_i[5]                               |wbs_dat_i[5]                               
wbs_dat_i[6]                               |wbs_dat_i[6]                               
wbs_dat_i[7]                               |wbs_dat_i[7]                               
wbs_dat_i[10]                              |wbs_dat_i[10]                              
wbs_dat_i[11]                              |wbs_dat_i[11]                              
wbs_dat_i[8]                               |wbs_dat_i[8]                               
wbs_dat_i[9]                               |wbs_dat_i[9]                               
wbs_adr_i[4]                               |wbs_adr_i[4]                               
wbs_adr_i[5]                               |wbs_adr_i[5]                               
wbs_adr_i[6]                               |wbs_adr_i[6]                               
wbs_adr_i[7]                               |wbs_adr_i[7]                               
wbs_adr_i[8]                               |wbs_adr_i[8]                               
wbs_dat_i[13]                              |wbs_dat_i[13]                              
wbs_dat_i[14]                              |wbs_dat_i[14]                              
wbs_dat_i[15]                              |wbs_dat_i[15]                              
wbs_dat_i[16]                              |wbs_dat_i[16]                              
wbs_dat_i[17]                              |wbs_dat_i[17]                              
wbs_dat_i[18]                              |wbs_dat_i[18]                              
wbs_dat_i[19]                              |wbs_dat_i[19]                              
wbs_dat_i[20]                              |wbs_dat_i[20]                              
wbs_dat_i[4]                               |wbs_dat_i[4]                               
cpu_mem_addr[0]                            |cpu_mem_addr[0]                            
wbs_stb_i                                  |wbs_stb_i                                  
cpu_mem_wdata[20]                          |cpu_mem_wdata[20]                          
cpu_mem_wdata[24]                          |cpu_mem_wdata[24]                          
wbs_adr_i[24]                              |wbs_adr_i[24]                              
wbs_adr_i[23]                              |wbs_adr_i[23]                              
wbs_adr_i[25]                              |wbs_adr_i[25]                              
cpu_mem_wdata[10]                          |cpu_mem_wdata[10]                          
cpu_mem_wdata[11]                          |cpu_mem_wdata[11]                          
cpu_mem_wdata[8]                           |cpu_mem_wdata[8]                           
cpu_mem_wdata[9]                           |cpu_mem_wdata[9]                           
cpu_mem_we[0]                              |cpu_mem_we[0]                              
cpu_mem_we[1]                              |cpu_mem_we[1]                              
cpu_mem_addr[3]                            |cpu_mem_addr[3]                            
cpu_mem_addr[4]                            |cpu_mem_addr[4]                            
cpu_mem_addr[5]                            |cpu_mem_addr[5]                            
cpu_mem_addr[6]                            |cpu_mem_addr[6]                            
cpu_mem_wdata[1]                           |cpu_mem_wdata[1]                           
cpu_mem_wdata[2]                           |cpu_mem_wdata[2]                           
wbs_we_i                                   |wbs_we_i                                   
wbs_adr_i[3]                               |wbs_adr_i[3]                               
wbs_dat_i[1]                               |wbs_dat_i[1]                               
wbs_dat_i[25]                              |wbs_dat_i[25]                              
wbs_dat_i[26]                              |wbs_dat_i[26]                              
wbs_sel_i[0]                               |wbs_sel_i[0]                               
wbs_adr_i[22]                              |wbs_adr_i[22]                              
clk                                        |clk                                        
cpu_mem_wdata[30]                          |cpu_mem_wdata[30]                          
cpu_mem_addr[7]                            |cpu_mem_addr[7]                            
cpu_mem_addr[8]                            |cpu_mem_addr[8]                            
cpu_mem_wdata[12]                          |cpu_mem_wdata[12]                          
cpu_mem_addr[1]                            |cpu_mem_addr[1]                            
cpu_mem_addr[2]                            |cpu_mem_addr[2]                            
cpu_mem_wdata[0]                           |cpu_mem_wdata[0]                           
cpu_mem_wdata[13]                          |cpu_mem_wdata[13]                          
cpu_mem_wdata[14]                          |cpu_mem_wdata[14]                          
cpu_mem_wdata[15]                          |cpu_mem_wdata[15]                          
wbs_adr_i[30]                              |wbs_adr_i[30]                              
wbs_dat_i[0]                               |wbs_dat_i[0]                               
wbs_adr_i[2]                               |wbs_adr_i[2]                               
wbs_dat_i[27]                              |wbs_dat_i[27]                              
wbs_dat_i[28]                              |wbs_dat_i[28]                              
wbs_dat_i[29]                              |wbs_dat_i[29]                              
wbs_adr_i[31]                              |wbs_adr_i[31]                              
wbs_cyc_i                                  |wbs_cyc_i                                  
wbs_adr_i[17]                              |wbs_adr_i[17]                              
vssd1                                      |vssd1                                      
vccd1                                      |vccd1                                      
wbs_adr_i[0]                               |wbs_adr_i[0]                               
wbs_adr_i[1]                               |wbs_adr_i[1]                               
---------------------------------------------------------------------------------------
Cell pin lists are equivalent.
Device classes memory_macro and memory_macro are equivalent.

Final result: Circuits match uniquely.
.
