Clock: clk
Sources: clk 
Generated: no
Virtual: yes
Propagated: no
Period: 25.000000

===========================================================================
report_clock_properties
============================================================================
Clock                   Period          Waveform
----------------------------------------------------
clk                  25.000000    0.000000 12.500000

===========================================================================
report_clock_latency
============================================================================
Clock clk
rise -> rise
    min     max
4.650000 5.570000 source latency
5.808422         network latency _146_/CLK
        6.749940 network latency _134_/CLK
---------------
10.458422 12.319940 latency
        1.861518 skew

fall -> fall
    min     max
4.650000 5.570000 source latency
5.840278         network latency _146_/CLK
        6.777784 network latency _134_/CLK
---------------
10.490277 12.347784 latency
        1.857506 skew



===========================================================================
report_clock_min_period
============================================================================
clk period_min = 0.00 fmax = inf
