
===========================================================================
 report_power
============================================================================
======================= nom_tt_025C_1v80 Corner ===================================

Group                    Internal    Switching      Leakage        Total
                            Power        Power        Power        Power (Watts)
------------------------------------------------------------------------
Sequential           5.341337e-05 1.197872e-06 3.970514e-10 5.461163e-05  11.8%
Combinational        5.251323e-05 2.258769e-04 2.905417e-09 2.783930e-04  60.4%
Clock                4.698762e-05 8.124454e-05 5.180190e-10 1.282327e-04  27.8%
Macro                0.000000e+00 0.000000e+00 0.000000e+00 0.000000e+00   0.0%
Pad                  0.000000e+00 0.000000e+00 0.000000e+00 0.000000e+00   0.0%
------------------------------------------------------------------------
Total                1.529141e-04 3.083192e-04 3.820478e-09 4.612372e-04 100.0%
                            33.2%        66.8%         0.0%

