Clock: clk
Sources: clk 
Generated: no
Virtual: yes
Propagated: no
Period: 25.000000

===========================================================================
report_clock_properties
============================================================================
Clock                   Period          Waveform
----------------------------------------------------
clk                  25.000000    0.000000 12.500000

===========================================================================
report_clock_latency
============================================================================
Clock clk
rise -> rise
    min     max
4.650000 5.570000 source latency
5.515277         network latency _13182_/CLK
        6.762756 network latency _13399_/CLK
---------------
10.165277 12.332756 latency
        2.167479 skew

fall -> fall
    min     max
4.650000 5.570000 source latency
5.574771         network latency _13182_/CLK
        6.781734 network latency _12275_/CLK
---------------
10.224771 12.351734 latency
        2.126964 skew



===========================================================================
report_clock_min_period
============================================================================
clk period_min = 10.96 fmax = 91.23
