
===========================================================================
report_checks -unconstrained
===========================================================================
======================= max_ss_100C_1v60 Corner ===================================

Startpoint: _13680_ (rising edge-triggered flip-flop clocked by clk)
Endpoint: _12630_ (rising edge-triggered flip-flop clocked by clk)
Path Group: clk
Path Type: max

Fanout         Cap        Slew       Delay        Time   Description
---------------------------------------------------------------------------------------------
                                  0.000000    0.000000   clock clk (rise edge)
                                  5.570000    5.570000   clock source latency
     2    0.070814    0.610000    0.000000    5.570000 ^ clk (in)
                                                         clk (net)
                      0.644653    0.017327    5.587327 ^ clkbuf_0_clk/A (sky130_fd_sc_hd__clkbuf_16)
    17    0.199520    0.316864    0.652257    6.239584 ^ clkbuf_0_clk/X (sky130_fd_sc_hd__clkbuf_16)
                                                         clknet_0_clk (net)
                      0.321469    0.030520    6.270104 ^ clkbuf_3_7_0_clk/A (sky130_fd_sc_hd__clkbuf_8)
     9    0.100727    0.280654    0.496311    6.766414 ^ clkbuf_3_7_0_clk/X (sky130_fd_sc_hd__clkbuf_8)
                                                         clknet_3_7_0_clk (net)
                      0.281632    0.012649    6.779063 ^ clkbuf_5_31__f_clk/A (sky130_fd_sc_hd__clkbuf_16)
    19    0.120774    0.206855    0.428425    7.207489 ^ clkbuf_5_31__f_clk/X (sky130_fd_sc_hd__clkbuf_16)
                                                         clknet_5_31__leaf_clk (net)
                      0.207418    0.007964    7.215453 ^ clkbuf_leaf_115_clk/A (sky130_fd_sc_hd__clkbuf_8)
     7    0.032894    0.112774    0.327459    7.542912 ^ clkbuf_leaf_115_clk/X (sky130_fd_sc_hd__clkbuf_8)
                                                         clknet_leaf_115_clk (net)
                      0.112789    0.001282    7.544193 ^ _13680_/CLK (sky130_fd_sc_hd__dfxtp_4)
    13    0.091091    0.411141    0.982349    8.526543 ^ _13680_/Q (sky130_fd_sc_hd__dfxtp_4)
                                                         u_picorv32.picorv32_core.cpu_state[1] (net)
                      0.411301    0.007782    8.534325 ^ hold3040/A (sky130_fd_sc_hd__dlygate4sd3_1)
     5    0.049921    0.754824    1.673807   10.208132 ^ hold3040/X (sky130_fd_sc_hd__dlygate4sd3_1)
                                                         net3648 (net)
                      0.754843    0.004754   10.212886 ^ _08942_/C (sky130_fd_sc_hd__and4_1)
     5    0.020543    0.341261    0.798365   11.011250 ^ _08942_/X (sky130_fd_sc_hd__and4_1)
                                                         _04563_ (net)
                      0.341263    0.001707   11.012958 ^ _08951_/D (sky130_fd_sc_hd__and4_1)
     6    0.021691    0.355397    0.701836   11.714794 ^ _08951_/X (sky130_fd_sc_hd__and4_1)
                                                         _04569_ (net)
                      0.355399    0.001575   11.716369 ^ _08958_/D (sky130_fd_sc_hd__and4_2)
     6    0.031319    0.309679    0.771383   12.487752 ^ _08958_/X (sky130_fd_sc_hd__and4_2)
                                                         _04573_ (net)
                      0.309727    0.003878   12.491630 ^ _08966_/D (sky130_fd_sc_hd__and4_1)
     6    0.027053    0.430604    0.749838   13.241467 ^ _08966_/X (sky130_fd_sc_hd__and4_1)
                                                         _04578_ (net)
                      0.430612    0.002477   13.243944 ^ _08974_/D (sky130_fd_sc_hd__and4_1)
     6    0.028238    0.447585    0.795636   14.039580 ^ _08974_/X (sky130_fd_sc_hd__and4_1)
                                                         _04583_ (net)
                      0.447605    0.003434   14.043015 ^ _08982_/D (sky130_fd_sc_hd__and4_1)
     6    0.024842    0.399937    0.764271   14.807285 ^ _08982_/X (sky130_fd_sc_hd__and4_1)
                                                         _04588_ (net)
                      0.399951    0.002859   14.810144 ^ _08990_/D (sky130_fd_sc_hd__and4_2)
     6    0.027825    0.283601    0.762437   15.572582 ^ _08990_/X (sky130_fd_sc_hd__and4_2)
                                                         _04593_ (net)
                      0.283638    0.003336   15.575918 ^ _08998_/D (sky130_fd_sc_hd__and4_1)
     6    0.020527    0.339073    0.673239   16.249157 ^ _08998_/X (sky130_fd_sc_hd__and4_1)
                                                         _04598_ (net)
                      0.339078    0.001927   16.251085 ^ _09006_/D (sky130_fd_sc_hd__and4_1)
     6    0.019153    0.319842    0.674527   16.925611 ^ _09006_/X (sky130_fd_sc_hd__and4_1)
                                                         _04603_ (net)
                      0.319842    0.000853   16.926464 ^ _09014_/D (sky130_fd_sc_hd__and4_1)
     6    0.021259    0.349277    0.691383   17.617847 ^ _09014_/X (sky130_fd_sc_hd__and4_1)
                                                         _04608_ (net)
                      0.349277    0.001204   17.619051 ^ _09022_/D (sky130_fd_sc_hd__and4_2)
    13    0.070111    0.591759    0.998066   18.617117 ^ _09022_/X (sky130_fd_sc_hd__and4_2)
                                                         _04613_ (net)
                      0.592792    0.017518   18.634636 ^ _09030_/D (sky130_fd_sc_hd__and4_1)
     6    0.020384    0.337758    0.757625   19.392262 ^ _09030_/X (sky130_fd_sc_hd__and4_1)
                                                         _04618_ (net)
                      0.337759    0.001526   19.393787 ^ _09038_/D (sky130_fd_sc_hd__and4_1)
     6    0.020734    0.341936    0.690916   20.084702 ^ _09038_/X (sky130_fd_sc_hd__and4_1)
                                                         _04623_ (net)
                      0.341936    0.001036   20.085737 ^ _09046_/D (sky130_fd_sc_hd__and4_1)
     6    0.030689    0.481963    0.796916   20.882654 ^ _09046_/X (sky130_fd_sc_hd__and4_1)
                                                         _04628_ (net)
                      0.481981    0.003469   20.886124 ^ _09054_/D (sky130_fd_sc_hd__and4_1)
     6    0.025034    0.402469    0.776492   21.662615 ^ _09054_/X (sky130_fd_sc_hd__and4_1)
                                                         _04633_ (net)
                      0.402471    0.001675   21.664291 ^ _09062_/D (sky130_fd_sc_hd__and4_1)
     6    0.027611    0.438792    0.780968   22.445259 ^ _09062_/X (sky130_fd_sc_hd__and4_1)
                                                         _04638_ (net)
                      0.438809    0.003151   22.448410 ^ _09070_/D (sky130_fd_sc_hd__and4_1)
     6    0.024030    0.388436    0.753540   23.201950 ^ _09070_/X (sky130_fd_sc_hd__and4_1)
                                                         _04643_ (net)
                      0.388441    0.001986   23.203936 ^ _09078_/D (sky130_fd_sc_hd__and4_2)
     6    0.030179    0.301493    0.773744   23.977678 ^ _09078_/X (sky130_fd_sc_hd__and4_2)
                                                         _04648_ (net)
                      0.301534    0.003610   23.981289 ^ _09086_/D (sky130_fd_sc_hd__and4_1)
     6    0.019666    0.326979    0.669365   24.650654 ^ _09086_/X (sky130_fd_sc_hd__and4_1)
                                                         _04653_ (net)
                      0.326979    0.001043   24.651697 ^ _09094_/D (sky130_fd_sc_hd__and4_2)
     6    0.024677    0.260265    0.723007   25.374704 ^ _09094_/X (sky130_fd_sc_hd__and4_2)
                                                         _04658_ (net)
                      0.260272    0.001851   25.376554 ^ _09102_/D (sky130_fd_sc_hd__and4_1)
     5    0.022822    0.371043    0.691445   26.068001 ^ _09102_/X (sky130_fd_sc_hd__and4_1)
                                                         _04663_ (net)
                      0.371045    0.001602   26.069603 ^ _09107_/A2 (sky130_fd_sc_hd__a21oi_1)
     1    0.003743    0.121515    0.248534   26.318136 v _09107_/Y (sky130_fd_sc_hd__a21oi_1)
                                                         _04666_ (net)
                      0.121515    0.000247   26.318382 v hold2168/A (sky130_fd_sc_hd__dlygate4sd3_1)
     1    0.004539    0.125707    1.176522   27.494905 v hold2168/X (sky130_fd_sc_hd__dlygate4sd3_1)
                                                         net2776 (net)
                      0.125707    0.000359   27.495264 v _09109_/A (sky130_fd_sc_hd__nor2_1)
     1    0.002892    0.131945    0.189427   27.684690 ^ _09109_/Y (sky130_fd_sc_hd__nor2_1)
                                                         _00396_ (net)
                      0.131945    0.000179   27.684870 ^ hold2169/A (sky130_fd_sc_hd__dlygate4sd3_1)
     1    0.002073    0.083666    1.054484   28.739355 ^ hold2169/X (sky130_fd_sc_hd__dlygate4sd3_1)
                                                         net2777 (net)
                      0.083666    0.000139   28.739494 ^ _12630_/D (sky130_fd_sc_hd__dfxtp_1)
                                             28.739494   data arrival time

                                 25.000000   25.000000   clock clk (rise edge)
                                  4.650000   29.650000   clock source latency
     2    0.070814    0.610000    0.000000   29.650000 ^ clk (in)
                                                         clk (net)
                      0.644653    0.017327   29.667326 ^ clkbuf_0_clk/A (sky130_fd_sc_hd__clkbuf_16)
    17    0.199520    0.316864    0.652259   30.319584 ^ clkbuf_0_clk/X (sky130_fd_sc_hd__clkbuf_16)
                                                         clknet_0_clk (net)
                      0.318282    0.017369   30.336954 ^ clkbuf_3_2_0_clk/A (sky130_fd_sc_hd__clkbuf_8)
     9    0.089022    0.251664    0.473676   30.810629 ^ clkbuf_3_2_0_clk/X (sky130_fd_sc_hd__clkbuf_8)
                                                         clknet_3_2_0_clk (net)
                      0.252544    0.011195   30.821825 ^ clkbuf_5_11__f_clk/A (sky130_fd_sc_hd__clkbuf_16)
    21    0.114214    0.197299    0.408829   31.230652 ^ clkbuf_5_11__f_clk/X (sky130_fd_sc_hd__clkbuf_16)
                                                         clknet_5_11__leaf_clk (net)
                      0.198205    0.010044   31.240696 ^ clkbuf_leaf_55_clk/A (sky130_fd_sc_hd__clkbuf_8)
    13    0.042121    0.134784    0.339860   31.580557 ^ clkbuf_leaf_55_clk/X (sky130_fd_sc_hd__clkbuf_8)
                                                         clknet_leaf_55_clk (net)
                      0.134804    0.001691   31.582247 ^ _12630_/CLK (sky130_fd_sc_hd__dfxtp_1)
                                 -0.250000   31.332247   clock uncertainty
                                  0.920000   32.252247   clock reconvergence pessimism
                                 -0.120964   32.131283   library setup time
                                             32.131283   data required time
---------------------------------------------------------------------------------------------
                                             32.131283   data required time
                                            -28.739494   data arrival time
---------------------------------------------------------------------------------------------
                                              3.391790   slack (MET)




===========================================================================
report_checks --slack_max -0.01
============================================================================
======================= max_ss_100C_1v60 Corner ===================================

No paths found.


===========================================================================
 report_check_types -max_slew -max_cap -max_fanout -violators
============================================================================
======================= max_ss_100C_1v60 Corner ===================================

max slew

Pin                                        Limit        Slew       Slack
------------------------------------------------------------------------
ANTENNA__09165__C_N/DIODE               1.000000    1.814767   -0.814767 (VIOLATED)
ANTENNA__06227__C_N/DIODE               1.000000    1.814763   -0.814763 (VIOLATED)
ANTENNA__07384__C_N/DIODE               1.000000    1.814760   -0.814760 (VIOLATED)
_06227_/C_N                             1.000000    1.814699   -0.814699 (VIOLATED)
_06398_/B                               1.000000    1.814699   -0.814699 (VIOLATED)
_07384_/C_N                             1.000000    1.814697   -0.814697 (VIOLATED)
_09165_/C_N                             1.000000    1.814697   -0.814697 (VIOLATED)
ANTENNA__06398__B/DIODE                 1.000000    1.814673   -0.814673 (VIOLATED)
ANTENNA__06225__Y/DIODE                 1.000000    1.814654   -0.814654 (VIOLATED)
_06225_/Y                               1.000000    1.814646   -0.814646 (VIOLATED)
ANTENNA__07240__A1/DIODE                1.000000    1.770721   -0.770721 (VIOLATED)
_07240_/A1                              1.000000    1.770721   -0.770721 (VIOLATED)
ANTENNA__07013__B2/DIODE                1.000000    1.770718   -0.770718 (VIOLATED)
ANTENNA__09229__A0/DIODE                1.000000    1.770713   -0.770713 (VIOLATED)
_09229_/A0                              1.000000    1.770713   -0.770713 (VIOLATED)
_07013_/B2                              1.000000    1.770712   -0.770712 (VIOLATED)
ANTENNA__06667__A0/DIODE                1.000000    1.770710   -0.770710 (VIOLATED)
_06667_/A0                              1.000000    1.770711   -0.770711 (VIOLATED)
ANTENNA_hold2659_X/DIODE                1.000000    1.770704   -0.770704 (VIOLATED)
hold2659/X                              1.000000    1.770704   -0.770704 (VIOLATED)
ANTENNA__06683__A0/DIODE                1.000000    1.714365   -0.714365 (VIOLATED)
_06683_/A0                              1.000000    1.714362   -0.714362 (VIOLATED)
_07214_/A1                              1.000000    1.714337   -0.714337 (VIOLATED)
ANTENNA__07214__A1/DIODE                1.000000    1.714334   -0.714333 (VIOLATED)
ANTENNA__06979__B2/DIODE                1.000000    1.714286   -0.714286 (VIOLATED)
_06979_/B2                              1.000000    1.714278   -0.714278 (VIOLATED)
ANTENNA__09223__A1/DIODE                1.000000    1.714233   -0.714233 (VIOLATED)
_09223_/A1                              1.000000    1.714222   -0.714222 (VIOLATED)
ANTENNA_hold2426_X/DIODE                1.000000    1.714217   -0.714217 (VIOLATED)
hold2426/X                              1.000000    1.714203   -0.714203 (VIOLATED)
ANTENNA__07026__B2/DIODE                1.000000    1.572772   -0.572772 (VIOLATED)
_07026_/B2                              1.000000    1.572759   -0.572758 (VIOLATED)
ANTENNA__07253__A1/DIODE                1.000000    1.572732   -0.572732 (VIOLATED)
_07253_/A1                              1.000000    1.572732   -0.572732 (VIOLATED)
ANTENNA__09232__A1/DIODE                1.000000    1.572704   -0.572704 (VIOLATED)
ANTENNA_hold2663_X/DIODE                1.000000    1.572704   -0.572704 (VIOLATED)
_09232_/A1                              1.000000    1.572704   -0.572704 (VIOLATED)
hold2663/X                              1.000000    1.572704   -0.572704 (VIOLATED)
ANTENNA__07455__A/DIODE                 1.000000    1.544734   -0.544734 (VIOLATED)
ANTENNA__07482__A/DIODE                 1.000000    1.544734   -0.544734 (VIOLATED)
ANTENNA__07475__A_N/DIODE               1.000000    1.544728   -0.544728 (VIOLATED)
ANTENNA__07406__A/DIODE                 1.000000    1.544726   -0.544726 (VIOLATED)
_07405_/A                               1.000000    1.544721   -0.544721 (VIOLATED)
ANTENNA__07405__A/DIODE                 1.000000    1.544719   -0.544719 (VIOLATED)
ANTENNA__07408__A1/DIODE                1.000000    1.544719   -0.544719 (VIOLATED)
_07408_/A1                              1.000000    1.544719   -0.544719 (VIOLATED)
_07406_/A                               1.000000    1.544713   -0.544713 (VIOLATED)
_07475_/A_N                             1.000000    1.544699   -0.544699 (VIOLATED)
_07482_/A                               1.000000    1.544698   -0.544698 (VIOLATED)
_07455_/A                               1.000000    1.544697   -0.544697 (VIOLATED)
ANTENNA_hold2037_X/DIODE                1.000000    1.544695   -0.544695 (VIOLATED)
_11244_/B2                              1.000000    1.544694   -0.544694 (VIOLATED)
ANTENNA__11244__B2/DIODE                1.000000    1.544692   -0.544692 (VIOLATED)
ANTENNA__07439__A1/DIODE                1.000000    1.544688   -0.544688 (VIOLATED)
_07439_/A1                              1.000000    1.544688   -0.544688 (VIOLATED)
hold2037/X                              1.000000    1.544688   -0.544688 (VIOLATED)
ANTENNA__07455__C/DIODE                 1.000000    1.531024   -0.531024 (VIOLATED)
ANTENNA__07469__C/DIODE                 1.000000    1.531024   -0.531024 (VIOLATED)
ANTENNA__07482__C/DIODE                 1.000000    1.531024   -0.531024 (VIOLATED)
ANTENNA__07406__C/DIODE                 1.000000    1.531023   -0.531023 (VIOLATED)
ANTENNA__07475__C/DIODE                 1.000000    1.531021   -0.531021 (VIOLATED)
ANTENNA__07480__A/DIODE                 1.000000    1.531021   -0.531021 (VIOLATED)
_07480_/A                               1.000000    1.531019   -0.531019 (VIOLATED)
ANTENNA__07466__D/DIODE                 1.000000    1.531015   -0.531015 (VIOLATED)
_07466_/D                               1.000000    1.531015   -0.531015 (VIOLATED)
_07406_/C                               1.000000    1.531010   -0.531010 (VIOLATED)
ANTENNA_hold1501_X/DIODE                1.000000    1.531005   -0.531005 (VIOLATED)
_07475_/C                               1.000000    1.531001   -0.531001 (VIOLATED)
_07469_/C                               1.000000    1.531000   -0.531000 (VIOLATED)
_07455_/C                               1.000000    1.530999   -0.530999 (VIOLATED)
_07482_/C                               1.000000    1.531000   -0.531000 (VIOLATED)
_11240_/B2                              1.000000    1.530997   -0.530997 (VIOLATED)
ANTENNA__11240__B2/DIODE                1.000000    1.530994   -0.530994 (VIOLATED)
ANTENNA__07443__A1/DIODE                1.000000    1.530991   -0.530991 (VIOLATED)
_07443_/A1                              1.000000    1.530991   -0.530991 (VIOLATED)
hold1501/X                              1.000000    1.530991   -0.530991 (VIOLATED)
ANTENNA__08300__Y/DIODE                 1.000000    1.509929   -0.509929 (VIOLATED)
ANTENNA_fanout222_A/DIODE               1.000000    1.509927   -0.509927 (VIOLATED)
fanout221/A                             1.000000    1.509927   -0.509927 (VIOLATED)
ANTENNA_fanout221_A/DIODE               1.000000    1.509925   -0.509925 (VIOLATED)
fanout222/A                             1.000000    1.509923   -0.509923 (VIOLATED)
_08300_/Y                               1.000000    1.509919   -0.509919 (VIOLATED)
_07427_/A0                              1.000000    1.505040   -0.505040 (VIOLATED)
ANTENNA__07427__A0/DIODE                1.000000    1.505036   -0.505036 (VIOLATED)
_07299_/A1                              1.000000    1.504942   -0.504942 (VIOLATED)
ANTENNA__07299__A1/DIODE                1.000000    1.504937   -0.504937 (VIOLATED)
ANTENNA__09244__A1/DIODE                1.000000    1.504806   -0.504806 (VIOLATED)
ANTENNA_hold2574_X/DIODE                1.000000    1.504806   -0.504806 (VIOLATED)
_09244_/A1                              1.000000    1.504806   -0.504806 (VIOLATED)
hold2574/X                              1.000000    1.504806   -0.504806 (VIOLATED)
ANTENNA__07469__B/DIODE                 1.000000    1.452810   -0.452810 (VIOLATED)
ANTENNA__07482__B/DIODE                 1.000000    1.452809   -0.452809 (VIOLATED)
ANTENNA__06157__A/DIODE                 1.000000    1.452781   -0.452781 (VIOLATED)
ANTENNA__07466__C/DIODE                 1.000000    1.452748   -0.452748 (VIOLATED)
_07466_/C                               1.000000    1.452723   -0.452723 (VIOLATED)
_06157_/A                               1.000000    1.452712   -0.452712 (VIOLATED)
_07482_/B                               1.000000    1.452675   -0.452675 (VIOLATED)
_07469_/B                               1.000000    1.452669   -0.452669 (VIOLATED)
ANTENNA__07477__B/DIODE                 1.000000    1.452651   -0.452651 (VIOLATED)
_11242_/B2                              1.000000    1.452618   -0.452618 (VIOLATED)
ANTENNA__11242__B2/DIODE                1.000000    1.452615   -0.452615 (VIOLATED)
_07477_/B                               1.000000    1.452613   -0.452613 (VIOLATED)
ANTENNA__07441__A1/DIODE                1.000000    1.452611   -0.452611 (VIOLATED)
_07441_/A1                              1.000000    1.452611   -0.452611 (VIOLATED)
ANTENNA_hold653_X/DIODE                 1.000000    1.452609   -0.452609 (VIOLATED)
hold653/X                               1.000000    1.452609   -0.452609 (VIOLATED)
ANTENNA__06574__B/DIODE                 1.000000    1.426028   -0.426028 (VIOLATED)
_06574_/B                               1.000000    1.426027   -0.426027 (VIOLATED)
_06526_/B                               1.000000    1.426026   -0.426026 (VIOLATED)
_06527_/B                               1.000000    1.426023   -0.426023 (VIOLATED)
ANTENNA__06528__B/DIODE                 1.000000    1.426020   -0.426020 (VIOLATED)
_06528_/B                               1.000000    1.426021   -0.426021 (VIOLATED)
ANTENNA__06526__B/DIODE                 1.000000    1.426009   -0.426009 (VIOLATED)
ANTENNA__06527__B/DIODE                 1.000000    1.425998   -0.425998 (VIOLATED)
_09884_/A1                              1.000000    1.425990   -0.425990 (VIOLATED)
_09766_/A0                              1.000000    1.425988   -0.425988 (VIOLATED)
ANTENNA__09766__A0/DIODE                1.000000    1.425985   -0.425985 (VIOLATED)
_09813_/A1                              1.000000    1.425984   -0.425984 (VIOLATED)
ANTENNA__07045__A2/DIODE                1.000000    1.425977   -0.425977 (VIOLATED)
_08217_/A                               1.000000    1.425972   -0.425972 (VIOLATED)
_07045_/A2                              1.000000    1.425962   -0.425962 (VIOLATED)
_09809_/A                               1.000000    1.425957   -0.425957 (VIOLATED)
ANTENNA__08217__A/DIODE                 1.000000    1.425948   -0.425948 (VIOLATED)
ANTENNA__09809__A/DIODE                 1.000000    1.425943   -0.425943 (VIOLATED)
ANTENNA__09813__A1/DIODE                1.000000    1.425943   -0.425943 (VIOLATED)
ANTENNA__09884__A1/DIODE                1.000000    1.425943   -0.425943 (VIOLATED)
ANTENNA_hold2744_X/DIODE                1.000000    1.425943   -0.425943 (VIOLATED)
hold2744/X                              1.000000    1.425943   -0.425943 (VIOLATED)
_07109_/C1                              1.000000    1.422326   -0.422326 (VIOLATED)
ANTENNA__07109__C1/DIODE                1.000000    1.422325   -0.422325 (VIOLATED)
_06990_/A1                              1.000000    1.422318   -0.422318 (VIOLATED)
ANTENNA__06990__A1/DIODE                1.000000    1.422312   -0.422312 (VIOLATED)
fanout293/A                             1.000000    1.422290   -0.422290 (VIOLATED)
ANTENNA_fanout293_A/DIODE               1.000000    1.422290   -0.422290 (VIOLATED)
ANTENNA__06962__Y/DIODE                 1.000000    1.422287   -0.422287 (VIOLATED)
_06962_/Y                               1.000000    1.422279   -0.422279 (VIOLATED)
_07431_/A0                              1.000000    1.401354   -0.401354 (VIOLATED)
ANTENNA__07431__A0/DIODE                1.000000    1.401346   -0.401346 (VIOLATED)
_07323_/A1                              1.000000    1.401294   -0.401294 (VIOLATED)
ANTENNA__07323__A1/DIODE                1.000000    1.401256   -0.401256 (VIOLATED)
ANTENNA__09250__A1/DIODE                1.000000    1.401114   -0.401114 (VIOLATED)
ANTENNA_hold2533_X/DIODE                1.000000    1.401114   -0.401114 (VIOLATED)
_09250_/A1                              1.000000    1.401114   -0.401114 (VIOLATED)
hold2533/X                              1.000000    1.401114   -0.401114 (VIOLATED)
_07148_/A2                              1.000000    1.387085   -0.387085 (VIOLATED)
_06429_/B                               1.000000    1.387077   -0.387077 (VIOLATED)
_06427_/B                               1.000000    1.387077   -0.387077 (VIOLATED)
_06428_/B                               1.000000    1.387076   -0.387075 (VIOLATED)
ANTENNA__06427__B/DIODE                 1.000000    1.387062   -0.387062 (VIOLATED)
ANTENNA__06428__B/DIODE                 1.000000    1.387061   -0.387061 (VIOLATED)
ANTENNA__07148__A2/DIODE                1.000000    1.387059   -0.387059 (VIOLATED)
ANTENNA__06429__B/DIODE                 1.000000    1.387053   -0.387053 (VIOLATED)
ANTENNA_hold2550_X/DIODE                1.000000    1.386894   -0.386894 (VIOLATED)
ANTENNA__09858__A/DIODE                 1.000000    1.386862   -0.386862 (VIOLATED)
ANTENNA__09969__A0/DIODE                1.000000    1.386861   -0.386861 (VIOLATED)
ANTENNA__09975__A1/DIODE                1.000000    1.386860   -0.386860 (VIOLATED)
ANTENNA__10046__A1/DIODE                1.000000    1.386830   -0.386830 (VIOLATED)
_10046_/A1                              1.000000    1.386830   -0.386830 (VIOLATED)
_09858_/A                               1.000000    1.386828   -0.386828 (VIOLATED)
_09969_/A0                              1.000000    1.386828   -0.386828 (VIOLATED)
_09975_/A1                              1.000000    1.386828   -0.386828 (VIOLATED)
hold2550/X                              1.000000    1.386828   -0.386828 (VIOLATED)
_06989_/A2                              1.000000    1.381166   -0.381166 (VIOLATED)
ANTENNA__06501__B/DIODE                 1.000000    1.381163   -0.381163 (VIOLATED)
ANTENNA__06989__A2/DIODE                1.000000    1.381162   -0.381162 (VIOLATED)
_06501_/B                               1.000000    1.381162   -0.381162 (VIOLATED)
_06502_/B                               1.000000    1.381158   -0.381158 (VIOLATED)
ANTENNA__06502__B/DIODE                 1.000000    1.381152   -0.381152 (VIOLATED)
_09674_/A1                              1.000000    1.381063   -0.381063 (VIOLATED)
_08225_/A                               1.000000    1.381055   -0.381055 (VIOLATED)
ANTENNA__09790__A0/DIODE                1.000000    1.381041   -0.381041 (VIOLATED)
_09790_/A0                              1.000000    1.381038   -0.381038 (VIOLATED)
_09732_/A0                              1.000000    1.381025   -0.381025 (VIOLATED)
ANTENNA__08225__A/DIODE                 1.000000    1.381020   -0.381020 (VIOLATED)
ANTENNA__09674__A1/DIODE                1.000000    1.381020   -0.381020 (VIOLATED)
ANTENNA__09712__A1/DIODE                1.000000    1.381020   -0.381020 (VIOLATED)
ANTENNA__09732__A0/DIODE                1.000000    1.381020   -0.381020 (VIOLATED)
ANTENNA_hold2625_X/DIODE                1.000000    1.381020   -0.381020 (VIOLATED)
_09712_/A1                              1.000000    1.381020   -0.381020 (VIOLATED)
hold2625/X                              1.000000    1.381020   -0.381020 (VIOLATED)
_07429_/A0                              1.000000    1.374584   -0.374584 (VIOLATED)
ANTENNA__07429__A0/DIODE                1.000000    1.374577   -0.374577 (VIOLATED)
_07312_/A1                              1.000000    1.374362   -0.374362 (VIOLATED)
ANTENNA__07312__A1/DIODE                1.000000    1.374359   -0.374359 (VIOLATED)
ANTENNA__09247__A1/DIODE                1.000000    1.374258   -0.374258 (VIOLATED)
ANTENNA_hold2552_X/DIODE                1.000000    1.374258   -0.374258 (VIOLATED)
_09247_/A1                              1.000000    1.374257   -0.374257 (VIOLATED)
hold2552/X                              1.000000    1.374257   -0.374257 (VIOLATED)
ANTENNA__07485__A3/DIODE                1.000000    1.373376   -0.373376 (VIOLATED)
ANTENNA__07486__A2/DIODE                1.000000    1.373376   -0.373376 (VIOLATED)
ANTENNA__07468__A1/DIODE                1.000000    1.373375   -0.373375 (VIOLATED)
_07486_/A2                              1.000000    1.373375   -0.373375 (VIOLATED)
_07485_/A3                              1.000000    1.373365   -0.373365 (VIOLATED)
_07468_/A1                              1.000000    1.373348   -0.373348 (VIOLATED)
_07471_/B                               1.000000    1.373347   -0.373347 (VIOLATED)
ANTENNA__07471__B/DIODE                 1.000000    1.373327   -0.373327 (VIOLATED)
_07408_/A3                              1.000000    1.373316   -0.373316 (VIOLATED)
ANTENNA__07408__A3/DIODE                1.000000    1.373287   -0.373287 (VIOLATED)
ANTENNA__07407__Y/DIODE                 1.000000    1.373253   -0.373253 (VIOLATED)
_07407_/Y                               1.000000    1.373251   -0.373251 (VIOLATED)
_07195_/A1                              1.000000    1.360494   -0.360494 (VIOLATED)
ANTENNA__07195__A1/DIODE                1.000000    1.360492   -0.360492 (VIOLATED)
ANTENNA__07206__A1/DIODE                1.000000    1.360491   -0.360491 (VIOLATED)
_07206_/A1                              1.000000    1.360491   -0.360491 (VIOLATED)
fanout361/A                             1.000000    1.360472   -0.360472 (VIOLATED)
ANTENNA_fanout361_A/DIODE               1.000000    1.360470   -0.360470 (VIOLATED)
_07179_/A1                              1.000000    1.360434   -0.360434 (VIOLATED)
ANTENNA__07179__A1/DIODE                1.000000    1.360425   -0.360425 (VIOLATED)
ANTENNA_fanout363_A/DIODE               1.000000    1.360424   -0.360424 (VIOLATED)
ANTENNA_hold2691_X/DIODE                1.000000    1.360424   -0.360424 (VIOLATED)
fanout363/A                             1.000000    1.360424   -0.360424 (VIOLATED)
hold2691/X                              1.000000    1.360424   -0.360424 (VIOLATED)
_09856_/B1                              1.000000    1.356034   -0.356034 (VIOLATED)
ANTENNA__09856__B1/DIODE                1.000000    1.356025   -0.356025 (VIOLATED)
_09833_/C1                              1.000000    1.356023   -0.356023 (VIOLATED)
ANTENNA__09833__C1/DIODE                1.000000    1.356020   -0.356020 (VIOLATED)
ANTENNA__06354__Y/DIODE                 1.000000    1.355987   -0.355987 (VIOLATED)
ANTENNA_fanout311_A/DIODE               1.000000    1.355987   -0.355987 (VIOLATED)
fanout311/A                             1.000000    1.355987   -0.355987 (VIOLATED)
_06354_/Y                               1.000000    1.355981   -0.355981 (VIOLATED)
ANTENNA__06969__B2/DIODE                1.000000    1.274824   -0.274824 (VIOLATED)
_06969_/B2                              1.000000    1.274816   -0.274816 (VIOLATED)
ANTENNA_hold2889_X/DIODE                1.000000    1.274786   -0.274786 (VIOLATED)
ANTENNA__07202__A1/DIODE                1.000000    1.274781   -0.274781 (VIOLATED)
ANTENNA__09220__A0/DIODE                1.000000    1.274781   -0.274781 (VIOLATED)
_07202_/A1                              1.000000    1.274781   -0.274781 (VIOLATED)
_09220_/A0                              1.000000    1.274781   -0.274781 (VIOLATED)
hold2889/X                              1.000000    1.274781   -0.274781 (VIOLATED)
ANTENNA__07538__A/DIODE                 1.000000    1.260685   -0.260685 (VIOLATED)
ANTENNA__06359__A1_N/DIODE              1.000000    1.260682   -0.260682 (VIOLATED)
ANTENNA__07539__B/DIODE                 1.000000    1.260681   -0.260681 (VIOLATED)
ANTENNA__06347__A1/DIODE                1.000000    1.260679   -0.260679 (VIOLATED)
ANTENNA__06605__A/DIODE                 1.000000    1.260661   -0.260661 (VIOLATED)
_07538_/A                               1.000000    1.260658   -0.260658 (VIOLATED)
_06359_/A1_N                            1.000000    1.260650   -0.260650 (VIOLATED)
_07539_/B                               1.000000    1.260650   -0.260650 (VIOLATED)
_06347_/A1                              1.000000    1.260643   -0.260643 (VIOLATED)
_06605_/A                               1.000000    1.260577   -0.260577 (VIOLATED)
ANTENNA__11981__A1/DIODE                1.000000    1.260465   -0.260465 (VIOLATED)
ANTENNA_hold2814_X/DIODE                1.000000    1.260457   -0.260457 (VIOLATED)
ANTENNA__11979__A1/DIODE                1.000000    1.260348   -0.260348 (VIOLATED)
_11979_/A1                              1.000000    1.260348   -0.260348 (VIOLATED)
_11981_/A1                              1.000000    1.260348   -0.260348 (VIOLATED)
hold2814/X                              1.000000    1.260348   -0.260348 (VIOLATED)
_06465_/B                               1.000000    1.217515   -0.217515 (VIOLATED)
_06560_/B                               1.000000    1.217515   -0.217515 (VIOLATED)
ANTENNA__06560__B/DIODE                 1.000000    1.217514   -0.217514 (VIOLATED)
_06464_/B                               1.000000    1.217513   -0.217513 (VIOLATED)
ANTENNA__06465__B/DIODE                 1.000000    1.217513   -0.217513 (VIOLATED)
ANTENNA__06464__B/DIODE                 1.000000    1.217511   -0.217511 (VIOLATED)
_07096_/A2                              1.000000    1.217492   -0.217492 (VIOLATED)
_09974_/A1                              1.000000    1.217491   -0.217491 (VIOLATED)
ANTENNA__07096__A2/DIODE                1.000000    1.217488   -0.217488 (VIOLATED)
ANTENNA__09790__A1/DIODE                1.000000    1.217488   -0.217488 (VIOLATED)
ANTENNA__09974__A1/DIODE                1.000000    1.217485   -0.217485 (VIOLATED)
ANTENNA__09879__A/DIODE                 1.000000    1.217484   -0.217484 (VIOLATED)
_09790_/A1                              1.000000    1.217482   -0.217482 (VIOLATED)
_09879_/A                               1.000000    1.217481   -0.217481 (VIOLATED)
ANTENNA_hold2927_X/DIODE                1.000000    1.217475   -0.217475 (VIOLATED)
hold2927/X                              1.000000    1.217473   -0.217473 (VIOLATED)
_07372_/A2                              1.000000    1.217390   -0.217390 (VIOLATED)
ANTENNA__07372__A2/DIODE                1.000000    1.217387   -0.217387 (VIOLATED)
_06421_/A                               1.000000    1.217373   -0.217373 (VIOLATED)
_06942_/A1                              1.000000    1.217373   -0.217373 (VIOLATED)
ANTENNA__06943__A1/DIODE                1.000000    1.217372   -0.217372 (VIOLATED)
ANTENNA__06942__A1/DIODE                1.000000    1.217371   -0.217371 (VIOLATED)
ANTENNA__06944__A1/DIODE                1.000000    1.217369   -0.217369 (VIOLATED)
_06944_/A1                              1.000000    1.217365   -0.217365 (VIOLATED)
_06943_/A1                              1.000000    1.217344   -0.217344 (VIOLATED)
ANTENNA__06421__A/DIODE                 1.000000    1.217310   -0.217310 (VIOLATED)
ANTENNA__08297__A/DIODE                 1.000000    1.217221   -0.217221 (VIOLATED)
_08297_/A                               1.000000    1.217221   -0.217221 (VIOLATED)
ANTENNA__08338__A1/DIODE                1.000000    1.217180   -0.217180 (VIOLATED)
ANTENNA_hold2879_X/DIODE                1.000000    1.217180   -0.217180 (VIOLATED)
_08338_/A1                              1.000000    1.217180   -0.217180 (VIOLATED)
hold2879/X                              1.000000    1.217180   -0.217180 (VIOLATED)
_07109_/A2                              1.000000    1.215073   -0.215073 (VIOLATED)
_06468_/B                               1.000000    1.215072   -0.215072 (VIOLATED)
ANTENNA__06468__B/DIODE                 1.000000    1.215071   -0.215071 (VIOLATED)
ANTENNA__07109__A2/DIODE                1.000000    1.215070   -0.215070 (VIOLATED)
_06577_/A2                              1.000000    1.215068   -0.215068 (VIOLATED)
ANTENNA__06577__A2/DIODE                1.000000    1.215067   -0.215067 (VIOLATED)
_06166_/A                               1.000000    1.215058   -0.215058 (VIOLATED)
ANTENNA__06166__A/DIODE                 1.000000    1.215055   -0.215055 (VIOLATED)
ANTENNA_hold2633_X/DIODE                1.000000    1.214966   -0.214966 (VIOLATED)
ANTENNA__09924__A0/DIODE                1.000000    1.214950   -0.214950 (VIOLATED)
ANTENNA__09928__A1/DIODE                1.000000    1.214939   -0.214940 (VIOLATED)
_09924_/A0                              1.000000    1.214929   -0.214929 (VIOLATED)
_09928_/A1                              1.000000    1.214929   -0.214929 (VIOLATED)
hold2633/X                              1.000000    1.214929   -0.214929 (VIOLATED)
_07077_/A2                              1.000000    1.184244   -0.184244 (VIOLATED)
ANTENNA__07077__A2/DIODE                1.000000    1.184242   -0.184242 (VIOLATED)
ANTENNA__06461__B/DIODE                 1.000000    1.184238   -0.184238 (VIOLATED)
ANTENNA__06752__C/DIODE                 1.000000    1.184238   -0.184238 (VIOLATED)
_06461_/B                               1.000000    1.184233   -0.184233 (VIOLATED)
_06752_/C                               1.000000    1.184232   -0.184232 (VIOLATED)
_06460_/B                               1.000000    1.184229   -0.184229 (VIOLATED)
ANTENNA__06460__B/DIODE                 1.000000    1.184226   -0.184226 (VIOLATED)
_09758_/A                               1.000000    1.184159   -0.184159 (VIOLATED)
ANTENNA__09860__A/DIODE                 1.000000    1.184153   -0.184153 (VIOLATED)
ANTENNA__09758__A/DIODE                 1.000000    1.184153   -0.184153 (VIOLATED)
ANTENNA__09854__A0/DIODE                1.000000    1.184153   -0.184153 (VIOLATED)
ANTENNA_hold2643_X/DIODE                1.000000    1.184153   -0.184153 (VIOLATED)
_09854_/A0                              1.000000    1.184153   -0.184153 (VIOLATED)
_09860_/A                               1.000000    1.184153   -0.184153 (VIOLATED)
hold2643/X                              1.000000    1.184153   -0.184153 (VIOLATED)
_07046_/A1                              1.000000    1.184008   -0.184008 (VIOLATED)
ANTENNA__07031__A1/DIODE                1.000000    1.184007   -0.184007 (VIOLATED)
_07031_/A1                              1.000000    1.184006   -0.184006 (VIOLATED)
ANTENNA__07046__A1/DIODE                1.000000    1.184005   -0.184005 (VIOLATED)
_07003_/A1                              1.000000    1.184001   -0.184001 (VIOLATED)
_06606_/A1                              1.000000    1.184000   -0.184000 (VIOLATED)
ANTENNA__06606__A1/DIODE                1.000000    1.183999   -0.183999 (VIOLATED)
ANTENNA_fanout365_A/DIODE               1.000000    1.183999   -0.183999 (VIOLATED)
_07543_/A1                              1.000000    1.183998   -0.183998 (VIOLATED)
fanout365/A                             1.000000    1.183998   -0.183998 (VIOLATED)
ANTENNA__07003__A1/DIODE                1.000000    1.183994   -0.183994 (VIOLATED)
ANTENNA__07541__A/DIODE                 1.000000    1.183994   -0.183994 (VIOLATED)
ANTENNA__07543__A1/DIODE                1.000000    1.183994   -0.183994 (VIOLATED)
ANTENNA_hold2590_X/DIODE                1.000000    1.183994   -0.183994 (VIOLATED)
_07541_/A                               1.000000    1.183994   -0.183994 (VIOLATED)
hold2590/X                              1.000000    1.183994   -0.183994 (VIOLATED)
ANTENNA__06959__B2/DIODE                1.000000    1.181908   -0.181908 (VIOLATED)
_06959_/B2                              1.000000    1.181896   -0.181897 (VIOLATED)
ANTENNA_hold2612_X/DIODE                1.000000    1.181860   -0.181860 (VIOLATED)
ANTENNA__09217__A1/DIODE                1.000000    1.181799   -0.181799 (VIOLATED)
_07191_/A1                              1.000000    1.181788   -0.181788 (VIOLATED)
ANTENNA__07191__A1/DIODE                1.000000    1.181787   -0.181787 (VIOLATED)
_09217_/A1                              1.000000    1.181776   -0.181776 (VIOLATED)
hold2612/X                              1.000000    1.181776   -0.181776 (VIOLATED)
ANTENNA__06457__B/DIODE                 1.000000    1.177898   -0.177898 (VIOLATED)
_06458_/B                               1.000000    1.177898   -0.177898 (VIOLATED)
_06457_/B                               1.000000    1.177897   -0.177897 (VIOLATED)
ANTENNA__06458__B/DIODE                 1.000000    1.177897   -0.177897 (VIOLATED)
_07091_/A2                              1.000000    1.177894   -0.177894 (VIOLATED)
ANTENNA__07091__A2/DIODE                1.000000    1.177890   -0.177890 (VIOLATED)
ANTENNA__09882__A1/DIODE                1.000000    1.177814   -0.177814 (VIOLATED)
ANTENNA__09765__A1/DIODE                1.000000    1.177804   -0.177804 (VIOLATED)
ANTENNA__09835__A1/DIODE                1.000000    1.177803   -0.177803 (VIOLATED)
ANTENNA__08211__A/DIODE                 1.000000    1.177798   -0.177798 (VIOLATED)
ANTENNA_hold2617_X/DIODE                1.000000    1.177798   -0.177798 (VIOLATED)
ANTENNA__09878__A0/DIODE                1.000000    1.177796   -0.177796 (VIOLATED)
_09835_/A1                              1.000000    1.177796   -0.177796 (VIOLATED)
_09765_/A1                              1.000000    1.177788   -0.177788 (VIOLATED)
_09882_/A1                              1.000000    1.177786   -0.177785 (VIOLATED)
_08211_/A                               1.000000    1.177773   -0.177773 (VIOLATED)
_09878_/A0                              1.000000    1.177773   -0.177773 (VIOLATED)
hold2617/X                              1.000000    1.177773   -0.177773 (VIOLATED)
_07017_/A2                              1.000000    1.176446   -0.176446 (VIOLATED)
ANTENNA__07017__A2/DIODE                1.000000    1.176441   -0.176441 (VIOLATED)
ANTENNA__06482__B/DIODE                 1.000000    1.176438   -0.176438 (VIOLATED)
ANTENNA__06481__B/DIODE                 1.000000    1.176438   -0.176438 (VIOLATED)
_06482_/B                               1.000000    1.176430   -0.176430 (VIOLATED)
_06481_/B                               1.000000    1.176429   -0.176429 (VIOLATED)
ANTENNA__09766__A1/DIODE                1.000000    1.176413   -0.176413 (VIOLATED)
ANTENNA__09640__A1/DIODE                1.000000    1.176411   -0.176411 (VIOLATED)
_09766_/A1                              1.000000    1.176406   -0.176406 (VIOLATED)
ANTENNA__09763__A0/DIODE                1.000000    1.176405   -0.176405 (VIOLATED)
ANTENNA_hold2919_X/DIODE                1.000000    1.176403   -0.176403 (VIOLATED)
_09640_/A1                              1.000000    1.176402   -0.176402 (VIOLATED)
_09763_/A0                              1.000000    1.176402   -0.176402 (VIOLATED)
hold2919/X                              1.000000    1.176402   -0.176402 (VIOLATED)
_09199_/A1                              1.000000    1.157963   -0.157963 (VIOLATED)
_06978_/A2                              1.000000    1.157951   -0.157951 (VIOLATED)
_07094_/A                               1.000000    1.157949   -0.157949 (VIOLATED)
ANTENNA__09199__A1/DIODE                1.000000    1.157948   -0.157948 (VIOLATED)
ANTENNA__07094__A/DIODE                 1.000000    1.157948   -0.157948 (VIOLATED)
ANTENNA__06978__A2/DIODE                1.000000    1.157938   -0.157938 (VIOLATED)
ANTENNA_hold1282_X/DIODE                1.000000    1.157934   -0.157934 (VIOLATED)
hold1282/X                              1.000000    1.157934   -0.157934 (VIOLATED)
ANTENNA__07452__A/DIODE                 1.000000    1.153810   -0.153810 (VIOLATED)
_07452_/A                               1.000000    1.153798   -0.153798 (VIOLATED)
ANTENNA_14/DIODE                        1.000000    1.153796   -0.153796 (VIOLATED)
ANTENNA__06685__A1/DIODE                1.000000    1.153753   -0.153753 (VIOLATED)
ANTENNA__11230__B2/DIODE                1.000000    1.153741   -0.153741 (VIOLATED)
ANTENNA_hold2594_X/DIODE                1.000000    1.153741   -0.153741 (VIOLATED)
_06685_/A1                              1.000000    1.153741   -0.153741 (VIOLATED)
_11230_/B2                              1.000000    1.153741   -0.153741 (VIOLATED)
hold2594/X                              1.000000    1.153741   -0.153741 (VIOLATED)
_07433_/A0                              1.000000    1.139752   -0.139752 (VIOLATED)
ANTENNA__07433__A0/DIODE                1.000000    1.139749   -0.139749 (VIOLATED)
_07335_/A1                              1.000000    1.139726   -0.139726 (VIOLATED)
ANTENNA__07335__A1/DIODE                1.000000    1.139710   -0.139710 (VIOLATED)
ANTENNA_hold2304_X/DIODE                1.000000    1.139684   -0.139684 (VIOLATED)
ANTENNA__09253__A1/DIODE                1.000000    1.139684   -0.139684 (VIOLATED)
_09253_/A1                              1.000000    1.139683   -0.139683 (VIOLATED)
hold2304/X                              1.000000    1.139683   -0.139683 (VIOLATED)
_08763_/A2                              1.000000    1.105340   -0.105340 (VIOLATED)
ANTENNA__08763__A2/DIODE                1.000000    1.105334   -0.105334 (VIOLATED)
fanout286/A                             1.000000    1.105300   -0.105300 (VIOLATED)
ANTENNA_fanout287_A/DIODE               1.000000    1.105282   -0.105282 (VIOLATED)
ANTENNA_fanout286_A/DIODE               1.000000    1.105281   -0.105281 (VIOLATED)
fanout287/A                             1.000000    1.105264   -0.105264 (VIOLATED)
ANTENNA_fanout288_A/DIODE               1.000000    1.105147   -0.105147 (VIOLATED)
fanout288/A                             1.000000    1.105144   -0.105144 (VIOLATED)
ANTENNA__08049__Y/DIODE                 1.000000    1.105118   -0.105118 (VIOLATED)
_08049_/Y                               1.000000    1.105092   -0.105092 (VIOLATED)
_07339_/A2                              1.000000    1.099920   -0.099920 (VIOLATED)
ANTENNA__07339__A2/DIODE                1.000000    1.099920   -0.099920 (VIOLATED)
_06929_/A1                              1.000000    1.099918   -0.099919 (VIOLATED)
ANTENNA__06929__A1/DIODE                1.000000    1.099918   -0.099918 (VIOLATED)
ANTENNA__06418__A/DIODE                 1.000000    1.099918   -0.099918 (VIOLATED)
_06418_/A                               1.000000    1.099918   -0.099918 (VIOLATED)
_06417_/A                               1.000000    1.099916   -0.099916 (VIOLATED)
ANTENNA__06417__A/DIODE                 1.000000    1.099916   -0.099916 (VIOLATED)
ANTENNA__08165__A/DIODE                 1.000000    1.099915   -0.099915 (VIOLATED)
ANTENNA__08293__A1/DIODE                1.000000    1.099915   -0.099915 (VIOLATED)
ANTENNA__10208__A/DIODE                 1.000000    1.099915   -0.099915 (VIOLATED)
ANTENNA__10320__A0/DIODE                1.000000    1.099915   -0.099915 (VIOLATED)
ANTENNA__10323__A1/DIODE                1.000000    1.099915   -0.099915 (VIOLATED)
ANTENNA_hold2923_X/DIODE                1.000000    1.099915   -0.099915 (VIOLATED)
_08165_/A                               1.000000    1.099915   -0.099915 (VIOLATED)
_08293_/A1                              1.000000    1.099915   -0.099915 (VIOLATED)
_10208_/A                               1.000000    1.099915   -0.099915 (VIOLATED)
_10320_/A0                              1.000000    1.099915   -0.099915 (VIOLATED)
_10323_/A1                              1.000000    1.099915   -0.099915 (VIOLATED)
hold2923/X                              1.000000    1.099915   -0.099915 (VIOLATED)
ANTENNA__06345__B/DIODE                 1.000000    1.091882   -0.091882 (VIOLATED)
ANTENNA__11983__A1/DIODE                1.000000    1.091882   -0.091882 (VIOLATED)
_06371_/A1                              1.000000    1.091882   -0.091882 (VIOLATED)
ANTENNA__06371__A1/DIODE                1.000000    1.091881   -0.091881 (VIOLATED)
_06345_/B                               1.000000    1.091881   -0.091881 (VIOLATED)
_11983_/A1                              1.000000    1.091877   -0.091877 (VIOLATED)
ANTENNA_hold2666_X/DIODE                1.000000    1.091869   -0.091869 (VIOLATED)
_07415_/A                               1.000000    1.091869   -0.091869 (VIOLATED)
ANTENNA__07415__A/DIODE                 1.000000    1.091867   -0.091867 (VIOLATED)
hold2666/X                              1.000000    1.091867   -0.091867 (VIOLATED)
ANTENNA__07428__S/DIODE                 1.000000    1.088510   -0.088510 (VIOLATED)
ANTENNA__11989__S/DIODE                 1.000000    1.088487   -0.088487 (VIOLATED)
_11989_/S                               1.000000    1.088454   -0.088454 (VIOLATED)
_07428_/S                               1.000000    1.088446   -0.088446 (VIOLATED)
_06676_/S                               1.000000    1.088431   -0.088431 (VIOLATED)
ANTENNA__06676__S/DIODE                 1.000000    1.088329   -0.088329 (VIOLATED)
_06674_/S                               1.000000    1.088287   -0.088286 (VIOLATED)
ANTENNA__06674__S/DIODE                 1.000000    1.088279   -0.088279 (VIOLATED)
ANTENNA__09193__A0/DIODE                1.000000    1.088277   -0.088276 (VIOLATED)
_09193_/A0                              1.000000    1.088266   -0.088266 (VIOLATED)
ANTENNA_hold957_X/DIODE                 1.000000    1.088262   -0.088262 (VIOLATED)
_06956_/A2                              1.000000    1.088260   -0.088260 (VIOLATED)
_07068_/A                               1.000000    1.088257   -0.088257 (VIOLATED)
ANTENNA__07068__A/DIODE                 1.000000    1.088255   -0.088255 (VIOLATED)
ANTENNA__06956__A2/DIODE                1.000000    1.088252   -0.088252 (VIOLATED)
hold957/X                               1.000000    1.088252   -0.088252 (VIOLATED)
ANTENNA__07426__S/DIODE                 1.000000    1.088245   -0.088245 (VIOLATED)
ANTENNA__07420__S/DIODE                 1.000000    1.088242   -0.088242 (VIOLATED)
_07420_/S                               1.000000    1.088241   -0.088241 (VIOLATED)
_07426_/S                               1.000000    1.088173   -0.088173 (VIOLATED)
fanout214/A                             1.000000    1.087975   -0.087975 (VIOLATED)
ANTENNA_fanout214_A/DIODE               1.000000    1.087973   -0.087973 (VIOLATED)
ANTENNA__06411__Y/DIODE                 1.000000    1.087646   -0.087646 (VIOLATED)
_06411_/Y                               1.000000    1.087578   -0.087578 (VIOLATED)
ANTENNA__07058__A2/DIODE                1.000000    1.074014   -0.074014 (VIOLATED)
_06519_/B                               1.000000    1.074010   -0.074010 (VIOLATED)
ANTENNA__06519__B/DIODE                 1.000000    1.074010   -0.074010 (VIOLATED)
_07058_/A2                              1.000000    1.074009   -0.074009 (VIOLATED)
_06521_/B                               1.000000    1.074009   -0.074009 (VIOLATED)
ANTENNA_hold2952_X/DIODE                1.000000    1.074008   -0.074008 (VIOLATED)
ANTENNA__08215__A/DIODE                 1.000000    1.074008   -0.074008 (VIOLATED)
ANTENNA__06521__B/DIODE                 1.000000    1.074007   -0.074007 (VIOLATED)
ANTENNA__06163__A/DIODE                 1.000000    1.074002   -0.074002 (VIOLATED)
ANTENNA__09791__A0/DIODE                1.000000    1.073993   -0.073993 (VIOLATED)
_06163_/A                               1.000000    1.073985   -0.073985 (VIOLATED)
_08215_/A                               1.000000    1.073982   -0.073981 (VIOLATED)
_09791_/A0                              1.000000    1.073982   -0.073981 (VIOLATED)
hold2952/X                              1.000000    1.073982   -0.073981 (VIOLATED)
_07437_/A0                              1.000000    1.070547   -0.070547 (VIOLATED)
ANTENNA__07437__A0/DIODE                1.000000    1.070546   -0.070546 (VIOLATED)
_07359_/A1                              1.000000    1.070458   -0.070458 (VIOLATED)
ANTENNA__07359__A1/DIODE                1.000000    1.070449   -0.070449 (VIOLATED)
ANTENNA__09259__A1/DIODE                1.000000    1.070408   -0.070408 (VIOLATED)
ANTENNA_hold2630_X/DIODE                1.000000    1.070408   -0.070408 (VIOLATED)
_09259_/A1                              1.000000    1.070408   -0.070408 (VIOLATED)
hold2630/X                              1.000000    1.070408   -0.070408 (VIOLATED)
_07179_/A2                              1.000000    1.068391   -0.068391 (VIOLATED)
_06431_/B                               1.000000    1.068387   -0.068387 (VIOLATED)
ANTENNA__07179__A2/DIODE                1.000000    1.068386   -0.068386 (VIOLATED)
_06432_/B                               1.000000    1.068384   -0.068384 (VIOLATED)
ANTENNA__06431__B/DIODE                 1.000000    1.068383   -0.068383 (VIOLATED)
ANTENNA__06432__B/DIODE                 1.000000    1.068381   -0.068381 (VIOLATED)
ANTENNA__06164__A/DIODE                 1.000000    1.068372   -0.068372 (VIOLATED)
_06164_/A                               1.000000    1.068369   -0.068369 (VIOLATED)
ANTENNA_hold2604_X/DIODE                1.000000    1.068339   -0.068339 (VIOLATED)
ANTENNA__10019__A0/DIODE                1.000000    1.068338   -0.068338 (VIOLATED)
ANTENNA__10022__A1/DIODE                1.000000    1.068336   -0.068336 (VIOLATED)
_10093_/A1                              1.000000    1.068329   -0.068329 (VIOLATED)
ANTENNA__10093__A1/DIODE                1.000000    1.068328   -0.068328 (VIOLATED)
_10022_/A1                              1.000000    1.068325   -0.068325 (VIOLATED)
_10019_/A0                              1.000000    1.068324   -0.068324 (VIOLATED)
hold2604/X                              1.000000    1.068324   -0.068324 (VIOLATED)
_06604_/A2                              1.000000    1.067142   -0.067142 (VIOLATED)
_06602_/A2                              1.000000    1.067142   -0.067142 (VIOLATED)
_06538_/Y                               1.000000    1.067139   -0.067139 (VIOLATED)
ANTENNA__07135__A2/DIODE                1.000000    1.065230   -0.065230 (VIOLATED)
_07135_/A2                              1.000000    1.065228   -0.065228 (VIOLATED)
ANTENNA__06435__B/DIODE                 1.000000    1.065217   -0.065217 (VIOLATED)
_06435_/B                               1.000000    1.065212   -0.065212 (VIOLATED)
ANTENNA__06436__B/DIODE                 1.000000    1.065205   -0.065205 (VIOLATED)
_06436_/B                               1.000000    1.065199   -0.065200 (VIOLATED)
_10024_/A1                              1.000000    1.065173   -0.065173 (VIOLATED)
ANTENNA__10024__A1/DIODE                1.000000    1.065171   -0.065171 (VIOLATED)
ANTENNA__09946__A0/DIODE                1.000000    1.065166   -0.065166 (VIOLATED)
ANTENNA_hold2916_X/DIODE                1.000000    1.065166   -0.065166 (VIOLATED)
_09946_/A0                              1.000000    1.065166   -0.065166 (VIOLATED)
hold2916/X                              1.000000    1.065166   -0.065166 (VIOLATED)
ANTENNA__09202__A1/DIODE                1.000000    1.063017   -0.063017 (VIOLATED)
ANTENNA__06997__A2/DIODE                1.000000    1.062990   -0.062990 (VIOLATED)
_09202_/A1                              1.000000    1.062970   -0.062970 (VIOLATED)
_06997_/A2                              1.000000    1.062952   -0.062952 (VIOLATED)
_07106_/A                               1.000000    1.062945   -0.062945 (VIOLATED)
ANTENNA__07106__A/DIODE                 1.000000    1.062936   -0.062936 (VIOLATED)
ANTENNA_hold2056_X/DIODE                1.000000    1.062934   -0.062934 (VIOLATED)
hold2056/X                              1.000000    1.062934   -0.062934 (VIOLATED)
ANTENNA__07540__A2/DIODE                1.000000    1.058429   -0.058429 (VIOLATED)
ANTENNA__08058__A/DIODE                 1.000000    1.058427   -0.058427 (VIOLATED)
_08058_/A                               1.000000    1.058418   -0.058418 (VIOLATED)
_07540_/A2                              1.000000    1.058416   -0.058416 (VIOLATED)
_07413_/A                               1.000000    1.058356   -0.058356 (VIOLATED)
ANTENNA__07413__A/DIODE                 1.000000    1.058348   -0.058348 (VIOLATED)
ANTENNA_hold2505_X/DIODE                1.000000    1.058319   -0.058319 (VIOLATED)
ANTENNA__07508__A1/DIODE                1.000000    1.058318   -0.058318 (VIOLATED)
_07508_/A1                              1.000000    1.058284   -0.058284 (VIOLATED)
hold2505/X                              1.000000    1.058280   -0.058280 (VIOLATED)
_09196_/A1                              1.000000    1.044718   -0.044718 (VIOLATED)
_06968_/A2                              1.000000    1.044711   -0.044711 (VIOLATED)
_07085_/A                               1.000000    1.044710   -0.044710 (VIOLATED)
ANTENNA__06968__A2/DIODE                1.000000    1.044703   -0.044703 (VIOLATED)
ANTENNA__09196__A1/DIODE                1.000000    1.044698   -0.044698 (VIOLATED)
ANTENNA__07085__A/DIODE                 1.000000    1.044696   -0.044696 (VIOLATED)
ANTENNA_hold1942_X/DIODE                1.000000    1.044695   -0.044695 (VIOLATED)
hold1942/X                              1.000000    1.044689   -0.044689 (VIOLATED)
_08336_/B2                              1.000000    1.028105   -0.028105 (VIOLATED)
ANTENNA__08336__B2/DIODE                1.000000    1.028104   -0.028104 (VIOLATED)
ANTENNA__07366__A/DIODE                 1.000000    1.028080   -0.028080 (VIOLATED)
ANTENNA__08938__A1/DIODE                1.000000    1.028080   -0.028080 (VIOLATED)
ANTENNA_hold2868_X/DIODE                1.000000    1.028080   -0.028080 (VIOLATED)
_07366_/A                               1.000000    1.028080   -0.028080 (VIOLATED)
_08938_/A1                              1.000000    1.028080   -0.028080 (VIOLATED)
hold2868/X                              1.000000    1.028080   -0.028080 (VIOLATED)
_06713_/B1                              1.000000    1.013280   -0.013280 (VIOLATED)
_06701_/A1                              1.000000    1.013279   -0.013279 (VIOLATED)
_06706_/B1                              1.000000    1.013279   -0.013279 (VIOLATED)
_06692_/A2                              1.000000    1.013277   -0.013277 (VIOLATED)
_06690_/Y                               1.000000    1.013275   -0.013275 (VIOLATED)
max_cap253/A                            1.000000    1.013275   -0.013275 (VIOLATED)
_07412_/B1                              1.000000    1.004741   -0.004741 (VIOLATED)
_09113_/A2                              1.000000    1.004741   -0.004741 (VIOLATED)
_11980_/A3                              1.000000    1.004741   -0.004741 (VIOLATED)
_07410_/Y                               1.000000    1.004739   -0.004739 (VIOLATED)
_07341_/B                               1.000000    1.002443   -0.002443 (VIOLATED)
ANTENNA__07341__B/DIODE                 1.000000    1.002442   -0.002442 (VIOLATED)
_07342_/B                               1.000000    1.002439   -0.002439 (VIOLATED)
ANTENNA__07343__B/DIODE                 1.000000    1.002439   -0.002439 (VIOLATED)
_07343_/B                               1.000000    1.002439   -0.002438 (VIOLATED)
ANTENNA__07342__B/DIODE                 1.000000    1.002437   -0.002437 (VIOLATED)
_08164_/B                               1.000000    1.002387   -0.002387 (VIOLATED)
_08163_/B                               1.000000    1.002385   -0.002385 (VIOLATED)
ANTENNA__08164__B/DIODE                 1.000000    1.002377   -0.002377 (VIOLATED)
ANTENNA__08163__B/DIODE                 1.000000    1.002363   -0.002363 (VIOLATED)
_08007_/A1                              1.000000    1.002358   -0.002358 (VIOLATED)
ANTENNA__08007__A1/DIODE                1.000000    1.002357   -0.002357 (VIOLATED)
ANTENNA__11211__A1/DIODE                1.000000    1.002319   -0.002319 (VIOLATED)
ANTENNA_hold2622_X/DIODE                1.000000    1.002319   -0.002319 (VIOLATED)
_11211_/A1                              1.000000    1.002319   -0.002319 (VIOLATED)
hold2622/X                              1.000000    1.002319   -0.002319 (VIOLATED)

max fanout

Pin                                   Limit Fanout  Slack
---------------------------------------------------------
_06691_/X                                16     33    -17 (VIOLATED)
_11912_/X                                16     33    -17 (VIOLATED)
_13218_/Q                                16     33    -17 (VIOLATED)
fanout105/X                              16     33    -17 (VIOLATED)
fanout109/X                              16     33    -17 (VIOLATED)
fanout111/X                              16     33    -17 (VIOLATED)
fanout112/X                              16     33    -17 (VIOLATED)
fanout122/X                              16     33    -17 (VIOLATED)
fanout124/X                              16     33    -17 (VIOLATED)
fanout125/X                              16     33    -17 (VIOLATED)
fanout126/X                              16     33    -17 (VIOLATED)
fanout127/X                              16     33    -17 (VIOLATED)
fanout128/X                              16     33    -17 (VIOLATED)
fanout131/X                              16     33    -17 (VIOLATED)
fanout134/X                              16     33    -17 (VIOLATED)
fanout135/X                              16     33    -17 (VIOLATED)
fanout136/X                              16     33    -17 (VIOLATED)
fanout139/X                              16     33    -17 (VIOLATED)
fanout140/X                              16     33    -17 (VIOLATED)
fanout145/X                              16     33    -17 (VIOLATED)
fanout147/X                              16     33    -17 (VIOLATED)
fanout148/X                              16     33    -17 (VIOLATED)
fanout149/X                              16     33    -17 (VIOLATED)
fanout150/X                              16     33    -17 (VIOLATED)
fanout151/X                              16     33    -17 (VIOLATED)
fanout152/X                              16     33    -17 (VIOLATED)
fanout153/X                              16     33    -17 (VIOLATED)
fanout154/X                              16     33    -17 (VIOLATED)
fanout155/X                              16     33    -17 (VIOLATED)
fanout156/X                              16     33    -17 (VIOLATED)
fanout157/X                              16     33    -17 (VIOLATED)
fanout158/X                              16     33    -17 (VIOLATED)
fanout159/X                              16     33    -17 (VIOLATED)
fanout160/X                              16     33    -17 (VIOLATED)
fanout161/X                              16     33    -17 (VIOLATED)
fanout162/X                              16     33    -17 (VIOLATED)
fanout163/X                              16     33    -17 (VIOLATED)
fanout164/X                              16     33    -17 (VIOLATED)
fanout165/X                              16     33    -17 (VIOLATED)
fanout166/X                              16     33    -17 (VIOLATED)
fanout167/X                              16     33    -17 (VIOLATED)
fanout168/X                              16     33    -17 (VIOLATED)
fanout169/X                              16     33    -17 (VIOLATED)
fanout170/X                              16     33    -17 (VIOLATED)
fanout171/X                              16     33    -17 (VIOLATED)
fanout172/X                              16     33    -17 (VIOLATED)
fanout173/X                              16     33    -17 (VIOLATED)
fanout174/X                              16     33    -17 (VIOLATED)
fanout175/X                              16     33    -17 (VIOLATED)
fanout176/X                              16     33    -17 (VIOLATED)
fanout177/X                              16     33    -17 (VIOLATED)
fanout178/X                              16     33    -17 (VIOLATED)
fanout179/X                              16     33    -17 (VIOLATED)
fanout180/X                              16     33    -17 (VIOLATED)
fanout181/X                              16     33    -17 (VIOLATED)
fanout182/X                              16     33    -17 (VIOLATED)
fanout183/X                              16     33    -17 (VIOLATED)
fanout184/X                              16     33    -17 (VIOLATED)
fanout185/X                              16     33    -17 (VIOLATED)
fanout186/X                              16     33    -17 (VIOLATED)
fanout187/X                              16     33    -17 (VIOLATED)
fanout188/X                              16     33    -17 (VIOLATED)
fanout189/X                              16     33    -17 (VIOLATED)
fanout190/X                              16     33    -17 (VIOLATED)
fanout191/X                              16     33    -17 (VIOLATED)
fanout192/X                              16     33    -17 (VIOLATED)
fanout193/X                              16     33    -17 (VIOLATED)
fanout194/X                              16     33    -17 (VIOLATED)
fanout195/X                              16     33    -17 (VIOLATED)
fanout196/X                              16     33    -17 (VIOLATED)
fanout197/X                              16     33    -17 (VIOLATED)
fanout198/X                              16     33    -17 (VIOLATED)
fanout199/X                              16     33    -17 (VIOLATED)
fanout200/X                              16     33    -17 (VIOLATED)
fanout201/X                              16     33    -17 (VIOLATED)
fanout202/X                              16     33    -17 (VIOLATED)
fanout203/X                              16     33    -17 (VIOLATED)
fanout204/X                              16     33    -17 (VIOLATED)
fanout205/X                              16     33    -17 (VIOLATED)
fanout206/X                              16     33    -17 (VIOLATED)
fanout211/X                              16     33    -17 (VIOLATED)
fanout212/X                              16     33    -17 (VIOLATED)
fanout213/X                              16     33    -17 (VIOLATED)
fanout214/X                              16     33    -17 (VIOLATED)
fanout215/X                              16     33    -17 (VIOLATED)
fanout216/X                              16     33    -17 (VIOLATED)
fanout217/X                              16     33    -17 (VIOLATED)
fanout218/X                              16     33    -17 (VIOLATED)
fanout221/X                              16     33    -17 (VIOLATED)
fanout223/X                              16     33    -17 (VIOLATED)
fanout225/X                              16     33    -17 (VIOLATED)
fanout226/X                              16     33    -17 (VIOLATED)
fanout227/X                              16     33    -17 (VIOLATED)
fanout228/X                              16     33    -17 (VIOLATED)
fanout229/X                              16     33    -17 (VIOLATED)
fanout230/X                              16     33    -17 (VIOLATED)
fanout231/X                              16     33    -17 (VIOLATED)
fanout233/X                              16     33    -17 (VIOLATED)
fanout235/X                              16     33    -17 (VIOLATED)
fanout236/X                              16     33    -17 (VIOLATED)
fanout237/X                              16     33    -17 (VIOLATED)
fanout240/X                              16     33    -17 (VIOLATED)
fanout241/X                              16     33    -17 (VIOLATED)
fanout242/X                              16     33    -17 (VIOLATED)
fanout243/X                              16     33    -17 (VIOLATED)
fanout244/X                              16     33    -17 (VIOLATED)
fanout245/X                              16     33    -17 (VIOLATED)
fanout246/X                              16     33    -17 (VIOLATED)
fanout248/X                              16     33    -17 (VIOLATED)
fanout250/X                              16     33    -17 (VIOLATED)
fanout254/X                              16     33    -17 (VIOLATED)
fanout257/X                              16     33    -17 (VIOLATED)
fanout259/X                              16     33    -17 (VIOLATED)
fanout260/X                              16     33    -17 (VIOLATED)
fanout261/X                              16     33    -17 (VIOLATED)
fanout262/X                              16     33    -17 (VIOLATED)
fanout263/X                              16     33    -17 (VIOLATED)
fanout264/X                              16     33    -17 (VIOLATED)
fanout265/X                              16     33    -17 (VIOLATED)
fanout266/X                              16     33    -17 (VIOLATED)
fanout268/X                              16     33    -17 (VIOLATED)
fanout270/X                              16     33    -17 (VIOLATED)
fanout271/X                              16     33    -17 (VIOLATED)
fanout276/X                              16     33    -17 (VIOLATED)
fanout278/X                              16     33    -17 (VIOLATED)
fanout281/X                              16     33    -17 (VIOLATED)
fanout282/X                              16     33    -17 (VIOLATED)
fanout283/X                              16     33    -17 (VIOLATED)
fanout285/X                              16     33    -17 (VIOLATED)
fanout286/X                              16     33    -17 (VIOLATED)
fanout287/X                              16     33    -17 (VIOLATED)
fanout289/X                              16     33    -17 (VIOLATED)
fanout290/X                              16     33    -17 (VIOLATED)
fanout291/X                              16     33    -17 (VIOLATED)
fanout293/X                              16     33    -17 (VIOLATED)
fanout294/X                              16     33    -17 (VIOLATED)
fanout295/X                              16     33    -17 (VIOLATED)
fanout297/X                              16     33    -17 (VIOLATED)
fanout298/X                              16     33    -17 (VIOLATED)
fanout299/X                              16     33    -17 (VIOLATED)
fanout300/X                              16     33    -17 (VIOLATED)
fanout301/X                              16     33    -17 (VIOLATED)
fanout302/X                              16     33    -17 (VIOLATED)
fanout303/X                              16     33    -17 (VIOLATED)
fanout305/X                              16     33    -17 (VIOLATED)
fanout306/X                              16     33    -17 (VIOLATED)
fanout307/X                              16     33    -17 (VIOLATED)
fanout310/X                              16     33    -17 (VIOLATED)
fanout311/X                              16     33    -17 (VIOLATED)
fanout312/X                              16     33    -17 (VIOLATED)
fanout313/X                              16     33    -17 (VIOLATED)
fanout314/X                              16     33    -17 (VIOLATED)
fanout315/X                              16     33    -17 (VIOLATED)
fanout316/X                              16     33    -17 (VIOLATED)
fanout317/X                              16     33    -17 (VIOLATED)
fanout318/X                              16     33    -17 (VIOLATED)
fanout320/X                              16     33    -17 (VIOLATED)
fanout321/X                              16     33    -17 (VIOLATED)
fanout323/X                              16     33    -17 (VIOLATED)
fanout324/X                              16     33    -17 (VIOLATED)
fanout325/X                              16     33    -17 (VIOLATED)
fanout326/X                              16     33    -17 (VIOLATED)
fanout328/X                              16     33    -17 (VIOLATED)
fanout330/X                              16     33    -17 (VIOLATED)
fanout332/X                              16     33    -17 (VIOLATED)
fanout333/X                              16     33    -17 (VIOLATED)
fanout335/X                              16     33    -17 (VIOLATED)
fanout336/X                              16     33    -17 (VIOLATED)
fanout339/X                              16     33    -17 (VIOLATED)
fanout340/X                              16     33    -17 (VIOLATED)
fanout343/X                              16     33    -17 (VIOLATED)
fanout344/X                              16     33    -17 (VIOLATED)
fanout346/X                              16     33    -17 (VIOLATED)
fanout348/X                              16     33    -17 (VIOLATED)
fanout350/X                              16     33    -17 (VIOLATED)
fanout352/X                              16     33    -17 (VIOLATED)
fanout354/X                              16     33    -17 (VIOLATED)
fanout356/X                              16     33    -17 (VIOLATED)
fanout359/X                              16     33    -17 (VIOLATED)
fanout361/X                              16     33    -17 (VIOLATED)
fanout362/X                              16     33    -17 (VIOLATED)
fanout364/X                              16     33    -17 (VIOLATED)
fanout365/X                              16     33    -17 (VIOLATED)
fanout366/X                              16     33    -17 (VIOLATED)
fanout367/X                              16     33    -17 (VIOLATED)
fanout369/X                              16     33    -17 (VIOLATED)
fanout370/X                              16     33    -17 (VIOLATED)
fanout372/X                              16     33    -17 (VIOLATED)
fanout374/X                              16     33    -17 (VIOLATED)
fanout375/X                              16     33    -17 (VIOLATED)
fanout376/X                              16     33    -17 (VIOLATED)
fanout377/X                              16     33    -17 (VIOLATED)
fanout378/X                              16     33    -17 (VIOLATED)
fanout379/X                              16     33    -17 (VIOLATED)
fanout380/X                              16     33    -17 (VIOLATED)
fanout381/X                              16     33    -17 (VIOLATED)
fanout382/X                              16     33    -17 (VIOLATED)
fanout385/X                              16     33    -17 (VIOLATED)
fanout386/X                              16     33    -17 (VIOLATED)
fanout387/X                              16     33    -17 (VIOLATED)
fanout388/X                              16     33    -17 (VIOLATED)
fanout389/X                              16     33    -17 (VIOLATED)
fanout391/X                              16     33    -17 (VIOLATED)
fanout395/X                              16     33    -17 (VIOLATED)
fanout396/X                              16     33    -17 (VIOLATED)
fanout397/X                              16     33    -17 (VIOLATED)
fanout398/X                              16     33    -17 (VIOLATED)
fanout399/X                              16     33    -17 (VIOLATED)
fanout400/X                              16     33    -17 (VIOLATED)
fanout401/X                              16     33    -17 (VIOLATED)
fanout404/X                              16     33    -17 (VIOLATED)
fanout405/X                              16     33    -17 (VIOLATED)
fanout406/X                              16     33    -17 (VIOLATED)
fanout407/X                              16     33    -17 (VIOLATED)
fanout408/X                              16     33    -17 (VIOLATED)
fanout409/X                              16     33    -17 (VIOLATED)
fanout410/X                              16     33    -17 (VIOLATED)
fanout411/X                              16     33    -17 (VIOLATED)
fanout415/X                              16     33    -17 (VIOLATED)
fanout417/X                              16     33    -17 (VIOLATED)
fanout418/X                              16     33    -17 (VIOLATED)
fanout420/X                              16     33    -17 (VIOLATED)
fanout422/X                              16     33    -17 (VIOLATED)
fanout423/X                              16     33    -17 (VIOLATED)
fanout424/X                              16     33    -17 (VIOLATED)
fanout425/X                              16     33    -17 (VIOLATED)
fanout426/X                              16     33    -17 (VIOLATED)
fanout427/X                              16     33    -17 (VIOLATED)
fanout428/X                              16     33    -17 (VIOLATED)
fanout429/X                              16     33    -17 (VIOLATED)
fanout432/X                              16     33    -17 (VIOLATED)
fanout433/X                              16     33    -17 (VIOLATED)
fanout434/X                              16     33    -17 (VIOLATED)
fanout435/X                              16     33    -17 (VIOLATED)
fanout436/X                              16     33    -17 (VIOLATED)
fanout438/X                              16     33    -17 (VIOLATED)
fanout441/X                              16     33    -17 (VIOLATED)
fanout442/X                              16     33    -17 (VIOLATED)
fanout443/X                              16     33    -17 (VIOLATED)
fanout444/X                              16     33    -17 (VIOLATED)
fanout445/X                              16     33    -17 (VIOLATED)
fanout446/X                              16     33    -17 (VIOLATED)
fanout447/X                              16     33    -17 (VIOLATED)
fanout450/X                              16     33    -17 (VIOLATED)
fanout451/X                              16     33    -17 (VIOLATED)
fanout452/X                              16     33    -17 (VIOLATED)
fanout453/X                              16     33    -17 (VIOLATED)
fanout454/X                              16     33    -17 (VIOLATED)
fanout456/X                              16     33    -17 (VIOLATED)
fanout463/X                              16     33    -17 (VIOLATED)
fanout464/X                              16     33    -17 (VIOLATED)
fanout465/X                              16     33    -17 (VIOLATED)
fanout466/X                              16     33    -17 (VIOLATED)
fanout467/X                              16     33    -17 (VIOLATED)
fanout468/X                              16     33    -17 (VIOLATED)
fanout469/X                              16     33    -17 (VIOLATED)
fanout470/X                              16     33    -17 (VIOLATED)
fanout471/X                              16     33    -17 (VIOLATED)
fanout473/X                              16     33    -17 (VIOLATED)
fanout474/X                              16     33    -17 (VIOLATED)
fanout475/X                              16     33    -17 (VIOLATED)
fanout476/X                              16     33    -17 (VIOLATED)
fanout477/X                              16     33    -17 (VIOLATED)
fanout478/X                              16     33    -17 (VIOLATED)
fanout479/X                              16     33    -17 (VIOLATED)
fanout480/X                              16     33    -17 (VIOLATED)
fanout483/X                              16     33    -17 (VIOLATED)
fanout486/X                              16     33    -17 (VIOLATED)
fanout490/X                              16     33    -17 (VIOLATED)
fanout497/X                              16     33    -17 (VIOLATED)
fanout503/X                              16     33    -17 (VIOLATED)
fanout504/X                              16     33    -17 (VIOLATED)
fanout511/X                              16     33    -17 (VIOLATED)
fanout512/X                              16     33    -17 (VIOLATED)
fanout515/X                              16     33    -17 (VIOLATED)
fanout517/X                              16     33    -17 (VIOLATED)
fanout518/X                              16     33    -17 (VIOLATED)
fanout92/X                               16     33    -17 (VIOLATED)
fanout97/X                               16     33    -17 (VIOLATED)
fanout99/X                               16     33    -17 (VIOLATED)
_06250_/Y                                16     31    -15 (VIOLATED)
fanout247/X                              16     31    -15 (VIOLATED)
fanout258/X                              16     31    -15 (VIOLATED)
fanout272/X                              16     31    -15 (VIOLATED)
fanout288/X                              16     31    -15 (VIOLATED)
fanout308/X                              16     31    -15 (VIOLATED)
fanout319/X                              16     31    -15 (VIOLATED)
fanout322/X                              16     31    -15 (VIOLATED)
fanout331/X                              16     31    -15 (VIOLATED)
fanout392/X                              16     31    -15 (VIOLATED)
fanout485/X                              16     31    -15 (VIOLATED)
fanout492/X                              16     31    -15 (VIOLATED)
fanout500/X                              16     31    -15 (VIOLATED)
_06175_/Y                                16     29    -13 (VIOLATED)
_13687_/Q                                16     29    -13 (VIOLATED)
fanout327/X                              16     29    -13 (VIOLATED)
fanout355/X                              16     29    -13 (VIOLATED)
fanout363/X                              16     29    -13 (VIOLATED)
fanout368/X                              16     29    -13 (VIOLATED)
fanout390/X                              16     29    -13 (VIOLATED)
fanout416/X                              16     29    -13 (VIOLATED)
fanout430/X                              16     29    -13 (VIOLATED)
fanout437/X                              16     29    -13 (VIOLATED)
fanout439/X                              16     29    -13 (VIOLATED)
fanout448/X                              16     29    -13 (VIOLATED)
fanout455/X                              16     29    -13 (VIOLATED)
fanout457/X                              16     29    -13 (VIOLATED)
_06136_/Y                                16     28    -12 (VIOLATED)
fanout383/X                              16     27    -11 (VIOLATED)
fanout402/X                              16     27    -11 (VIOLATED)
fanout431/X                              16     27    -11 (VIOLATED)
fanout449/X                              16     27    -11 (VIOLATED)
fanout462/X                              16     27    -11 (VIOLATED)
fanout510/X                              16     27    -11 (VIOLATED)
_06178_/Y                                16     25     -9 (VIOLATED)
_06688_/Y                                16     25     -9 (VIOLATED)
clkbuf_5_10__f_clk/X                     16     25     -9 (VIOLATED)
fanout224/X                              16     25     -9 (VIOLATED)
fanout284/X                              16     25     -9 (VIOLATED)
fanout296/X                              16     25     -9 (VIOLATED)
fanout334/X                              16     25     -9 (VIOLATED)
fanout351/X                              16     25     -9 (VIOLATED)
fanout484/X                              16     25     -9 (VIOLATED)
_06412_/X                                16     23     -7 (VIOLATED)
fanout256/X                              16     23     -7 (VIOLATED)
fanout347/X                              16     23     -7 (VIOLATED)
fanout419/X                              16     23     -7 (VIOLATED)
fanout482/X                              16     23     -7 (VIOLATED)
fanout519/X                              16     23     -7 (VIOLATED)
_06176_/Y                                16     21     -5 (VIOLATED)
_11203_/X                                16     21     -5 (VIOLATED)
clkbuf_5_11__f_clk/X                     16     21     -5 (VIOLATED)
fanout249/X                              16     21     -5 (VIOLATED)
fanout269/X                              16     21     -5 (VIOLATED)
fanout342/X                              16     21     -5 (VIOLATED)
fanout349/X                              16     21     -5 (VIOLATED)
fanout360/X                              16     21     -5 (VIOLATED)
fanout413/X                              16     21     -5 (VIOLATED)
fanout514/X                              16     21     -5 (VIOLATED)
hold2744/X                               16     21     -5 (VIOLATED)
_06109_/Y                                16     19     -3 (VIOLATED)
_11205_/X                                16     19     -3 (VIOLATED)
_13219_/Q                                16     19     -3 (VIOLATED)
clkbuf_5_15__f_clk/X                     16     19     -3 (VIOLATED)
clkbuf_5_16__f_clk/X                     16     19     -3 (VIOLATED)
clkbuf_5_17__f_clk/X                     16     19     -3 (VIOLATED)
clkbuf_5_18__f_clk/X                     16     19     -3 (VIOLATED)
clkbuf_5_19__f_clk/X                     16     19     -3 (VIOLATED)
clkbuf_5_20__f_clk/X                     16     19     -3 (VIOLATED)
clkbuf_5_23__f_clk/X                     16     19     -3 (VIOLATED)
clkbuf_5_30__f_clk/X                     16     19     -3 (VIOLATED)
clkbuf_5_31__f_clk/X                     16     19     -3 (VIOLATED)
clkbuf_5_9__f_clk/X                      16     19     -3 (VIOLATED)
clkbuf_leaf_49_clk/X                     16     19     -3 (VIOLATED)
fanout129/X                              16     19     -3 (VIOLATED)
fanout222/X                              16     19     -3 (VIOLATED)
fanout267/X                              16     19     -3 (VIOLATED)
fanout277/X                              16     19     -3 (VIOLATED)
fanout304/X                              16     19     -3 (VIOLATED)
fanout341/X                              16     19     -3 (VIOLATED)
fanout345/X                              16     19     -3 (VIOLATED)
fanout358/X                              16     19     -3 (VIOLATED)
fanout371/X                              16     19     -3 (VIOLATED)
fanout393/X                              16     19     -3 (VIOLATED)
fanout421/X                              16     19     -3 (VIOLATED)
fanout440/X                              16     19     -3 (VIOLATED)
fanout458/X                              16     19     -3 (VIOLATED)
fanout461/X                              16     19     -3 (VIOLATED)
fanout472/X                              16     19     -3 (VIOLATED)
hold1501/X                               16     19     -3 (VIOLATED)
hold2923/X                               16     19     -3 (VIOLATED)
_06207_/X                                16     17        (VIOLATED)
_06261_/X                                16     17        (VIOLATED)
_06687_/X                                16     17        (VIOLATED)
_13518_/Q                                16     17        (VIOLATED)
_13519_/Q                                16     17        (VIOLATED)
clkbuf_0_clk/X                           16     17        (VIOLATED)
clkbuf_5_12__f_clk/X                     16     17        (VIOLATED)
clkbuf_5_14__f_clk/X                     16     17        (VIOLATED)
clkbuf_5_22__f_clk/X                     16     17        (VIOLATED)
clkbuf_5_29__f_clk/X                     16     17        (VIOLATED)
clkbuf_5_2__f_clk/X                      16     17        (VIOLATED)
clkbuf_5_8__f_clk/X                      16     17        (VIOLATED)
clkbuf_leaf_46_clk/X                     16     17        (VIOLATED)
clkbuf_leaf_67_clk/X                     16     17        (VIOLATED)
fanout146/X                              16     17        (VIOLATED)
fanout251/X                              16     17        (VIOLATED)
fanout255/X                              16     17        (VIOLATED)
fanout309/X                              16     17        (VIOLATED)
fanout329/X                              16     17        (VIOLATED)
fanout337/X                              16     17        (VIOLATED)
fanout338/X                              16     17        (VIOLATED)
fanout353/X                              16     17        (VIOLATED)
fanout373/X                              16     17        (VIOLATED)
fanout384/X                              16     17        (VIOLATED)
fanout394/X                              16     17        (VIOLATED)
fanout403/X                              16     17        (VIOLATED)
fanout412/X                              16     17        (VIOLATED)
fanout414/X                              16     17        (VIOLATED)
fanout487/X                              16     17        (VIOLATED)
fanout496/X                              16     17        (VIOLATED)
fanout505/X                              16     17        (VIOLATED)
hold2037/X                               16     17        (VIOLATED)
hold2550/X                               16     17        (VIOLATED)
hold2617/X                               16     17        (VIOLATED)
hold2625/X                               16     17        (VIOLATED)

max capacitance

Pin                                        Limit         Cap       Slack
------------------------------------------------------------------------
hold2659/X                              0.100718    0.119673   -0.018955 (VIOLATED)
_06225_/Y                               0.065012    0.083472   -0.018460 (VIOLATED)
hold2426/X                              0.100718    0.115763   -0.015045 (VIOLATED)
hold2663/X                              0.100718    0.106188   -0.005470 (VIOLATED)
hold2037/X                              0.100718    0.104287   -0.003569 (VIOLATED)
hold1501/X                              0.100718    0.103346   -0.002628 (VIOLATED)
_08300_/Y                               0.050364    0.052083   -0.001719 (VIOLATED)
hold2574/X                              0.100718    0.101445   -0.000727 (VIOLATED)



===========================================================================
report_parasitic_annotation -report_unannotated
============================================================================
Found 338 unannotated drivers.
 io_in[0]
 io_in[10]
 io_in[11]
 io_in[12]
 io_in[13]
 io_in[14]
 io_in[15]
 io_in[16]
 io_in[17]
 io_in[18]
 io_in[19]
 io_in[1]
 io_in[20]
 io_in[22]
 io_in[23]
 io_in[24]
 io_in[25]
 io_in[26]
 io_in[27]
 io_in[28]
 io_in[29]
 io_in[2]
 io_in[30]
 io_in[31]
 io_in[32]
 io_in[33]
 io_in[34]
 io_in[35]
 io_in[36]
 io_in[37]
 io_in[3]
 io_in[4]
 io_in[5]
 io_in[6]
 io_in[7]
 io_in[8]
 io_in[9]
 _13585__560/HI
 _13586__571/HI
 _13587__570/HI
 _13588__569/HI
 _13589__568/HI
 _13590__567/HI
 _13591__566/HI
 _13592__565/HI
 _13593__564/HI
 _13594__563/HI
 _13595__562/HI
 _13596__561/HI
 clkload0/Y
 clkload1/X
 clkload10/Y
 clkload100/X
 clkload101/X
 clkload102/Y
 clkload103/X
 clkload104/Y
 clkload105/Y
 clkload106/Y
 clkload107/Y
 clkload108/Y
 clkload109/Y
 clkload11/Y
 clkload110/Y
 clkload111/Y
 clkload112/Y
 clkload113/Y
 clkload114/Y
 clkload115/Y
 clkload116/Y
 clkload117/X
 clkload118/Y
 clkload119/X
 clkload12/X
 clkload120/X
 clkload121/X
 clkload122/Y
 clkload123/X
 clkload124/Y
 clkload125/X
 clkload126/Y
 clkload127/Y
 clkload128/Y
 clkload129/Y
 clkload13/X
 clkload130/Y
 clkload131/Y
 clkload132/Y
 clkload133/Y
 clkload134/Y
 clkload135/Y
 clkload136/Y
 clkload137/Y
 clkload138/X
 clkload139/Y
 clkload14/X
 clkload140/Y
 clkload141/Y
 clkload142/X
 clkload143/Y
 clkload144/Y
 clkload145/Y
 clkload146/X
 clkload147/Y
 clkload148/X
 clkload149/Y
 clkload15/X
 clkload150/Y
 clkload151/Y
 clkload152/X
 clkload153/Y
 clkload154/X
 clkload155/Y
 clkload156/Y
 clkload157/Y
 clkload158/Y
 clkload159/Y
 clkload16/Y
 clkload160/X
 clkload161/X
 clkload162/Y
 clkload163/Y
 clkload164/Y
 clkload165/X
 clkload166/Y
 clkload167/Y
 clkload168/Y
 clkload169/Y
 clkload17/Y
 clkload170/Y
 clkload171/X
 clkload172/X
 clkload173/X
 clkload174/X
 clkload175/Y
 clkload176/Y
 clkload177/Y
 clkload178/Y
 clkload179/Y
 clkload18/X
 clkload180/Y
 clkload181/X
 clkload182/Y
 clkload183/Y
 clkload184/Y
 clkload185/Y
 clkload186/Y
 clkload187/Y
 clkload188/Y
 clkload189/Y
 clkload19/X
 clkload190/Y
 clkload191/Y
 clkload192/X
 clkload193/Y
 clkload194/Y
 clkload195/X
 clkload196/Y
 clkload197/Y
 clkload198/Y
 clkload199/X
 clkload2/Y
 clkload20/X
 clkload200/X
 clkload201/Y
 clkload202/Y
 clkload203/Y
 clkload204/X
 clkload205/Y
 clkload206/Y
 clkload207/Y
 clkload208/Y
 clkload209/Y
 clkload21/Y
 clkload210/Y
 clkload211/Y
 clkload22/Y
 clkload23/X
 clkload24/Y
 clkload25/Y
 clkload26/X
 clkload27/Y
 clkload28/X
 clkload29/Y
 clkload3/X
 clkload30/Y
 clkload31/Y
 clkload32/Y
 clkload33/Y
 clkload34/Y
 clkload35/Y
 clkload36/X
 clkload37/Y
 clkload38/Y
 clkload39/Y
 clkload4/X
 clkload40/X
 clkload41/Y
 clkload42/Y
 clkload43/Y
 clkload44/Y
 clkload45/Y
 clkload46/Y
 clkload47/Y
 clkload48/Y
 clkload49/Y
 clkload5/Y
 clkload50/Y
 clkload51/Y
 clkload52/Y
 clkload53/X
 clkload54/Y
 clkload55/Y
 clkload56/Y
 clkload57/X
 clkload58/X
 clkload59/Y
 clkload6/Y
 clkload60/Y
 clkload61/X
 clkload62/Y
 clkload63/Y
 clkload64/Y
 clkload65/Y
 clkload66/Y
 clkload67/Y
 clkload68/X
 clkload69/Y
 clkload7/Y
 clkload70/Y
 clkload71/Y
 clkload72/Y
 clkload73/Y
 clkload74/Y
 clkload75/Y
 clkload76/Y
 clkload77/Y
 clkload78/Y
 clkload79/Y
 clkload8/Y
 clkload80/Y
 clkload81/Y
 clkload82/Y
 clkload83/X
 clkload84/Y
 clkload85/Y
 clkload86/Y
 clkload87/Y
 clkload88/Y
 clkload89/Y
 clkload9/Y
 clkload90/Y
 clkload91/Y
 clkload92/Y
 clkload93/X
 clkload94/Y
 clkload95/Y
 clkload96/Y
 clkload97/X
 clkload98/Y
 clkload99/Y
 picorv32_soc_520/HI
 picorv32_soc_521/HI
 picorv32_soc_522/HI
 picorv32_soc_523/HI
 picorv32_soc_524/HI
 picorv32_soc_525/HI
 picorv32_soc_526/HI
 picorv32_soc_527/HI
 picorv32_soc_528/HI
 picorv32_soc_529/HI
 picorv32_soc_530/HI
 picorv32_soc_531/HI
 picorv32_soc_532/HI
 picorv32_soc_533/HI
 picorv32_soc_534/HI
 picorv32_soc_535/HI
 picorv32_soc_536/HI
 picorv32_soc_537/HI
 picorv32_soc_538/HI
 picorv32_soc_539/HI
 picorv32_soc_540/HI
 picorv32_soc_541/HI
 picorv32_soc_542/HI
 picorv32_soc_543/HI
 picorv32_soc_544/HI
 picorv32_soc_545/HI
 picorv32_soc_546/HI
 picorv32_soc_547/HI
 picorv32_soc_548/HI
 picorv32_soc_549/HI
 picorv32_soc_550/HI
 picorv32_soc_551/HI
 picorv32_soc_552/HI
 picorv32_soc_553/HI
 picorv32_soc_554/HI
 picorv32_soc_555/HI
 picorv32_soc_556/HI
 picorv32_soc_557/HI
 picorv32_soc_558/HI
 picorv32_soc_559/HI
 picorv32_soc_572/LO
 picorv32_soc_573/LO
 picorv32_soc_574/LO
 picorv32_soc_575/LO
 picorv32_soc_576/LO
 picorv32_soc_577/LO
 picorv32_soc_578/LO
 picorv32_soc_579/LO
 picorv32_soc_580/LO
 picorv32_soc_581/LO
 picorv32_soc_582/LO
 picorv32_soc_583/LO
 picorv32_soc_584/LO
 picorv32_soc_585/LO
 picorv32_soc_586/LO
 picorv32_soc_587/LO
 picorv32_soc_588/LO
 picorv32_soc_589/LO
 picorv32_soc_590/LO
 picorv32_soc_591/LO
 picorv32_soc_592/LO
 picorv32_soc_593/LO
 picorv32_soc_594/LO
 picorv32_soc_595/LO
 picorv32_soc_596/LO
 picorv32_soc_597/LO
 picorv32_soc_598/LO
 picorv32_soc_599/LO
 picorv32_soc_600/LO
 picorv32_soc_601/LO
 picorv32_soc_602/LO
 picorv32_soc_603/LO
 picorv32_soc_604/LO
 picorv32_soc_605/LO
 picorv32_soc_606/LO
 picorv32_soc_607/LO
 picorv32_soc_608/LO
Found 0 partially unannotated drivers.

===========================================================================
max slew violation count 564
max fanout violation count 406
max cap violation count 8
============================================================================

===========================================================================
check_setup -verbose -unconstrained_endpoints -multiple_clock -no_clock -no_input_delay -loops -generated_clocks
===========================================================================
Warning: There are 71 input ports missing set_input_delay.
  io_in[0]
  io_in[10]
  io_in[11]
  io_in[12]
  io_in[13]
  io_in[14]
  io_in[15]
  io_in[16]
  io_in[17]
  io_in[18]
  io_in[19]
  io_in[1]
  io_in[20]
  io_in[21]
  io_in[22]
  io_in[23]
  io_in[24]
  io_in[25]
  io_in[26]
  io_in[27]
  io_in[28]
  io_in[29]
  io_in[2]
  io_in[30]
  io_in[31]
  io_in[32]
  io_in[33]
  io_in[34]
  io_in[35]
  io_in[36]
  io_in[37]
  io_in[3]
  io_in[4]
  io_in[5]
  io_in[6]
  io_in[7]
  io_in[8]
  io_in[9]
  mem_rdata[0]
  mem_rdata[10]
  mem_rdata[11]
  mem_rdata[12]
  mem_rdata[13]
  mem_rdata[14]
  mem_rdata[15]
  mem_rdata[16]
  mem_rdata[17]
  mem_rdata[18]
  mem_rdata[19]
  mem_rdata[1]
  mem_rdata[20]
  mem_rdata[21]
  mem_rdata[22]
  mem_rdata[23]
  mem_rdata[24]
  mem_rdata[25]
  mem_rdata[26]
  mem_rdata[27]
  mem_rdata[28]
  mem_rdata[29]
  mem_rdata[2]
  mem_rdata[30]
  mem_rdata[31]
  mem_rdata[3]
  mem_rdata[4]
  mem_rdata[5]
  mem_rdata[6]
  mem_rdata[7]
  mem_rdata[8]
  mem_rdata[9]
  rst_n
Warning: There are 138 unconstrained endpoints.
  io_oeb[0]
  io_oeb[10]
  io_oeb[11]
  io_oeb[12]
  io_oeb[13]
  io_oeb[14]
  io_oeb[15]
  io_oeb[16]
  io_oeb[17]
  io_oeb[18]
  io_oeb[19]
  io_oeb[1]
  io_oeb[20]
  io_oeb[21]
  io_oeb[22]
  io_oeb[23]
  io_oeb[24]
  io_oeb[25]
  io_oeb[26]
  io_oeb[27]
  io_oeb[28]
  io_oeb[29]
  io_oeb[2]
  io_oeb[30]
  io_oeb[31]
  io_oeb[32]
  io_oeb[33]
  io_oeb[34]
  io_oeb[35]
  io_oeb[36]
  io_oeb[37]
  io_oeb[3]
  io_oeb[4]
  io_oeb[5]
  io_oeb[6]
  io_oeb[7]
  io_oeb[8]
  io_oeb[9]
  io_out[0]
  io_out[10]
  io_out[11]
  io_out[12]
  io_out[13]
  io_out[14]
  io_out[15]
  io_out[16]
  io_out[17]
  io_out[18]
  io_out[19]
  io_out[1]
  io_out[20]
  io_out[21]
  io_out[22]
  io_out[23]
  io_out[24]
  io_out[25]
  io_out[26]
  io_out[27]
  io_out[28]
  io_out[29]
  io_out[2]
  io_out[30]
  io_out[31]
  io_out[32]
  io_out[33]
  io_out[34]
  io_out[35]
  io_out[36]
  io_out[37]
  io_out[3]
  io_out[4]
  io_out[5]
  io_out[6]
  io_out[7]
  io_out[8]
  io_out[9]
  irq_out[0]
  irq_out[1]
  irq_out[2]
  mem_addr[0]
  mem_addr[1]
  mem_addr[2]
  mem_addr[3]
  mem_addr[4]
  mem_addr[5]
  mem_addr[6]
  mem_addr[7]
  mem_addr[8]
  mem_en
  mem_wdata[0]
  mem_wdata[10]
  mem_wdata[11]
  mem_wdata[12]
  mem_wdata[13]
  mem_wdata[14]
  mem_wdata[15]
  mem_wdata[16]
  mem_wdata[17]
  mem_wdata[18]
  mem_wdata[19]
  mem_wdata[1]
  mem_wdata[20]
  mem_wdata[21]
  mem_wdata[22]
  mem_wdata[23]
  mem_wdata[24]
  mem_wdata[25]
  mem_wdata[26]
  mem_wdata[27]
  mem_wdata[28]
  mem_wdata[29]
  mem_wdata[2]
  mem_wdata[30]
  mem_wdata[31]
  mem_wdata[3]
  mem_wdata[4]
  mem_wdata[5]
  mem_wdata[6]
  mem_wdata[7]
  mem_wdata[8]
  mem_wdata[9]
  mem_we[0]
  mem_we[1]
  mem_we[2]
  mem_we[3]
  _13532_/D
  _13585_/D
  _13586_/D
  _13587_/D
  _13588_/D
  _13589_/D
  _13590_/D
  _13591_/D
  _13592_/D
  _13593_/D
  _13594_/D
  _13595_/D
  _13596_/D
