Clock: clk
Sources: clk 
Generated: no
Virtual: yes
Propagated: no
Period: 25.000000

===========================================================================
report_clock_properties
============================================================================
Clock                   Period          Waveform
----------------------------------------------------
clk                  25.000000    0.000000 12.500000

===========================================================================
report_clock_latency
============================================================================
Clock clk
rise -> rise
    min     max
4.650000 5.570000 source latency
6.124180         network latency _13182_/CLK
        7.595542 network latency _13399_/CLK
---------------
10.774180 13.165542 latency
        2.391362 skew

fall -> fall
    min     max
4.650000 5.570000 source latency
6.087621         network latency _13182_/CLK
        7.487913 network latency _13399_/CLK
---------------
10.737621 13.057913 latency
        2.320292 skew



===========================================================================
report_clock_min_period
============================================================================
clk period_min = 21.61 fmax = 46.28
