Clock: clk
Sources: clk 
Generated: no
Virtual: yes
Propagated: no
Period: 25.000000

===========================================================================
report_clock_properties
============================================================================
Clock                   Period          Waveform
----------------------------------------------------
clk                  25.000000    0.000000 12.500000

===========================================================================
report_clock_latency
============================================================================
Clock clk
rise -> rise
    min     max
4.650000 5.570000 source latency
5.827572         network latency _146_/CLK
        6.840504 network latency _134_/CLK
---------------
10.477572 12.410504 latency
        1.932932 skew

fall -> fall
    min     max
4.650000 5.570000 source latency
5.848468         network latency _146_/CLK
        6.856368 network latency _134_/CLK
---------------
10.498468 12.426368 latency
        1.927900 skew



===========================================================================
report_clock_min_period
============================================================================
clk period_min = 0.00 fmax = inf
