
===========================================================================
 report_power
============================================================================
======================= min_tt_025C_1v80 Corner ===================================

Group                    Internal    Switching      Leakage        Total
                            Power        Power        Power        Power (Watts)
------------------------------------------------------------------------
Sequential           2.745180e-03 4.301986e-04 1.297421e-08 3.175392e-03  28.0%
Combinational        1.797133e-03 3.936272e-03 4.695255e-08 5.733452e-03  50.5%
Clock                1.146031e-03 1.296268e-03 3.793680e-09 2.442303e-03  21.5%
Macro                0.000000e+00 0.000000e+00 0.000000e+00 0.000000e+00   0.0%
Pad                  0.000000e+00 0.000000e+00 0.000000e+00 0.000000e+00   0.0%
------------------------------------------------------------------------
Total                5.688336e-03 5.662733e-03 6.372065e-08 1.135113e-02 100.0%
                            50.1%        49.9%         0.0%

