
===========================================================================
report_checks -unconstrained
===========================================================================
======================= max_ff_n40C_1v95 Corner ===================================

Startpoint: wbs_adr_i[31] (input port clocked by clk)
Endpoint: _153_ (rising edge-triggered flip-flop clocked by clk)
Path Group: clk
Path Type: max

Fanout         Cap        Slew       Delay        Time   Description
---------------------------------------------------------------------------------------------
                                  0.000000    0.000000   clock clk (rise edge)
                                  5.570000    5.570000   clock network delay (propagated)
                                  3.890000    9.460000 v input external delay
     2    0.003929    0.920000    0.000000    9.460000 v wbs_adr_i[31] (in)
                                                         wbs_adr_i[31] (net)
                      0.920182    0.000093    9.460093 v hold150/A (sky130_fd_sc_hd__dlygate4sd3_1)
     1    0.004241    0.043760    0.629916   10.090009 v hold150/X (sky130_fd_sc_hd__dlygate4sd3_1)
                                                         net424 (net)
                      0.043760    0.000315   10.090324 v input102/A (sky130_fd_sc_hd__clkbuf_8)
     3    0.074314    0.067830    0.127799   10.218123 v input102/X (sky130_fd_sc_hd__clkbuf_8)
                                                         net102 (net)
                      0.079879    0.022194   10.240317 v hold151/A (sky130_fd_sc_hd__dlygate4sd3_1)
     3    0.065673    0.231564    0.562354   10.802671 v hold151/X (sky130_fd_sc_hd__dlygate4sd3_1)
                                                         net425 (net)
                      0.234746    0.022536   10.825207 v _043_/A (sky130_fd_sc_hd__nor4b_1)
     1    0.003528    0.182360    0.266595   11.091802 ^ _043_/Y (sky130_fd_sc_hd__nor4b_1)
                                                         _034_ (net)
                      0.182360    0.000265   11.092066 ^ hold152/A (sky130_fd_sc_hd__dlygate4sd3_1)
     1    0.003508    0.042280    0.404877   11.496943 ^ hold152/X (sky130_fd_sc_hd__dlygate4sd3_1)
                                                         net426 (net)
                      0.042280    0.000258   11.497202 ^ wire266/A (sky130_fd_sc_hd__buf_2)
     1    0.013647    0.055134    0.091889   11.589091 ^ wire266/X (sky130_fd_sc_hd__buf_2)
                                                         net266 (net)
                      0.055203    0.001299   11.590390 ^ hold153/A (sky130_fd_sc_hd__dlygate4sd3_1)
     5    0.042428    0.319475    0.591341   12.181731 ^ hold153/X (sky130_fd_sc_hd__dlygate4sd3_1)
                                                         net427 (net)
                      0.319572    0.005545   12.187277 ^ fanout263/A (sky130_fd_sc_hd__buf_4)
     1    0.004240    0.027817    0.096097   12.283374 ^ fanout263/X (sky130_fd_sc_hd__buf_4)
                                                         net263 (net)
                      0.027817    0.000187   12.283561 ^ hold154/A (sky130_fd_sc_hd__dlygate4sd3_1)
    33    0.123228    0.913635    0.994845   13.278405 ^ hold154/X (sky130_fd_sc_hd__dlygate4sd3_1)
                                                         net428 (net)
                      0.913658    0.003977   13.282383 ^ _120_/B (sky130_fd_sc_hd__and3_1)
     1    0.005720    0.067421    0.129984   13.412367 ^ _120_/X (sky130_fd_sc_hd__and3_1)
                                                         _017_ (net)
                      0.067423    0.000450   13.412817 ^ _153_/D (sky130_fd_sc_hd__dfrtp_4)
                                             13.412817   data arrival time

                                 25.000000   25.000000   clock clk (rise edge)
                                  4.650000   29.650000   clock source latency
     2    0.032446    0.610000    0.000000   29.650000 ^ clk (in)
                                                         clk (net)
                      0.618574    0.004180   29.654179 ^ wire3/A (sky130_fd_sc_hd__buf_4)
     3    0.045969    0.105597    0.149559   29.803738 ^ wire3/X (sky130_fd_sc_hd__buf_4)
                                                         net274 (net)
                      0.106918    0.009102   29.812840 ^ wire2/A (sky130_fd_sc_hd__buf_6)
     3    0.079048    0.121446    0.132214   29.945053 ^ wire2/X (sky130_fd_sc_hd__buf_6)
                                                         net273 (net)
                      0.128002    0.021263   29.966316 ^ wire1/A (sky130_fd_sc_hd__buf_6)
     3    0.081406    0.124044    0.136456   30.102772 ^ wire1/X (sky130_fd_sc_hd__buf_6)
                                                         net272 (net)
                      0.131193    0.022386   30.125158 ^ clkbuf_0_clk/A (sky130_fd_sc_hd__clkbuf_16)
     9    0.100903    0.091017    0.147754   30.272913 ^ clkbuf_0_clk/X (sky130_fd_sc_hd__clkbuf_16)
                                                         clknet_0_clk (net)
                      0.092843    0.009905   30.282818 ^ clkbuf_2_3__f_clk/A (sky130_fd_sc_hd__clkbuf_16)
    21    0.073640    0.070173    0.121496   30.404312 ^ clkbuf_2_3__f_clk/X (sky130_fd_sc_hd__clkbuf_16)
                                                         clknet_2_3__leaf_clk (net)
                      0.076809    0.016104   30.420418 ^ _153_/CLK (sky130_fd_sc_hd__dfrtp_4)
                                 -0.087500   30.332918   clock uncertainty
                                  0.000000   30.332918   clock reconvergence pessimism
                                 -0.039365   30.293554   library setup time
                                             30.293554   data required time
---------------------------------------------------------------------------------------------
                                             30.293554   data required time
                                            -13.412817   data arrival time
---------------------------------------------------------------------------------------------
                                             16.880737   slack (MET)




===========================================================================
report_checks --slack_max -0.01
============================================================================
======================= max_ff_n40C_1v95 Corner ===================================

No paths found.


===========================================================================
 report_check_types -max_slew -max_cap -max_fanout -violators
============================================================================
======================= max_ff_n40C_1v95 Corner ===================================

max fanout

Pin                                   Limit Fanout  Slack
---------------------------------------------------------
fanout271/X                              16     61    -45 (VIOLATED)
fanout269/X                              16     57    -41 (VIOLATED)
fanout270/X                              16     52    -36 (VIOLATED)
fanout260/X                              16     33    -17 (VIOLATED)
fanout261/X                              16     33    -17 (VIOLATED)
fanout264/X                              16     33    -17 (VIOLATED)
fanout267/X                              16     33    -17 (VIOLATED)
fanout268/X                              16     33    -17 (VIOLATED)
hold154/X                                16     33    -17 (VIOLATED)
clkbuf_2_1__f_clk/X                      16     21     -5 (VIOLATED)
clkbuf_2_3__f_clk/X                      16     21     -5 (VIOLATED)
clkbuf_2_0__f_clk/X                      16     17        (VIOLATED)
clkbuf_2_2__f_clk/X                      16     17        (VIOLATED)



===========================================================================
report_parasitic_annotation -report_unannotated
============================================================================
Found 5 unannotated drivers.
 wbs_adr_i[0]
 wbs_adr_i[1]
 clkload0/Y
 clkload1/X
 clkload2/Y
Found 0 partially unannotated drivers.

===========================================================================
max slew violation count 0
max fanout violation count 13
max cap violation count 0
============================================================================

===========================================================================
check_setup -verbose -unconstrained_endpoints -multiple_clock -no_clock -no_input_delay -loops -generated_clocks
===========================================================================
Warning: There are 79 input ports missing set_input_delay.
  cpu_mem_addr[0]
  cpu_mem_addr[1]
  cpu_mem_addr[2]
  cpu_mem_addr[3]
  cpu_mem_addr[4]
  cpu_mem_addr[5]
  cpu_mem_addr[6]
  cpu_mem_addr[7]
  cpu_mem_addr[8]
  cpu_mem_en
  cpu_mem_wdata[0]
  cpu_mem_wdata[10]
  cpu_mem_wdata[11]
  cpu_mem_wdata[12]
  cpu_mem_wdata[13]
  cpu_mem_wdata[14]
  cpu_mem_wdata[15]
  cpu_mem_wdata[16]
  cpu_mem_wdata[17]
  cpu_mem_wdata[18]
  cpu_mem_wdata[19]
  cpu_mem_wdata[1]
  cpu_mem_wdata[20]
  cpu_mem_wdata[21]
  cpu_mem_wdata[22]
  cpu_mem_wdata[23]
  cpu_mem_wdata[24]
  cpu_mem_wdata[25]
  cpu_mem_wdata[26]
  cpu_mem_wdata[27]
  cpu_mem_wdata[28]
  cpu_mem_wdata[29]
  cpu_mem_wdata[2]
  cpu_mem_wdata[30]
  cpu_mem_wdata[31]
  cpu_mem_wdata[3]
  cpu_mem_wdata[4]
  cpu_mem_wdata[5]
  cpu_mem_wdata[6]
  cpu_mem_wdata[7]
  cpu_mem_wdata[8]
  cpu_mem_wdata[9]
  cpu_mem_we[0]
  cpu_mem_we[1]
  cpu_mem_we[2]
  cpu_mem_we[3]
  mem_rdata[0]
  mem_rdata[10]
  mem_rdata[11]
  mem_rdata[12]
  mem_rdata[13]
  mem_rdata[14]
  mem_rdata[15]
  mem_rdata[16]
  mem_rdata[17]
  mem_rdata[18]
  mem_rdata[19]
  mem_rdata[1]
  mem_rdata[20]
  mem_rdata[21]
  mem_rdata[22]
  mem_rdata[23]
  mem_rdata[24]
  mem_rdata[25]
  mem_rdata[26]
  mem_rdata[27]
  mem_rdata[28]
  mem_rdata[29]
  mem_rdata[2]
  mem_rdata[30]
  mem_rdata[31]
  mem_rdata[3]
  mem_rdata[4]
  mem_rdata[5]
  mem_rdata[6]
  mem_rdata[7]
  mem_rdata[8]
  mem_rdata[9]
  rst_n
Warning: There are 78 unconstrained endpoints.
  cpu_mem_rdata[0]
  cpu_mem_rdata[10]
  cpu_mem_rdata[11]
  cpu_mem_rdata[12]
  cpu_mem_rdata[13]
  cpu_mem_rdata[14]
  cpu_mem_rdata[15]
  cpu_mem_rdata[16]
  cpu_mem_rdata[17]
  cpu_mem_rdata[18]
  cpu_mem_rdata[19]
  cpu_mem_rdata[1]
  cpu_mem_rdata[20]
  cpu_mem_rdata[21]
  cpu_mem_rdata[22]
  cpu_mem_rdata[23]
  cpu_mem_rdata[24]
  cpu_mem_rdata[25]
  cpu_mem_rdata[26]
  cpu_mem_rdata[27]
  cpu_mem_rdata[28]
  cpu_mem_rdata[29]
  cpu_mem_rdata[2]
  cpu_mem_rdata[30]
  cpu_mem_rdata[31]
  cpu_mem_rdata[3]
  cpu_mem_rdata[4]
  cpu_mem_rdata[5]
  cpu_mem_rdata[6]
  cpu_mem_rdata[7]
  cpu_mem_rdata[8]
  cpu_mem_rdata[9]
  mem_addr[0]
  mem_addr[1]
  mem_addr[2]
  mem_addr[3]
  mem_addr[4]
  mem_addr[5]
  mem_addr[6]
  mem_addr[7]
  mem_addr[8]
  mem_en
  mem_wdata[0]
  mem_wdata[10]
  mem_wdata[11]
  mem_wdata[12]
  mem_wdata[13]
  mem_wdata[14]
  mem_wdata[15]
  mem_wdata[16]
  mem_wdata[17]
  mem_wdata[18]
  mem_wdata[19]
  mem_wdata[1]
  mem_wdata[20]
  mem_wdata[21]
  mem_wdata[22]
  mem_wdata[23]
  mem_wdata[24]
  mem_wdata[25]
  mem_wdata[26]
  mem_wdata[27]
  mem_wdata[28]
  mem_wdata[29]
  mem_wdata[2]
  mem_wdata[30]
  mem_wdata[31]
  mem_wdata[3]
  mem_wdata[4]
  mem_wdata[5]
  mem_wdata[6]
  mem_wdata[7]
  mem_wdata[8]
  mem_wdata[9]
  mem_we[0]
  mem_we[1]
  mem_we[2]
  mem_we[3]
