Clock: clk
Sources: clk 
Generated: no
Virtual: yes
Propagated: no
Period: 25.000000

===========================================================================
report_clock_properties
============================================================================
Clock                   Period          Waveform
----------------------------------------------------
clk                  25.000000    0.000000 12.500000

===========================================================================
report_clock_latency
============================================================================
Clock clk
rise -> rise
    min     max
4.650000 5.570000 source latency
5.412484         network latency _146_/CLK
        6.354353 network latency _134_/CLK
---------------
10.062485 11.924354 latency
        1.861869 skew

fall -> fall
    min     max
4.650000 5.570000 source latency
5.530742         network latency _146_/CLK
        6.468668 network latency _134_/CLK
---------------
10.180742 12.038668 latency
        1.857925 skew



===========================================================================
report_clock_min_period
============================================================================
clk period_min = 0.00 fmax = inf
