
===========================================================================
 report_power
============================================================================
======================= max_ff_n40C_1v95 Corner ===================================

Group                    Internal    Switching      Leakage        Total
                            Power        Power        Power        Power (Watts)
------------------------------------------------------------------------
Sequential           6.214943e-05 1.350201e-06 1.062807e-09 6.350069e-05  11.9%
Combinational        8.723816e-05 2.269272e-04 1.861591e-08 3.141840e-04  59.0%
Clock                5.362372e-05 1.009105e-04 9.198605e-10 1.545351e-04  29.0%
Macro                0.000000e+00 0.000000e+00 0.000000e+00 0.000000e+00   0.0%
Pad                  0.000000e+00 0.000000e+00 0.000000e+00 0.000000e+00   0.0%
------------------------------------------------------------------------
Total                2.030113e-04 3.291878e-04 2.059859e-08 5.322196e-04 100.0%
                            38.1%        61.9%         0.0%

