
===========================================================================
 report_power
============================================================================
======================= max_ff_n40C_1v95 Corner ===================================

Group                    Internal    Switching      Leakage        Total
                            Power        Power        Power        Power (Watts)
------------------------------------------------------------------------
Sequential           6.212062e-05 1.430370e-06 1.062807e-09 6.355206e-05  11.7%
Combinational        6.189346e-05 2.683910e-04 1.279534e-08 3.302972e-04  60.6%
Clock                5.360368e-05 9.765617e-05 9.188404e-10 1.512608e-04  27.7%
Macro                0.000000e+00 0.000000e+00 0.000000e+00 0.000000e+00   0.0%
Pad                  0.000000e+00 0.000000e+00 0.000000e+00 0.000000e+00   0.0%
------------------------------------------------------------------------
Total                1.776177e-04 3.674775e-04 1.477698e-08 5.451100e-04 100.0%
                            32.6%        67.4%         0.0%

