Clock: clk
Sources: clk 
Generated: no
Virtual: yes
Propagated: no
Period: 25.000000

===========================================================================
report_clock_properties
============================================================================
Clock                   Period          Waveform
----------------------------------------------------
clk                  25.000000    0.000000 12.500000

===========================================================================
report_clock_latency
============================================================================
Clock clk
rise -> rise
    min     max
4.650000 5.570000 source latency
5.172052         network latency _13182_/CLK
        6.301812 network latency _13399_/CLK
---------------
9.822052 11.871812 latency
        2.049760 skew

fall -> fall
    min     max
4.650000 5.570000 source latency
5.298084         network latency _13182_/CLK
        6.401150 network latency _13399_/CLK
---------------
9.948084 11.971149 latency
        2.023066 skew



===========================================================================
report_clock_min_period
============================================================================
clk period_min = 6.71 fmax = 149.08
