Clock: clk
Sources: clk 
Generated: no
Virtual: yes
Propagated: no
Period: 25.000000

===========================================================================
report_clock_properties
============================================================================
Clock                   Period          Waveform
----------------------------------------------------
clk                  25.000000    0.000000 12.500000

===========================================================================
report_clock_latency
============================================================================
Clock clk
rise -> rise
    min     max
4.650000 5.570000 source latency
5.357990         network latency _146_/CLK
        6.292881 network latency _134_/CLK
---------------
10.007990 11.862881 latency
        1.854890 skew

fall -> fall
    min     max
4.650000 5.570000 source latency
5.482701         network latency _146_/CLK
        6.414638 network latency _134_/CLK
---------------
10.132700 11.984637 latency
        1.851937 skew



===========================================================================
report_clock_min_period
============================================================================
clk period_min = 0.00 fmax = inf
