
===========================================================================
 report_power
============================================================================
======================= min_ff_n40C_1v95 Corner ===================================

Group                    Internal    Switching      Leakage        Total
                            Power        Power        Power        Power (Watts)
------------------------------------------------------------------------
Sequential           6.203403e-05 1.268100e-06 1.062807e-09 6.330319e-05  12.3%
Combinational        6.141239e-05 2.501687e-04 1.279534e-08 3.115939e-04  60.3%
Clock                5.342381e-05 8.827475e-05 9.188404e-10 1.416995e-04  27.4%
Macro                0.000000e+00 0.000000e+00 0.000000e+00 0.000000e+00   0.0%
Pad                  0.000000e+00 0.000000e+00 0.000000e+00 0.000000e+00   0.0%
------------------------------------------------------------------------
Total                1.768702e-04 3.397115e-04 1.477698e-08 5.165965e-04 100.0%
                            34.2%        65.8%         0.0%

