
===========================================================================
report_checks -unconstrained
===========================================================================
======================= max_ss_100C_1v60 Corner ===================================

Startpoint: rst_n (input port clocked by clk)
Endpoint: _152_ (recovery check against rising-edge clock clk)
Path Group: asynchronous
Path Type: max

Fanout         Cap        Slew       Delay        Time   Description
---------------------------------------------------------------------------------------------
                                  0.000000    0.000000   clock clk (rise edge)
                                  5.570000    5.570000   clock network delay (propagated)
                                 12.500000   18.070000 ^ input external delay
     2    0.011551    0.000000    0.000000   18.070000 ^ rst_n (in)
                                                         rst_n (net)
                      0.000639    0.000320   18.070318 ^ input79/A (sky130_fd_sc_hd__buf_12)
     7    0.294549    0.459627    0.248681   18.319000 ^ input79/X (sky130_fd_sc_hd__buf_12)
                                                         net79 (net)
                      0.841498    0.362055   18.681055 ^ fanout267/A (sky130_fd_sc_hd__buf_6)
    33    0.149860    0.472112    0.694346   19.375401 ^ fanout267/X (sky130_fd_sc_hd__buf_6)
                                                         net267 (net)
                      0.484298    0.060282   19.435684 ^ _152_/RESET_B (sky130_fd_sc_hd__dfrtp_4)
                                             19.435684   data arrival time

                                 25.000000   25.000000   clock clk (rise edge)
                                  4.650000   29.650000   clock source latency
     2    0.032618    0.610000    0.000000   29.650000 ^ clk (in)
                                                         clk (net)
                      0.618647    0.004324   29.654322 ^ wire3/A (sky130_fd_sc_hd__buf_4)
     3    0.036079    0.177169    0.513397   30.167721 ^ wire3/X (sky130_fd_sc_hd__buf_4)
                                                         net274 (net)
                      0.177570    0.007450   30.175169 ^ wire2/A (sky130_fd_sc_hd__buf_6)
     3    0.079273    0.256679    0.360075   30.535244 ^ wire2/X (sky130_fd_sc_hd__buf_6)
                                                         net273 (net)
                      0.259705    0.022300   30.557545 ^ wire1/A (sky130_fd_sc_hd__buf_6)
     3    0.081766    0.264549    0.398330   30.955875 ^ wire1/X (sky130_fd_sc_hd__buf_6)
                                                         net272 (net)
                      0.267818    0.023530   30.979404 ^ clkbuf_0_clk/A (sky130_fd_sc_hd__clkbuf_16)
     9    0.101201    0.179146    0.400721   31.380127 ^ clkbuf_0_clk/X (sky130_fd_sc_hd__clkbuf_16)
                                                         clknet_0_clk (net)
                      0.180071    0.010285   31.390411 ^ clkbuf_2_3__f_clk/A (sky130_fd_sc_hd__clkbuf_16)
    21    0.075270    0.142724    0.332449   31.722860 ^ clkbuf_2_3__f_clk/X (sky130_fd_sc_hd__clkbuf_16)
                                                         clknet_2_3__leaf_clk (net)
                      0.145791    0.016364   31.739223 ^ _152_/CLK (sky130_fd_sc_hd__dfrtp_4)
                                 -0.250000   31.489223   clock uncertainty
                                  0.000000   31.489223   clock reconvergence pessimism
                                  0.275989   31.765211   library recovery time
                                             31.765211   data required time
---------------------------------------------------------------------------------------------
                                             31.765211   data required time
                                            -19.435684   data arrival time
---------------------------------------------------------------------------------------------
                                             12.329528   slack (MET)


Startpoint: wbs_adr_i[31] (input port clocked by clk)
Endpoint: _153_ (rising edge-triggered flip-flop clocked by clk)
Path Group: clk
Path Type: max

Fanout         Cap        Slew       Delay        Time   Description
---------------------------------------------------------------------------------------------
                                  0.000000    0.000000   clock clk (rise edge)
                                  5.570000    5.570000   clock network delay (propagated)
                                  3.890000    9.460000 v input external delay
     2    0.003972    0.920000    0.000000    9.460000 v wbs_adr_i[31] (in)
                                                         wbs_adr_i[31] (net)
                      0.920178    0.000089    9.460089 v hold7/A (sky130_fd_sc_hd__dlygate4sd3_1)
     1    0.004237    0.121519    1.530348   10.990438 v hold7/X (sky130_fd_sc_hd__dlygate4sd3_1)
                                                         net281 (net)
                      0.121519    0.000308   10.990746 v input102/A (sky130_fd_sc_hd__clkbuf_8)
     3    0.074615    0.157105    0.350590   11.341335 v input102/X (sky130_fd_sc_hd__clkbuf_8)
                                                         net102 (net)
                      0.162588    0.023048   11.364384 v hold8/A (sky130_fd_sc_hd__dlygate4sd3_1)
     3    0.066498    0.630054    1.665112   13.029495 v hold8/X (sky130_fd_sc_hd__dlygate4sd3_1)
                                                         net282 (net)
                      0.631053    0.022573   13.052069 v _043_/A (sky130_fd_sc_hd__nor4b_1)
     1    0.003406    0.454639    0.739367   13.791435 ^ _043_/Y (sky130_fd_sc_hd__nor4b_1)
                                                         _034_ (net)
                      0.454639    0.000249   13.791684 ^ hold9/A (sky130_fd_sc_hd__dlygate4sd3_1)
     1    0.003403    0.099093    1.184723   14.976406 ^ hold9/X (sky130_fd_sc_hd__dlygate4sd3_1)
                                                         net283 (net)
                      0.099093    0.000242   14.976648 ^ wire266/A (sky130_fd_sc_hd__buf_2)
     1    0.013475    0.120512    0.244958   15.221605 ^ wire266/X (sky130_fd_sc_hd__buf_2)
                                                         net266 (net)
                      0.120523    0.001236   15.222842 ^ hold10/A (sky130_fd_sc_hd__dlygate4sd3_1)
     5    0.042248    0.643791    1.493113   16.715956 ^ hold10/X (sky130_fd_sc_hd__dlygate4sd3_1)
                                                         net284 (net)
                      0.643824    0.005263   16.721218 ^ fanout263/A (sky130_fd_sc_hd__buf_4)
     1    0.003781    0.056323    0.410765   17.131983 ^ fanout263/X (sky130_fd_sc_hd__buf_4)
                                                         net263 (net)
                      0.056323    0.000158   17.132141 ^ hold11/A (sky130_fd_sc_hd__dlygate4sd3_1)
    33    0.121919    1.804327    2.279148   19.411289 ^ hold11/X (sky130_fd_sc_hd__dlygate4sd3_1)
                                                         net285 (net)
                      1.804332    0.007411   19.418699 ^ _120_/B (sky130_fd_sc_hd__and3_1)
     1    0.004978    0.138881    0.781879   20.200579 ^ _120_/X (sky130_fd_sc_hd__and3_1)
                                                         _017_ (net)
                      0.138881    0.000366   20.200945 ^ _153_/D (sky130_fd_sc_hd__dfrtp_4)
                                             20.200945   data arrival time

                                 25.000000   25.000000   clock clk (rise edge)
                                  4.650000   29.650000   clock source latency
     2    0.032618    0.610000    0.000000   29.650000 ^ clk (in)
                                                         clk (net)
                      0.618647    0.004324   29.654322 ^ wire3/A (sky130_fd_sc_hd__buf_4)
     3    0.036079    0.177169    0.513397   30.167721 ^ wire3/X (sky130_fd_sc_hd__buf_4)
                                                         net274 (net)
                      0.177570    0.007450   30.175169 ^ wire2/A (sky130_fd_sc_hd__buf_6)
     3    0.079273    0.256679    0.360075   30.535244 ^ wire2/X (sky130_fd_sc_hd__buf_6)
                                                         net273 (net)
                      0.259705    0.022300   30.557545 ^ wire1/A (sky130_fd_sc_hd__buf_6)
     3    0.081766    0.264549    0.398330   30.955875 ^ wire1/X (sky130_fd_sc_hd__buf_6)
                                                         net272 (net)
                      0.267818    0.023530   30.979404 ^ clkbuf_0_clk/A (sky130_fd_sc_hd__clkbuf_16)
     9    0.101201    0.179146    0.400721   31.380127 ^ clkbuf_0_clk/X (sky130_fd_sc_hd__clkbuf_16)
                                                         clknet_0_clk (net)
                      0.180071    0.010285   31.390411 ^ clkbuf_2_3__f_clk/A (sky130_fd_sc_hd__clkbuf_16)
    21    0.075270    0.142724    0.332449   31.722860 ^ clkbuf_2_3__f_clk/X (sky130_fd_sc_hd__clkbuf_16)
                                                         clknet_2_3__leaf_clk (net)
                      0.145653    0.015977   31.738836 ^ _153_/CLK (sky130_fd_sc_hd__dfrtp_4)
                                 -0.250000   31.488836   clock uncertainty
                                  0.000000   31.488836   clock reconvergence pessimism
                                 -0.140760   31.348074   library setup time
                                             31.348074   data required time
---------------------------------------------------------------------------------------------
                                             31.348074   data required time
                                            -20.200945   data arrival time
---------------------------------------------------------------------------------------------
                                             11.147128   slack (MET)




===========================================================================
report_checks --slack_max -0.01
============================================================================
======================= max_ss_100C_1v60 Corner ===================================

No paths found.


===========================================================================
 report_check_types -max_slew -max_cap -max_fanout -violators
============================================================================
======================= max_ss_100C_1v60 Corner ===================================

max slew

Pin                                        Limit        Slew       Slack
------------------------------------------------------------------------
_111_/B                                 1.000000    1.805343   -0.805343 (VIOLATED)
ANTENNA__111__B/DIODE                   1.000000    1.805337   -0.805337 (VIOLATED)
_112_/B                                 1.000000    1.805267   -0.805267 (VIOLATED)
ANTENNA__112__B/DIODE                   1.000000    1.805248   -0.805249 (VIOLATED)
_114_/B                                 1.000000    1.804434   -0.804434 (VIOLATED)
ANTENNA__114__B/DIODE                   1.000000    1.804411   -0.804411 (VIOLATED)
ANTENNA__115__B/DIODE                   1.000000    1.804363   -0.804363 (VIOLATED)
_115_/B                                 1.000000    1.804351   -0.804351 (VIOLATED)
_124_/B                                 1.000000    1.804344   -0.804344 (VIOLATED)
ANTENNA__116__B/DIODE                   1.000000    1.804340   -0.804340 (VIOLATED)
ANTENNA__123__B/DIODE                   1.000000    1.804340   -0.804340 (VIOLATED)
ANTENNA__124__B/DIODE                   1.000000    1.804340   -0.804340 (VIOLATED)
ANTENNA__127__B/DIODE                   1.000000    1.804340   -0.804340 (VIOLATED)
_116_/B                                 1.000000    1.804340   -0.804340 (VIOLATED)
_123_/B                                 1.000000    1.804338   -0.804338 (VIOLATED)
ANTENNA__121__B/DIODE                   1.000000    1.804335   -0.804335 (VIOLATED)
ANTENNA__126__B/DIODE                   1.000000    1.804335   -0.804335 (VIOLATED)
_121_/B                                 1.000000    1.804334   -0.804334 (VIOLATED)
_126_/B                                 1.000000    1.804335   -0.804335 (VIOLATED)
_127_/B                                 1.000000    1.804334   -0.804334 (VIOLATED)
ANTENNA__117__B/DIODE                   1.000000    1.804332   -0.804332 (VIOLATED)
ANTENNA__119__B/DIODE                   1.000000    1.804332   -0.804332 (VIOLATED)
ANTENNA__120__B/DIODE                   1.000000    1.804332   -0.804332 (VIOLATED)
ANTENNA__122__B/DIODE                   1.000000    1.804332   -0.804332 (VIOLATED)
ANTENNA__125__B/DIODE                   1.000000    1.804332   -0.804332 (VIOLATED)
ANTENNA_hold11_X/DIODE                  1.000000    1.804333   -0.804333 (VIOLATED)
_119_/B                                 1.000000    1.804332   -0.804332 (VIOLATED)
_120_/B                                 1.000000    1.804332   -0.804332 (VIOLATED)
_117_/B                                 1.000000    1.804331   -0.804331 (VIOLATED)
_118_/B                                 1.000000    1.804328   -0.804328 (VIOLATED)
_122_/B                                 1.000000    1.804328   -0.804328 (VIOLATED)
_125_/B                                 1.000000    1.804328   -0.804328 (VIOLATED)
ANTENNA__118__B/DIODE                   1.000000    1.804327   -0.804327 (VIOLATED)
hold11/X                                1.000000    1.804327   -0.804327 (VIOLATED)
_093_/S                                 1.000000    1.284684   -0.284684 (VIOLATED)
ANTENNA__093__S/DIODE                   1.000000    1.284640   -0.284640 (VIOLATED)
_091_/S                                 1.000000    1.284315   -0.284315 (VIOLATED)
ANTENNA__091__S/DIODE                   1.000000    1.284168   -0.284168 (VIOLATED)
_092_/S                                 1.000000    1.283647   -0.283647 (VIOLATED)
ANTENNA__092__S/DIODE                   1.000000    1.282480   -0.282480 (VIOLATED)
_094_/S                                 1.000000    1.279928   -0.279928 (VIOLATED)
ANTENNA__094__S/DIODE                   1.000000    1.278230   -0.278230 (VIOLATED)
fanout271/A                             1.000000    1.167012   -0.167012 (VIOLATED)
ANTENNA_fanout271_A/DIODE               1.000000    1.166319   -0.166320 (VIOLATED)
output226/A                             1.000000    1.000408   -0.000408 (VIOLATED)
ANTENNA_output226_A/DIODE               1.000000    1.000285   -0.000285 (VIOLATED)

max fanout

Pin                                   Limit Fanout  Slack
---------------------------------------------------------
fanout271/X                              16     63    -47 (VIOLATED)
fanout269/X                              16     57    -41 (VIOLATED)
fanout270/X                              16     52    -36 (VIOLATED)
fanout260/X                              16     33    -17 (VIOLATED)
fanout261/X                              16     33    -17 (VIOLATED)
fanout264/X                              16     33    -17 (VIOLATED)
fanout267/X                              16     33    -17 (VIOLATED)
fanout268/X                              16     33    -17 (VIOLATED)
hold11/X                                 16     33    -17 (VIOLATED)
clkbuf_2_1__f_clk/X                      16     21     -5 (VIOLATED)
clkbuf_2_3__f_clk/X                      16     21     -5 (VIOLATED)
clkbuf_2_0__f_clk/X                      16     17        (VIOLATED)
clkbuf_2_2__f_clk/X                      16     17        (VIOLATED)

max capacitance

Pin                                        Limit         Cap       Slack
------------------------------------------------------------------------
hold11/X                                0.100718    0.121919   -0.021201 (VIOLATED)



===========================================================================
report_parasitic_annotation -report_unannotated
============================================================================
Found 5 unannotated drivers.
 wbs_adr_i[0]
 wbs_adr_i[1]
 clkload0/Y
 clkload1/X
 clkload2/Y
Found 0 partially unannotated drivers.

===========================================================================
max slew violation count 46
max fanout violation count 13
max cap violation count 1
============================================================================

===========================================================================
check_setup -verbose -unconstrained_endpoints -multiple_clock -no_clock -no_input_delay -loops -generated_clocks
===========================================================================
Warning: There are 32 input ports missing set_input_delay.
  mem_rdata[0]
  mem_rdata[10]
  mem_rdata[11]
  mem_rdata[12]
  mem_rdata[13]
  mem_rdata[14]
  mem_rdata[15]
  mem_rdata[16]
  mem_rdata[17]
  mem_rdata[18]
  mem_rdata[19]
  mem_rdata[1]
  mem_rdata[20]
  mem_rdata[21]
  mem_rdata[22]
  mem_rdata[23]
  mem_rdata[24]
  mem_rdata[25]
  mem_rdata[26]
  mem_rdata[27]
  mem_rdata[28]
  mem_rdata[29]
  mem_rdata[2]
  mem_rdata[30]
  mem_rdata[31]
  mem_rdata[3]
  mem_rdata[4]
  mem_rdata[5]
  mem_rdata[6]
  mem_rdata[7]
  mem_rdata[8]
  mem_rdata[9]
Warning: There are 78 unconstrained endpoints.
  cpu_mem_rdata[0]
  cpu_mem_rdata[10]
  cpu_mem_rdata[11]
  cpu_mem_rdata[12]
  cpu_mem_rdata[13]
  cpu_mem_rdata[14]
  cpu_mem_rdata[15]
  cpu_mem_rdata[16]
  cpu_mem_rdata[17]
  cpu_mem_rdata[18]
  cpu_mem_rdata[19]
  cpu_mem_rdata[1]
  cpu_mem_rdata[20]
  cpu_mem_rdata[21]
  cpu_mem_rdata[22]
  cpu_mem_rdata[23]
  cpu_mem_rdata[24]
  cpu_mem_rdata[25]
  cpu_mem_rdata[26]
  cpu_mem_rdata[27]
  cpu_mem_rdata[28]
  cpu_mem_rdata[29]
  cpu_mem_rdata[2]
  cpu_mem_rdata[30]
  cpu_mem_rdata[31]
  cpu_mem_rdata[3]
  cpu_mem_rdata[4]
  cpu_mem_rdata[5]
  cpu_mem_rdata[6]
  cpu_mem_rdata[7]
  cpu_mem_rdata[8]
  cpu_mem_rdata[9]
  mem_addr[0]
  mem_addr[1]
  mem_addr[2]
  mem_addr[3]
  mem_addr[4]
  mem_addr[5]
  mem_addr[6]
  mem_addr[7]
  mem_addr[8]
  mem_en
  mem_wdata[0]
  mem_wdata[10]
  mem_wdata[11]
  mem_wdata[12]
  mem_wdata[13]
  mem_wdata[14]
  mem_wdata[15]
  mem_wdata[16]
  mem_wdata[17]
  mem_wdata[18]
  mem_wdata[19]
  mem_wdata[1]
  mem_wdata[20]
  mem_wdata[21]
  mem_wdata[22]
  mem_wdata[23]
  mem_wdata[24]
  mem_wdata[25]
  mem_wdata[26]
  mem_wdata[27]
  mem_wdata[28]
  mem_wdata[29]
  mem_wdata[2]
  mem_wdata[30]
  mem_wdata[31]
  mem_wdata[3]
  mem_wdata[4]
  mem_wdata[5]
  mem_wdata[6]
  mem_wdata[7]
  mem_wdata[8]
  mem_wdata[9]
  mem_we[0]
  mem_we[1]
  mem_we[2]
  mem_we[3]
