Clock: clk
Sources: clk 
Generated: no
Virtual: yes
Propagated: no
Period: 25.000000

===========================================================================
report_clock_properties
============================================================================
Clock                   Period          Waveform
----------------------------------------------------
clk                  25.000000    0.000000 12.500000

===========================================================================
report_clock_latency
============================================================================
Clock clk
rise -> rise
    min     max
4.650000 5.570000 source latency
6.725960         network latency _146_/CLK
        7.794121 network latency _134_/CLK
---------------
11.375960 13.364120 latency
        1.988161 skew

fall -> fall
    min     max
4.650000 5.570000 source latency
6.589810         network latency _146_/CLK
        7.642777 network latency _134_/CLK
---------------
11.239809 13.212777 latency
        1.972968 skew



===========================================================================
report_clock_min_period
============================================================================
clk period_min = 0.00 fmax = inf
