
===========================================================================
 report_power
============================================================================
======================= max_ss_100C_1v60 Corner ===================================

Group                    Internal    Switching      Leakage        Total
                            Power        Power        Power        Power (Watts)
------------------------------------------------------------------------
Sequential           4.080304e-05 9.096411e-07 6.574514e-07 4.237013e-05  11.5%
Combinational        5.936829e-05 1.529157e-04 5.713347e-06 2.179974e-04  59.4%
Clock                3.818246e-05 6.841478e-05 1.390069e-07 1.067363e-04  29.1%
Macro                0.000000e+00 0.000000e+00 0.000000e+00 0.000000e+00   0.0%
Pad                  0.000000e+00 0.000000e+00 0.000000e+00 0.000000e+00   0.0%
------------------------------------------------------------------------
Total                1.383538e-04 2.222402e-04 6.509794e-06 3.671037e-04 100.0%
                            37.7%        60.5%         1.8%

