
===========================================================================
 report_power
============================================================================
======================= nom_tt_025C_1v80 Corner ===================================

Group                    Internal    Switching      Leakage        Total
                            Power        Power        Power        Power (Watts)
------------------------------------------------------------------------
Sequential           2.744894e-03 4.652590e-04 1.297421e-08 3.210166e-03  27.5%
Combinational        1.797964e-03 4.151980e-03 4.695255e-08 5.949991e-03  51.0%
Clock                1.146092e-03 1.354227e-03 3.793680e-09 2.500323e-03  21.4%
Macro                0.000000e+00 0.000000e+00 0.000000e+00 0.000000e+00   0.0%
Pad                  0.000000e+00 0.000000e+00 0.000000e+00 0.000000e+00   0.0%
------------------------------------------------------------------------
Total                5.688945e-03 5.971465e-03 6.372065e-08 1.166047e-02 100.0%
                            48.8%        51.2%         0.0%

