
===========================================================================
 report_power
============================================================================
======================= min_ss_100C_1v60 Corner ===================================

Group                    Internal    Switching      Leakage        Total
                            Power        Power        Power        Power (Watts)
------------------------------------------------------------------------
Sequential           2.132579e-03 3.392508e-04 2.204008e-05 2.493870e-03  27.6%
Combinational        1.434300e-03 3.108050e-03 5.177105e-05 4.594121e-03  50.9%
Clock                9.396421e-04 9.993791e-04 4.010720e-06 1.943032e-03  21.5%
Macro                0.000000e+00 0.000000e+00 0.000000e+00 0.000000e+00   0.0%
Pad                  0.000000e+00 0.000000e+00 0.000000e+00 0.000000e+00   0.0%
------------------------------------------------------------------------
Total                4.506522e-03 4.446679e-03 7.781920e-05 9.031021e-03 100.0%
                            49.9%        49.2%         0.9%

