Clock: clk
Sources: clk 
Generated: no
Virtual: yes
Propagated: no
Period: 25.000000

===========================================================================
report_clock_properties
============================================================================
Clock                   Period          Waveform
----------------------------------------------------
clk                  25.000000    0.000000 12.500000

===========================================================================
report_clock_latency
============================================================================
Clock clk
rise -> rise
    min     max
4.650000 5.570000 source latency
5.752404         network latency _146_/CLK
        6.752934 network latency _134_/CLK
---------------
10.402405 12.322934 latency
        1.920530 skew

fall -> fall
    min     max
4.650000 5.570000 source latency
5.789689         network latency _146_/CLK
        6.787206 network latency _134_/CLK
---------------
10.439689 12.357205 latency
        1.917517 skew



===========================================================================
report_clock_min_period
============================================================================
clk period_min = 0.00 fmax = inf
