
===========================================================================
 report_power
============================================================================
======================= min_tt_025C_1v80 Corner ===================================

Group                    Internal    Switching      Leakage        Total
                            Power        Power        Power        Power (Watts)
------------------------------------------------------------------------
Sequential           5.340683e-05 1.081431e-06 3.970514e-10 5.448865e-05  12.3%
Combinational        5.250541e-05 2.134248e-04 2.905417e-09 2.659331e-04  60.1%
Clock                4.689948e-05 7.544780e-05 5.180190e-10 1.223478e-04  27.6%
Macro                0.000000e+00 0.000000e+00 0.000000e+00 0.000000e+00   0.0%
Pad                  0.000000e+00 0.000000e+00 0.000000e+00 0.000000e+00   0.0%
------------------------------------------------------------------------
Total                1.528117e-04 2.899539e-04 3.820478e-09 4.427694e-04 100.0%
                            34.5%        65.5%         0.0%

