
===========================================================================
 report_power
============================================================================
======================= max_ss_100C_1v60 Corner ===================================

Group                    Internal    Switching      Leakage        Total
                            Power        Power        Power        Power (Watts)
------------------------------------------------------------------------
Sequential           6.771017e-12 1.123368e-11 2.203139e-05 2.203141e-05  37.1%
Combinational        2.896522e-11 6.826215e-11 3.741322e-05 3.741332e-05  62.9%
Clock                -3.651257e-15 0.000000e+00 8.690125e-09 8.690122e-09   0.0%
Macro                0.000000e+00 0.000000e+00 0.000000e+00 0.000000e+00   0.0%
Pad                  0.000000e+00 0.000000e+00 0.000000e+00 0.000000e+00   0.0%
------------------------------------------------------------------------
Total                3.573235e-11 7.949588e-11 5.945133e-05 5.945145e-05 100.0%
                             0.0%         0.0%       100.0%

