
===========================================================================
 report_power
============================================================================
======================= max_ss_100C_1v60 Corner ===================================

Group                    Internal    Switching      Leakage        Total
                            Power        Power        Power        Power (Watts)
------------------------------------------------------------------------
Sequential           2.132218e-03 3.912186e-04 2.204008e-05 2.545476e-03  26.8%
Combinational        1.432697e-03 3.434661e-03 5.177105e-05 4.919129e-03  51.8%
Clock                9.374684e-04 1.093321e-03 4.010720e-06 2.034801e-03  21.4%
Macro                0.000000e+00 0.000000e+00 0.000000e+00 0.000000e+00   0.0%
Pad                  0.000000e+00 0.000000e+00 0.000000e+00 0.000000e+00   0.0%
------------------------------------------------------------------------
Total                4.502377e-03 4.919203e-03 7.781920e-05 9.499399e-03 100.0%
                            47.4%        51.8%         0.8%

