Clock: clk
Sources: clk 
Generated: no
Virtual: yes
Propagated: no
Period: 25.000000

===========================================================================
report_clock_properties
============================================================================
Clock                   Period          Waveform
----------------------------------------------------
clk                  25.000000    0.000000 12.500000

===========================================================================
report_clock_latency
============================================================================
Clock clk
rise -> rise
    min     max
4.650000 5.570000 source latency
5.190012         network latency _13182_/CLK
        6.330716 network latency _13399_/CLK
---------------
9.840012 11.900717 latency
        2.060704 skew

fall -> fall
    min     max
4.650000 5.570000 source latency
5.314968         network latency _13182_/CLK
        6.427028 network latency _13399_/CLK
---------------
9.964968 11.997027 latency
        2.032060 skew



===========================================================================
report_clock_min_period
============================================================================
clk period_min = 6.88 fmax = 145.25
