
===========================================================================
 report_power
============================================================================
======================= nom_ff_n40C_1v95 Corner ===================================

Group                    Internal    Switching      Leakage        Total
                            Power        Power        Power        Power (Watts)
------------------------------------------------------------------------
Sequential           4.053849e-03 2.091051e-04 3.242564e-08 4.262987e-03  42.7%
Combinational        7.617371e-04 1.127304e-03 1.336267e-07 1.889175e-03  18.9%
Clock                1.893601e-03 1.932955e-03 1.745485e-08 3.826574e-03  38.3%
Macro                0.000000e+00 0.000000e+00 0.000000e+00 0.000000e+00   0.0%
Pad                  0.000000e+00 0.000000e+00 0.000000e+00 0.000000e+00   0.0%
------------------------------------------------------------------------
Total                6.709187e-03 3.269366e-03 1.835177e-07 9.978736e-03 100.0%
                            67.2%        32.8%         0.0%

