
===========================================================================
report_checks -unconstrained
===========================================================================
======================= max_ff_n40C_1v95 Corner ===================================

Startpoint: _10661_ (rising edge-triggered flip-flop clocked by clk)
Endpoint: _10721_ (rising edge-triggered flip-flop clocked by clk)
Path Group: clk
Path Type: max

Fanout         Cap        Slew       Delay        Time   Description
---------------------------------------------------------------------------------------------
                                  0.000000    0.000000   clock clk (rise edge)
                                  5.570000    5.570000   clock source latency
     2    0.102454    0.610000    0.000000    5.570000 ^ clk (in)
                                                         clk (net)
                      0.621920    0.005960    5.575960 ^ clkbuf_0_clk/A (sky130_fd_sc_hd__clkbuf_16)
    33    0.407263    0.324285    0.313289    5.889249 ^ clkbuf_0_clk/X (sky130_fd_sc_hd__clkbuf_16)
                                                         clknet_0_clk (net)
                      0.338736    0.053598    5.942847 ^ clkbuf_4_12_0_clk/A (sky130_fd_sc_hd__clkbuf_8)
    25    0.186474    0.245874    0.276512    6.219359 ^ clkbuf_4_12_0_clk/X (sky130_fd_sc_hd__clkbuf_8)
                                                         clknet_4_12_0_clk (net)
                      0.248175    0.019187    6.238546 ^ clkbuf_leaf_127_clk/A (sky130_fd_sc_hd__clkbuf_8)
    10    0.037056    0.061316    0.146950    6.385496 ^ clkbuf_leaf_127_clk/X (sky130_fd_sc_hd__clkbuf_8)
                                                         clknet_leaf_127_clk (net)
                      0.061364    0.001519    6.387015 ^ _10661_/CLK (sky130_fd_sc_hd__dfxtp_1)
     1    0.002159    0.025973    0.189674    6.576689 ^ _10661_/Q (sky130_fd_sc_hd__dfxtp_1)
                                                         count_cycle[0] (net)
                      0.025973    0.000153    6.576842 ^ hold1299/A (sky130_fd_sc_hd__dlygate4sd3_1)
     7    0.026938    0.207977    0.495304    7.072146 ^ hold1299/X (sky130_fd_sc_hd__dlygate4sd3_1)
                                                         net2034 (net)
                      0.207997    0.002149    7.074295 ^ _08366_/A (sky130_fd_sc_hd__and4_1)
     6    0.019815    0.148737    0.211494    7.285789 ^ _08366_/X (sky130_fd_sc_hd__and4_1)
                                                         _04121_ (net)
                      0.148752    0.001560    7.287349 ^ _08374_/D (sky130_fd_sc_hd__and4_1)
     6    0.023514    0.173048    0.225015    7.512363 ^ _08374_/X (sky130_fd_sc_hd__and4_1)
                                                         _04126_ (net)
                      0.173145    0.002242    7.514605 ^ _08382_/D (sky130_fd_sc_hd__and4_1)
     6    0.024056    0.176902    0.229999    7.744604 ^ _08382_/X (sky130_fd_sc_hd__and4_1)
                                                         _04131_ (net)
                      0.176911    0.001455    7.746059 ^ _08390_/D (sky130_fd_sc_hd__and4_1)
     6    0.023080    0.170108    0.225319    7.971378 ^ _08390_/X (sky130_fd_sc_hd__and4_1)
                                                         _04136_ (net)
                      0.170196    0.002039    7.973418 ^ _08398_/D (sky130_fd_sc_hd__and4_1)
     6    0.024454    0.179574    0.231273    8.204691 ^ _08398_/X (sky130_fd_sc_hd__and4_1)
                                                         _04141_ (net)
                      0.179678    0.002432    8.207122 ^ _08406_/D (sky130_fd_sc_hd__and4_1)
     6    0.024422    0.179241    0.232300    8.439422 ^ _08406_/X (sky130_fd_sc_hd__and4_1)
                                                         _04146_ (net)
                      0.179251    0.001463    8.440885 ^ _08414_/D (sky130_fd_sc_hd__and4_1)
     6    0.026119    0.190873    0.240291    8.681176 ^ _08414_/X (sky130_fd_sc_hd__and4_1)
                                                         _04151_ (net)
                      0.190955    0.001739    8.682915 ^ _08422_/D (sky130_fd_sc_hd__and4_1)
     6    0.029118    0.210419    0.255516    8.938431 ^ _08422_/X (sky130_fd_sc_hd__and4_1)
                                                         _04156_ (net)
                      0.210483    0.003048    8.941479 ^ _08430_/D (sky130_fd_sc_hd__and4_1)
     6    0.026335    0.192379    0.244313    9.185792 ^ _08430_/X (sky130_fd_sc_hd__and4_1)
                                                         _04161_ (net)
                      0.192386    0.001417    9.187208 ^ _08438_/D (sky130_fd_sc_hd__and4_1)
     6    0.022913    0.169057    0.225832    9.413040 ^ _08438_/X (sky130_fd_sc_hd__and4_1)
                                                         _04166_ (net)
                      0.169152    0.002184    9.415224 ^ _08446_/D (sky130_fd_sc_hd__and4_1)
     6    0.024364    0.178668    0.230946    9.646171 ^ _08446_/X (sky130_fd_sc_hd__and4_1)
                                                         _04171_ (net)
                      0.178757    0.002037    9.648207 ^ _08454_/D (sky130_fd_sc_hd__and4_1)
     6    0.027188    0.198093    0.244722    9.892929 ^ _08454_/X (sky130_fd_sc_hd__and4_1)
                                                         _04176_ (net)
                      0.198187    0.003594    9.896523 ^ _08462_/D (sky130_fd_sc_hd__and4_1)
     6    0.019289    0.144754    0.209267   10.105790 ^ _08462_/X (sky130_fd_sc_hd__and4_1)
                                                         _04181_ (net)
                      0.144757    0.000810   10.106601 ^ _08470_/D (sky130_fd_sc_hd__and4_1)
     6    0.021695    0.160852    0.216223   10.322824 ^ _08470_/X (sky130_fd_sc_hd__and4_1)
                                                         _04186_ (net)
                      0.160858    0.001132   10.323956 ^ _08478_/D (sky130_fd_sc_hd__and4_1)
     6    0.021118    0.157185    0.214721   10.538677 ^ _08478_/X (sky130_fd_sc_hd__and4_1)
                                                         _04191_ (net)
                      0.157193    0.001289   10.539966 ^ _08486_/D (sky130_fd_sc_hd__and4_1)
     5    0.015049    0.116209    0.184920   10.724885 ^ _08486_/X (sky130_fd_sc_hd__and4_1)
                                                         _04196_ (net)
                      0.116225    0.001412   10.726297 ^ _08495_/D (sky130_fd_sc_hd__and4_1)
     6    0.019579    0.146122    0.203022   10.929320 ^ _08495_/X (sky130_fd_sc_hd__and4_1)
                                                         _04202_ (net)
                      0.146198    0.001688   10.931008 ^ _08503_/D (sky130_fd_sc_hd__and4_1)
     6    0.020211    0.150522    0.208908   11.139916 ^ _08503_/X (sky130_fd_sc_hd__and4_1)
                                                         _04207_ (net)
                      0.150605    0.001882   11.141799 ^ _08515_/C (sky130_fd_sc_hd__and4_1)
     4    0.018064    0.135811    0.199155   11.340954 ^ _08515_/X (sky130_fd_sc_hd__and4_1)
                                                         _04215_ (net)
                      0.135895    0.001834   11.342789 ^ _08518_/B (sky130_fd_sc_hd__and2_1)
     2    0.007960    0.067686    0.115924   11.458713 ^ _08518_/X (sky130_fd_sc_hd__and2_1)
                                                         _04217_ (net)
                      0.067688    0.000476   11.459188 ^ _08522_/A2 (sky130_fd_sc_hd__o21ai_1)
     1    0.004323    0.048335    0.042136   11.501325 v _08522_/Y (sky130_fd_sc_hd__o21ai_1)
                                                         _04220_ (net)
                      0.048339    0.000353   11.501678 v hold1432/A (sky130_fd_sc_hd__dlygate4sd3_1)
     1    0.002490    0.036987    0.364616   11.866293 v hold1432/X (sky130_fd_sc_hd__dlygate4sd3_1)
                                                         net2167 (net)
                      0.036987    0.000115   11.866408 v _08523_/B (sky130_fd_sc_hd__nor2_1)
     1    0.002811    0.055932    0.057088   11.923496 ^ _08523_/Y (sky130_fd_sc_hd__nor2_1)
                                                         _00767_ (net)
                      0.055932    0.000178   11.923674 ^ hold1433/A (sky130_fd_sc_hd__dlygate4sd3_1)
     1    0.002657    0.036405    0.375019   12.298693 ^ hold1433/X (sky130_fd_sc_hd__dlygate4sd3_1)
                                                         net2168 (net)
                      0.036405    0.000171   12.298863 ^ _10721_/D (sky130_fd_sc_hd__dfxtp_1)
                                             12.298863   data arrival time

                                 25.000000   25.000000   clock clk (rise edge)
                                  4.650000   29.650000   clock source latency
     2    0.102454    0.610000    0.000000   29.650000 ^ clk (in)
                                                         clk (net)
                      0.621920    0.005960   29.655958 ^ clkbuf_0_clk/A (sky130_fd_sc_hd__clkbuf_16)
    33    0.407263    0.324285    0.313289   29.969248 ^ clkbuf_0_clk/X (sky130_fd_sc_hd__clkbuf_16)
                                                         clknet_0_clk (net)
                      0.333230    0.042835   30.012083 ^ clkbuf_4_11_0_clk/A (sky130_fd_sc_hd__clkbuf_8)
    29    0.152842    0.203171    0.251255   30.263338 ^ clkbuf_4_11_0_clk/X (sky130_fd_sc_hd__clkbuf_8)
                                                         clknet_4_11_0_clk (net)
                      0.203484    0.006615   30.269953 ^ clkbuf_leaf_150_clk/A (sky130_fd_sc_hd__clkbuf_8)
    11    0.035578    0.058633    0.138517   30.408470 ^ clkbuf_leaf_150_clk/X (sky130_fd_sc_hd__clkbuf_8)
                                                         clknet_leaf_150_clk (net)
                      0.058825    0.002281   30.410749 ^ _10721_/CLK (sky130_fd_sc_hd__dfxtp_1)
                                 -0.250000   30.160749   clock uncertainty
                                  0.920000   31.080750   clock reconvergence pessimism
                                 -0.028591   31.052156   library setup time
                                             31.052156   data required time
---------------------------------------------------------------------------------------------
                                             31.052156   data required time
                                            -12.298863   data arrival time
---------------------------------------------------------------------------------------------
                                             18.753294   slack (MET)




===========================================================================
report_checks --slack_max -0.01
============================================================================
======================= max_ff_n40C_1v95 Corner ===================================

No paths found.


===========================================================================
 report_check_types -max_slew -max_cap -max_fanout -violators
============================================================================
======================= max_ff_n40C_1v95 Corner ===================================

max fanout

Pin                                   Limit Fanout  Slack
---------------------------------------------------------
fanout286/X                              16     34    -18 (VIOLATED)
fanout309/X                              16     34    -18 (VIOLATED)
fanout319/X                              16     34    -18 (VIOLATED)
_06351_/Y                                16     33    -17 (VIOLATED)
clkbuf_0_clk/X                           16     33    -17 (VIOLATED)
clkbuf_4_0_0_clk/X                       16     33    -17 (VIOLATED)
clkbuf_4_13_0_clk/X                      16     33    -17 (VIOLATED)
clkbuf_4_5_0_clk/X                       16     33    -17 (VIOLATED)
fanout237/X                              16     33    -17 (VIOLATED)
fanout238/X                              16     33    -17 (VIOLATED)
fanout244/X                              16     33    -17 (VIOLATED)
fanout246/X                              16     33    -17 (VIOLATED)
fanout247/X                              16     33    -17 (VIOLATED)
fanout248/X                              16     33    -17 (VIOLATED)
fanout249/X                              16     33    -17 (VIOLATED)
fanout250/X                              16     33    -17 (VIOLATED)
fanout252/X                              16     33    -17 (VIOLATED)
fanout253/X                              16     33    -17 (VIOLATED)
fanout268/X                              16     33    -17 (VIOLATED)
fanout270/X                              16     33    -17 (VIOLATED)
fanout273/X                              16     33    -17 (VIOLATED)
fanout274/X                              16     33    -17 (VIOLATED)
fanout275/X                              16     33    -17 (VIOLATED)
fanout279/X                              16     33    -17 (VIOLATED)
fanout281/X                              16     33    -17 (VIOLATED)
fanout282/X                              16     33    -17 (VIOLATED)
fanout284/X                              16     33    -17 (VIOLATED)
fanout285/X                              16     33    -17 (VIOLATED)
fanout287/X                              16     33    -17 (VIOLATED)
fanout288/X                              16     33    -17 (VIOLATED)
fanout289/X                              16     33    -17 (VIOLATED)
fanout290/X                              16     33    -17 (VIOLATED)
fanout291/X                              16     33    -17 (VIOLATED)
fanout292/X                              16     33    -17 (VIOLATED)
fanout293/X                              16     33    -17 (VIOLATED)
fanout294/X                              16     33    -17 (VIOLATED)
fanout295/X                              16     33    -17 (VIOLATED)
fanout296/X                              16     33    -17 (VIOLATED)
fanout297/X                              16     33    -17 (VIOLATED)
fanout298/X                              16     33    -17 (VIOLATED)
fanout299/X                              16     33    -17 (VIOLATED)
fanout300/X                              16     33    -17 (VIOLATED)
fanout301/X                              16     33    -17 (VIOLATED)
fanout302/X                              16     33    -17 (VIOLATED)
fanout303/X                              16     33    -17 (VIOLATED)
fanout304/X                              16     33    -17 (VIOLATED)
fanout305/X                              16     33    -17 (VIOLATED)
fanout306/X                              16     33    -17 (VIOLATED)
fanout307/X                              16     33    -17 (VIOLATED)
fanout308/X                              16     33    -17 (VIOLATED)
fanout310/X                              16     33    -17 (VIOLATED)
fanout311/X                              16     33    -17 (VIOLATED)
fanout312/X                              16     33    -17 (VIOLATED)
fanout313/X                              16     33    -17 (VIOLATED)
fanout314/X                              16     33    -17 (VIOLATED)
fanout315/X                              16     33    -17 (VIOLATED)
fanout316/X                              16     33    -17 (VIOLATED)
fanout317/X                              16     33    -17 (VIOLATED)
fanout318/X                              16     33    -17 (VIOLATED)
fanout320/X                              16     33    -17 (VIOLATED)
fanout321/X                              16     33    -17 (VIOLATED)
fanout322/X                              16     33    -17 (VIOLATED)
fanout323/X                              16     33    -17 (VIOLATED)
fanout324/X                              16     33    -17 (VIOLATED)
fanout325/X                              16     33    -17 (VIOLATED)
fanout326/X                              16     33    -17 (VIOLATED)
fanout327/X                              16     33    -17 (VIOLATED)
fanout328/X                              16     33    -17 (VIOLATED)
fanout329/X                              16     33    -17 (VIOLATED)
fanout330/X                              16     33    -17 (VIOLATED)
fanout331/X                              16     33    -17 (VIOLATED)
fanout332/X                              16     33    -17 (VIOLATED)
fanout333/X                              16     33    -17 (VIOLATED)
fanout334/X                              16     33    -17 (VIOLATED)
fanout335/X                              16     33    -17 (VIOLATED)
fanout336/X                              16     33    -17 (VIOLATED)
fanout337/X                              16     33    -17 (VIOLATED)
fanout338/X                              16     33    -17 (VIOLATED)
fanout339/X                              16     33    -17 (VIOLATED)
fanout340/X                              16     33    -17 (VIOLATED)
fanout341/X                              16     33    -17 (VIOLATED)
fanout342/X                              16     33    -17 (VIOLATED)
fanout343/X                              16     33    -17 (VIOLATED)
fanout344/X                              16     33    -17 (VIOLATED)
fanout348/X                              16     33    -17 (VIOLATED)
fanout349/X                              16     33    -17 (VIOLATED)
fanout350/X                              16     33    -17 (VIOLATED)
fanout351/X                              16     33    -17 (VIOLATED)
fanout352/X                              16     33    -17 (VIOLATED)
fanout354/X                              16     33    -17 (VIOLATED)
fanout355/X                              16     33    -17 (VIOLATED)
fanout361/X                              16     33    -17 (VIOLATED)
fanout363/X                              16     33    -17 (VIOLATED)
fanout364/X                              16     33    -17 (VIOLATED)
fanout366/X                              16     33    -17 (VIOLATED)
fanout367/X                              16     33    -17 (VIOLATED)
fanout369/X                              16     33    -17 (VIOLATED)
fanout370/X                              16     33    -17 (VIOLATED)
fanout374/X                              16     33    -17 (VIOLATED)
fanout377/X                              16     33    -17 (VIOLATED)
fanout378/X                              16     33    -17 (VIOLATED)
fanout379/X                              16     33    -17 (VIOLATED)
fanout380/X                              16     33    -17 (VIOLATED)
fanout381/X                              16     33    -17 (VIOLATED)
fanout382/X                              16     33    -17 (VIOLATED)
fanout387/X                              16     33    -17 (VIOLATED)
fanout389/X                              16     33    -17 (VIOLATED)
fanout390/X                              16     33    -17 (VIOLATED)
fanout392/X                              16     33    -17 (VIOLATED)
fanout393/X                              16     33    -17 (VIOLATED)
fanout396/X                              16     33    -17 (VIOLATED)
fanout398/X                              16     33    -17 (VIOLATED)
fanout399/X                              16     33    -17 (VIOLATED)
fanout401/X                              16     33    -17 (VIOLATED)
fanout402/X                              16     33    -17 (VIOLATED)
fanout404/X                              16     33    -17 (VIOLATED)
fanout406/X                              16     33    -17 (VIOLATED)
fanout407/X                              16     33    -17 (VIOLATED)
fanout408/X                              16     33    -17 (VIOLATED)
fanout409/X                              16     33    -17 (VIOLATED)
fanout410/X                              16     33    -17 (VIOLATED)
fanout411/X                              16     33    -17 (VIOLATED)
fanout412/X                              16     33    -17 (VIOLATED)
fanout413/X                              16     33    -17 (VIOLATED)
fanout415/X                              16     33    -17 (VIOLATED)
fanout417/X                              16     33    -17 (VIOLATED)
fanout419/X                              16     33    -17 (VIOLATED)
fanout420/X                              16     33    -17 (VIOLATED)
fanout424/X                              16     33    -17 (VIOLATED)
fanout426/X                              16     33    -17 (VIOLATED)
fanout427/X                              16     33    -17 (VIOLATED)
fanout428/X                              16     33    -17 (VIOLATED)
fanout429/X                              16     33    -17 (VIOLATED)
fanout430/X                              16     33    -17 (VIOLATED)
fanout431/X                              16     33    -17 (VIOLATED)
fanout433/X                              16     33    -17 (VIOLATED)
fanout437/X                              16     33    -17 (VIOLATED)
fanout438/X                              16     33    -17 (VIOLATED)
fanout439/X                              16     33    -17 (VIOLATED)
fanout440/X                              16     33    -17 (VIOLATED)
fanout441/X                              16     33    -17 (VIOLATED)
fanout442/X                              16     33    -17 (VIOLATED)
fanout443/X                              16     33    -17 (VIOLATED)
fanout444/X                              16     33    -17 (VIOLATED)
fanout446/X                              16     33    -17 (VIOLATED)
fanout448/X                              16     33    -17 (VIOLATED)
fanout449/X                              16     33    -17 (VIOLATED)
fanout450/X                              16     33    -17 (VIOLATED)
fanout451/X                              16     33    -17 (VIOLATED)
fanout453/X                              16     33    -17 (VIOLATED)
fanout455/X                              16     33    -17 (VIOLATED)
fanout457/X                              16     33    -17 (VIOLATED)
fanout458/X                              16     33    -17 (VIOLATED)
fanout461/X                              16     33    -17 (VIOLATED)
fanout462/X                              16     33    -17 (VIOLATED)
fanout464/X                              16     33    -17 (VIOLATED)
fanout466/X                              16     33    -17 (VIOLATED)
fanout467/X                              16     33    -17 (VIOLATED)
fanout470/X                              16     33    -17 (VIOLATED)
fanout473/X                              16     33    -17 (VIOLATED)
fanout475/X                              16     33    -17 (VIOLATED)
fanout476/X                              16     33    -17 (VIOLATED)
fanout477/X                              16     33    -17 (VIOLATED)
fanout478/X                              16     33    -17 (VIOLATED)
fanout479/X                              16     33    -17 (VIOLATED)
fanout480/X                              16     33    -17 (VIOLATED)
fanout482/X                              16     33    -17 (VIOLATED)
fanout483/X                              16     33    -17 (VIOLATED)
fanout486/X                              16     33    -17 (VIOLATED)
fanout487/X                              16     33    -17 (VIOLATED)
fanout488/X                              16     33    -17 (VIOLATED)
fanout489/X                              16     33    -17 (VIOLATED)
fanout492/X                              16     33    -17 (VIOLATED)
fanout494/X                              16     33    -17 (VIOLATED)
fanout495/X                              16     33    -17 (VIOLATED)
fanout497/X                              16     33    -17 (VIOLATED)
fanout498/X                              16     33    -17 (VIOLATED)
fanout499/X                              16     33    -17 (VIOLATED)
fanout502/X                              16     33    -17 (VIOLATED)
fanout504/X                              16     33    -17 (VIOLATED)
fanout506/X                              16     33    -17 (VIOLATED)
fanout508/X                              16     33    -17 (VIOLATED)
fanout510/X                              16     33    -17 (VIOLATED)
fanout512/X                              16     33    -17 (VIOLATED)
fanout514/X                              16     33    -17 (VIOLATED)
fanout515/X                              16     33    -17 (VIOLATED)
fanout516/X                              16     33    -17 (VIOLATED)
fanout517/X                              16     33    -17 (VIOLATED)
fanout520/X                              16     33    -17 (VIOLATED)
fanout523/X                              16     33    -17 (VIOLATED)
fanout525/X                              16     33    -17 (VIOLATED)
fanout527/X                              16     33    -17 (VIOLATED)
fanout529/X                              16     33    -17 (VIOLATED)
fanout531/X                              16     33    -17 (VIOLATED)
fanout532/X                              16     33    -17 (VIOLATED)
fanout533/X                              16     33    -17 (VIOLATED)
fanout534/X                              16     33    -17 (VIOLATED)
fanout535/X                              16     33    -17 (VIOLATED)
fanout536/X                              16     33    -17 (VIOLATED)
fanout537/X                              16     33    -17 (VIOLATED)
fanout538/X                              16     33    -17 (VIOLATED)
fanout542/X                              16     33    -17 (VIOLATED)
fanout544/X                              16     33    -17 (VIOLATED)
fanout545/X                              16     33    -17 (VIOLATED)
fanout546/X                              16     33    -17 (VIOLATED)
fanout547/X                              16     33    -17 (VIOLATED)
fanout548/X                              16     33    -17 (VIOLATED)
fanout549/X                              16     33    -17 (VIOLATED)
fanout550/X                              16     33    -17 (VIOLATED)
fanout552/X                              16     33    -17 (VIOLATED)
fanout553/X                              16     33    -17 (VIOLATED)
fanout555/X                              16     33    -17 (VIOLATED)
fanout557/X                              16     33    -17 (VIOLATED)
fanout558/X                              16     33    -17 (VIOLATED)
fanout559/X                              16     33    -17 (VIOLATED)
fanout561/X                              16     33    -17 (VIOLATED)
fanout562/X                              16     33    -17 (VIOLATED)
fanout563/X                              16     33    -17 (VIOLATED)
fanout566/X                              16     33    -17 (VIOLATED)
fanout568/X                              16     33    -17 (VIOLATED)
fanout569/X                              16     33    -17 (VIOLATED)
fanout571/X                              16     33    -17 (VIOLATED)
fanout573/X                              16     33    -17 (VIOLATED)
fanout576/X                              16     33    -17 (VIOLATED)
fanout578/X                              16     33    -17 (VIOLATED)
fanout580/X                              16     33    -17 (VIOLATED)
fanout582/X                              16     33    -17 (VIOLATED)
fanout584/X                              16     33    -17 (VIOLATED)
fanout586/X                              16     33    -17 (VIOLATED)
fanout588/X                              16     33    -17 (VIOLATED)
fanout590/X                              16     33    -17 (VIOLATED)
fanout592/X                              16     33    -17 (VIOLATED)
fanout594/X                              16     33    -17 (VIOLATED)
fanout597/X                              16     33    -17 (VIOLATED)
fanout599/X                              16     33    -17 (VIOLATED)
fanout601/X                              16     33    -17 (VIOLATED)
fanout603/X                              16     33    -17 (VIOLATED)
fanout605/X                              16     33    -17 (VIOLATED)
fanout607/X                              16     33    -17 (VIOLATED)
fanout609/X                              16     33    -17 (VIOLATED)
fanout611/X                              16     33    -17 (VIOLATED)
fanout613/X                              16     33    -17 (VIOLATED)
fanout615/X                              16     33    -17 (VIOLATED)
fanout618/X                              16     33    -17 (VIOLATED)
fanout621/X                              16     33    -17 (VIOLATED)
fanout622/X                              16     33    -17 (VIOLATED)
fanout624/X                              16     33    -17 (VIOLATED)
fanout626/X                              16     33    -17 (VIOLATED)
fanout627/X                              16     33    -17 (VIOLATED)
_11420_/Q                                16     31    -15 (VIOLATED)
clkbuf_4_10_0_clk/X                      16     31    -15 (VIOLATED)
clkbuf_4_1_0_clk/X                       16     31    -15 (VIOLATED)
clkbuf_4_7_0_clk/X                       16     31    -15 (VIOLATED)
fanout239/X                              16     31    -15 (VIOLATED)
fanout368/X                              16     31    -15 (VIOLATED)
fanout375/X                              16     31    -15 (VIOLATED)
fanout511/X                              16     31    -15 (VIOLATED)
_05068_/Y                                16     29    -13 (VIOLATED)
_05720_/X                                16     29    -13 (VIOLATED)
clkbuf_4_11_0_clk/X                      16     29    -13 (VIOLATED)
clkbuf_4_4_0_clk/X                       16     29    -13 (VIOLATED)
clkbuf_4_8_0_clk/X                       16     29    -13 (VIOLATED)
clkbuf_4_9_0_clk/X                       16     29    -13 (VIOLATED)
fanout397/X                              16     29    -13 (VIOLATED)
fanout463/X                              16     29    -13 (VIOLATED)
fanout465/X                              16     29    -13 (VIOLATED)
fanout513/X                              16     29    -13 (VIOLATED)
fanout539/X                              16     29    -13 (VIOLATED)
fanout585/X                              16     29    -13 (VIOLATED)
fanout606/X                              16     29    -13 (VIOLATED)
clkbuf_4_14_0_clk/X                      16     27    -11 (VIOLATED)
clkbuf_4_2_0_clk/X                       16     27    -11 (VIOLATED)
clkbuf_4_6_0_clk/X                       16     27    -11 (VIOLATED)
fanout395/X                              16     27    -11 (VIOLATED)
fanout425/X                              16     27    -11 (VIOLATED)
fanout454/X                              16     27    -11 (VIOLATED)
fanout500/X                              16     27    -11 (VIOLATED)
fanout505/X                              16     27    -11 (VIOLATED)
fanout521/X                              16     27    -11 (VIOLATED)
fanout526/X                              16     27    -11 (VIOLATED)
fanout574/X                              16     27    -11 (VIOLATED)
fanout579/X                              16     27    -11 (VIOLATED)
fanout595/X                              16     27    -11 (VIOLATED)
fanout600/X                              16     27    -11 (VIOLATED)
fanout629/X                              16     27    -11 (VIOLATED)
clkbuf_4_12_0_clk/X                      16     25     -9 (VIOLATED)
fanout376/X                              16     25     -9 (VIOLATED)
fanout501/X                              16     25     -9 (VIOLATED)
fanout522/X                              16     25     -9 (VIOLATED)
fanout572/X                              16     25     -9 (VIOLATED)
fanout575/X                              16     25     -9 (VIOLATED)
fanout596/X                              16     25     -9 (VIOLATED)
fanout616/X                              16     25     -9 (VIOLATED)
_05072_/Y                                16     23     -7 (VIOLATED)
_05096_/Y                                16     23     -7 (VIOLATED)
_06012_/X                                16     23     -7 (VIOLATED)
_10793_/Q                                16     23     -7 (VIOLATED)
_10796_/Q                                16     23     -7 (VIOLATED)
clkbuf_4_15_0_clk/X                      16     23     -7 (VIOLATED)
clkbuf_4_3_0_clk/X                       16     23     -7 (VIOLATED)
fanout362/X                              16     23     -7 (VIOLATED)
fanout372/X                              16     23     -7 (VIOLATED)
fanout469/X                              16     23     -7 (VIOLATED)
fanout490/X                              16     23     -7 (VIOLATED)
fanout518/X                              16     23     -7 (VIOLATED)
fanout540/X                              16     23     -7 (VIOLATED)
fanout541/X                              16     23     -7 (VIOLATED)
fanout551/X                              16     23     -7 (VIOLATED)
_05005_/Y                                16     21     -5 (VIOLATED)
_05097_/X                                16     21     -5 (VIOLATED)
_10795_/Q                                16     21     -5 (VIOLATED)
_10799_/Q                                16     21     -5 (VIOLATED)
fanout373/X                              16     21     -5 (VIOLATED)
fanout405/X                              16     21     -5 (VIOLATED)
fanout418/X                              16     21     -5 (VIOLATED)
fanout452/X                              16     21     -5 (VIOLATED)
fanout456/X                              16     21     -5 (VIOLATED)
fanout496/X                              16     21     -5 (VIOLATED)
fanout519/X                              16     21     -5 (VIOLATED)
fanout564/X                              16     21     -5 (VIOLATED)
fanout565/X                              16     21     -5 (VIOLATED)
fanout589/X                              16     21     -5 (VIOLATED)
fanout610/X                              16     21     -5 (VIOLATED)
hold1578/X                               16     21     -5 (VIOLATED)
hold263/X                                16     21     -5 (VIOLATED)
_10797_/Q                                16     20     -4 (VIOLATED)
_10798_/Q                                16     20     -4 (VIOLATED)
fanout491/X                              16     20     -4 (VIOLATED)
_09410_/X                                16     19     -3 (VIOLATED)
_10026_/Q                                16     19     -3 (VIOLATED)
_10028_/Q                                16     19     -3 (VIOLATED)
_10032_/Q                                16     19     -3 (VIOLATED)
_10041_/Q                                16     19     -3 (VIOLATED)
_10045_/Q                                16     19     -3 (VIOLATED)
_10048_/Q                                16     19     -3 (VIOLATED)
_10794_/Q                                16     19     -3 (VIOLATED)
fanout385/X                              16     19     -3 (VIOLATED)
fanout416/X                              16     19     -3 (VIOLATED)
fanout432/X                              16     19     -3 (VIOLATED)
fanout445/X                              16     19     -3 (VIOLATED)
fanout447/X                              16     19     -3 (VIOLATED)
fanout460/X                              16     19     -3 (VIOLATED)
fanout468/X                              16     19     -3 (VIOLATED)
fanout471/X                              16     19     -3 (VIOLATED)
fanout481/X                              16     19     -3 (VIOLATED)
fanout493/X                              16     19     -3 (VIOLATED)
fanout560/X                              16     19     -3 (VIOLATED)
fanout570/X                              16     19     -3 (VIOLATED)
fanout587/X                              16     19     -3 (VIOLATED)
fanout608/X                              16     19     -3 (VIOLATED)
fanout617/X                              16     19     -3 (VIOLATED)
hold1192/X                               16     19     -3 (VIOLATED)
hold1492/X                               16     19     -3 (VIOLATED)
_04952_/Y                                16     17        (VIOLATED)
_05058_/X                                16     17        (VIOLATED)
_05718_/Y                                16     17        (VIOLATED)
_10025_/Q                                16     17        (VIOLATED)
_10029_/Q                                16     17        (VIOLATED)
_10030_/Q                                16     17        (VIOLATED)
_10033_/Q                                16     17        (VIOLATED)
_10034_/Q                                16     17        (VIOLATED)
_10037_/Q                                16     17        (VIOLATED)
_10039_/Q                                16     17        (VIOLATED)
_10800_/Q                                16     17        (VIOLATED)
clkbuf_leaf_82_clk/X                     16     17        (VIOLATED)
fanout353/X                              16     17        (VIOLATED)
fanout403/X                              16     17        (VIOLATED)
fanout459/X                              16     17        (VIOLATED)
fanout472/X                              16     17        (VIOLATED)
fanout474/X                              16     17        (VIOLATED)
fanout485/X                              16     17        (VIOLATED)
fanout507/X                              16     17        (VIOLATED)
fanout509/X                              16     17        (VIOLATED)
fanout528/X                              16     17        (VIOLATED)
fanout530/X                              16     17        (VIOLATED)
fanout554/X                              16     17        (VIOLATED)
fanout567/X                              16     17        (VIOLATED)
fanout581/X                              16     17        (VIOLATED)
fanout583/X                              16     17        (VIOLATED)
fanout593/X                              16     17        (VIOLATED)
fanout602/X                              16     17        (VIOLATED)
fanout604/X                              16     17        (VIOLATED)
fanout614/X                              16     17        (VIOLATED)
fanout619/X                              16     17        (VIOLATED)
hold1817/X                               16     17        (VIOLATED)
hold2102/X                               16     17        (VIOLATED)



===========================================================================
report_parasitic_annotation -report_unannotated
============================================================================
Found 377 unannotated drivers.
 irq[0]
 irq[10]
 irq[11]
 irq[12]
 irq[13]
 irq[14]
 irq[15]
 irq[16]
 irq[17]
 irq[18]
 irq[19]
 irq[1]
 irq[20]
 irq[21]
 irq[22]
 irq[23]
 irq[24]
 irq[25]
 irq[26]
 irq[27]
 irq[28]
 irq[29]
 irq[2]
 irq[30]
 irq[31]
 irq[3]
 irq[4]
 irq[5]
 irq[6]
 irq[7]
 irq[8]
 irq[9]
 pcpi_rd[0]
 pcpi_rd[10]
 pcpi_rd[11]
 pcpi_rd[12]
 pcpi_rd[13]
 pcpi_rd[14]
 pcpi_rd[15]
 pcpi_rd[16]
 pcpi_rd[17]
 pcpi_rd[18]
 pcpi_rd[19]
 pcpi_rd[1]
 pcpi_rd[20]
 pcpi_rd[21]
 pcpi_rd[22]
 pcpi_rd[23]
 pcpi_rd[24]
 pcpi_rd[25]
 pcpi_rd[26]
 pcpi_rd[27]
 pcpi_rd[28]
 pcpi_rd[29]
 pcpi_rd[2]
 pcpi_rd[30]
 pcpi_rd[31]
 pcpi_rd[3]
 pcpi_rd[4]
 pcpi_rd[5]
 pcpi_rd[6]
 pcpi_rd[7]
 pcpi_rd[8]
 pcpi_rd[9]
 pcpi_ready
 pcpi_wait
 pcpi_wr
 clkload0/X
 clkload1/Y
 clkload10/Y
 clkload100/X
 clkload101/Y
 clkload102/Y
 clkload103/Y
 clkload104/Y
 clkload105/Y
 clkload106/Y
 clkload107/X
 clkload108/Y
 clkload109/Y
 clkload11/Y
 clkload110/Y
 clkload111/Y
 clkload112/Y
 clkload113/Y
 clkload114/Y
 clkload115/Y
 clkload116/Y
 clkload117/Y
 clkload118/Y
 clkload119/Y
 clkload12/Y
 clkload120/Y
 clkload121/Y
 clkload122/Y
 clkload123/Y
 clkload124/Y
 clkload125/Y
 clkload126/Y
 clkload127/Y
 clkload128/Y
 clkload129/Y
 clkload13/Y
 clkload130/Y
 clkload131/Y
 clkload132/Y
 clkload133/Y
 clkload134/Y
 clkload135/Y
 clkload136/Y
 clkload137/Y
 clkload138/Y
 clkload139/Y
 clkload14/Y
 clkload140/Y
 clkload141/Y
 clkload142/Y
 clkload143/Y
 clkload144/Y
 clkload145/Y
 clkload146/Y
 clkload147/Y
 clkload148/Y
 clkload149/X
 clkload15/X
 clkload150/X
 clkload151/X
 clkload152/X
 clkload153/Y
 clkload154/Y
 clkload155/Y
 clkload156/Y
 clkload157/X
 clkload158/Y
 clkload159/Y
 clkload16/Y
 clkload160/Y
 clkload161/Y
 clkload162/Y
 clkload163/Y
 clkload164/X
 clkload165/Y
 clkload166/Y
 clkload167/Y
 clkload168/Y
 clkload169/Y
 clkload17/Y
 clkload170/Y
 clkload171/X
 clkload172/Y
 clkload173/Y
 clkload174/Y
 clkload175/Y
 clkload176/Y
 clkload177/Y
 clkload178/Y
 clkload179/Y
 clkload18/X
 clkload180/Y
 clkload181/Y
 clkload182/Y
 clkload183/Y
 clkload184/Y
 clkload185/Y
 clkload186/Y
 clkload187/Y
 clkload188/Y
 clkload189/Y
 clkload19/X
 clkload190/Y
 clkload191/Y
 clkload192/Y
 clkload193/Y
 clkload194/Y
 clkload195/X
 clkload196/Y
 clkload197/Y
 clkload198/Y
 clkload199/Y
 clkload2/Y
 clkload20/Y
 clkload200/Y
 clkload201/Y
 clkload202/Y
 clkload203/Y
 clkload21/Y
 clkload22/X
 clkload23/Y
 clkload24/Y
 clkload25/Y
 clkload26/X
 clkload27/X
 clkload28/Y
 clkload29/X
 clkload3/Y
 clkload30/Y
 clkload31/Y
 clkload32/Y
 clkload33/X
 clkload34/Y
 clkload35/Y
 clkload36/Y
 clkload37/Y
 clkload38/Y
 clkload39/Y
 clkload4/Y
 clkload40/Y
 clkload41/Y
 clkload42/Y
 clkload43/Y
 clkload44/Y
 clkload45/X
 clkload46/Y
 clkload47/Y
 clkload48/Y
 clkload49/Y
 clkload5/X
 clkload50/Y
 clkload51/Y
 clkload52/Y
 clkload53/Y
 clkload54/Y
 clkload55/Y
 clkload56/Y
 clkload57/Y
 clkload58/X
 clkload59/Y
 clkload6/Y
 clkload60/Y
 clkload61/Y
 clkload62/Y
 clkload63/Y
 clkload64/Y
 clkload65/Y
 clkload66/Y
 clkload67/Y
 clkload68/X
 clkload69/Y
 clkload7/Y
 clkload70/Y
 clkload71/X
 clkload72/Y
 clkload73/X
 clkload74/X
 clkload75/Y
 clkload76/X
 clkload77/Y
 clkload78/Y
 clkload79/Y
 clkload8/Y
 clkload80/Y
 clkload81/Y
 clkload82/Y
 clkload83/Y
 clkload84/Y
 clkload85/Y
 clkload86/Y
 clkload87/Y
 clkload88/Y
 clkload89/Y
 clkload9/Y
 clkload90/Y
 clkload91/Y
 clkload92/Y
 clkload93/Y
 clkload94/Y
 clkload95/Y
 clkload96/Y
 clkload97/Y
 clkload98/Y
 clkload99/Y
 picorv32_630/HI
 picorv32_631/HI
 picorv32_632/HI
 picorv32_633/HI
 picorv32_634/HI
 picorv32_635/HI
 picorv32_636/HI
 picorv32_637/HI
 picorv32_638/HI
 picorv32_639/HI
 picorv32_640/HI
 picorv32_641/HI
 picorv32_642/HI
 picorv32_643/HI
 picorv32_644/HI
 picorv32_645/HI
 picorv32_646/HI
 picorv32_647/HI
 picorv32_648/HI
 picorv32_649/HI
 picorv32_650/HI
 picorv32_651/HI
 picorv32_652/HI
 picorv32_653/HI
 picorv32_654/HI
 picorv32_655/HI
 picorv32_656/HI
 picorv32_657/HI
 picorv32_658/HI
 picorv32_659/HI
 picorv32_660/HI
 picorv32_661/HI
 picorv32_662/HI
 picorv32_663/HI
 picorv32_664/HI
 picorv32_665/HI
 picorv32_666/HI
 picorv32_667/HI
 picorv32_668/HI
 picorv32_669/HI
 picorv32_670/HI
 picorv32_671/HI
 picorv32_672/HI
 picorv32_673/HI
 picorv32_674/HI
 picorv32_675/HI
 picorv32_676/HI
 picorv32_677/HI
 picorv32_678/HI
 picorv32_679/HI
 picorv32_680/HI
 picorv32_681/HI
 picorv32_682/HI
 picorv32_683/HI
 picorv32_684/HI
 picorv32_685/HI
 picorv32_686/HI
 picorv32_687/HI
 picorv32_688/HI
 picorv32_689/HI
 picorv32_690/HI
 picorv32_691/HI
 picorv32_692/HI
 picorv32_693/HI
 picorv32_694/HI
 picorv32_695/HI
 picorv32_696/HI
 picorv32_697/HI
 picorv32_698/HI
 picorv32_699/HI
 picorv32_700/HI
 picorv32_701/HI
 picorv32_702/HI
 picorv32_703/HI
 picorv32_704/HI
 picorv32_705/HI
 picorv32_706/HI
 picorv32_707/HI
 picorv32_708/HI
 picorv32_709/HI
 picorv32_710/HI
 picorv32_711/HI
 picorv32_712/HI
 picorv32_713/HI
 picorv32_714/HI
 picorv32_715/HI
 picorv32_716/HI
 picorv32_717/HI
 picorv32_718/HI
 picorv32_719/HI
 picorv32_720/HI
 picorv32_721/HI
 picorv32_722/HI
 picorv32_723/HI
 picorv32_724/HI
 picorv32_725/HI
 picorv32_726/HI
 picorv32_727/HI
 picorv32_728/HI
 picorv32_729/HI
 picorv32_730/HI
 picorv32_731/HI
 picorv32_732/HI
 picorv32_733/HI
 picorv32_734/HI
 picorv32_735/HI
Found 0 partially unannotated drivers.

===========================================================================
max slew violation count 0
max fanout violation count 386
max cap violation count 0
============================================================================

===========================================================================
check_setup -verbose -unconstrained_endpoints -multiple_clock -no_clock -no_input_delay -loops -generated_clocks
===========================================================================
Warning: There are 101 input ports missing set_input_delay.
  irq[0]
  irq[10]
  irq[11]
  irq[12]
  irq[13]
  irq[14]
  irq[15]
  irq[16]
  irq[17]
  irq[18]
  irq[19]
  irq[1]
  irq[20]
  irq[21]
  irq[22]
  irq[23]
  irq[24]
  irq[25]
  irq[26]
  irq[27]
  irq[28]
  irq[29]
  irq[2]
  irq[30]
  irq[31]
  irq[3]
  irq[4]
  irq[5]
  irq[6]
  irq[7]
  irq[8]
  irq[9]
  mem_rdata[0]
  mem_rdata[10]
  mem_rdata[11]
  mem_rdata[12]
  mem_rdata[13]
  mem_rdata[14]
  mem_rdata[15]
  mem_rdata[16]
  mem_rdata[17]
  mem_rdata[18]
  mem_rdata[19]
  mem_rdata[1]
  mem_rdata[20]
  mem_rdata[21]
  mem_rdata[22]
  mem_rdata[23]
  mem_rdata[24]
  mem_rdata[25]
  mem_rdata[26]
  mem_rdata[27]
  mem_rdata[28]
  mem_rdata[29]
  mem_rdata[2]
  mem_rdata[30]
  mem_rdata[31]
  mem_rdata[3]
  mem_rdata[4]
  mem_rdata[5]
  mem_rdata[6]
  mem_rdata[7]
  mem_rdata[8]
  mem_rdata[9]
  mem_ready
  pcpi_rd[0]
  pcpi_rd[10]
  pcpi_rd[11]
  pcpi_rd[12]
  pcpi_rd[13]
  pcpi_rd[14]
  pcpi_rd[15]
  pcpi_rd[16]
  pcpi_rd[17]
  pcpi_rd[18]
  pcpi_rd[19]
  pcpi_rd[1]
  pcpi_rd[20]
  pcpi_rd[21]
  pcpi_rd[22]
  pcpi_rd[23]
  pcpi_rd[24]
  pcpi_rd[25]
  pcpi_rd[26]
  pcpi_rd[27]
  pcpi_rd[28]
  pcpi_rd[29]
  pcpi_rd[2]
  pcpi_rd[30]
  pcpi_rd[31]
  pcpi_rd[3]
  pcpi_rd[4]
  pcpi_rd[5]
  pcpi_rd[6]
  pcpi_rd[7]
  pcpi_rd[8]
  pcpi_rd[9]
  pcpi_ready
  pcpi_wait
  pcpi_wr
  resetn
Warning: There are 307 unconstrained endpoints.
  eoi[0]
  eoi[10]
  eoi[11]
  eoi[12]
  eoi[13]
  eoi[14]
  eoi[15]
  eoi[16]
  eoi[17]
  eoi[18]
  eoi[19]
  eoi[1]
  eoi[20]
  eoi[21]
  eoi[22]
  eoi[23]
  eoi[24]
  eoi[25]
  eoi[26]
  eoi[27]
  eoi[28]
  eoi[29]
  eoi[2]
  eoi[30]
  eoi[31]
  eoi[3]
  eoi[4]
  eoi[5]
  eoi[6]
  eoi[7]
  eoi[8]
  eoi[9]
  mem_addr[0]
  mem_addr[10]
  mem_addr[11]
  mem_addr[12]
  mem_addr[13]
  mem_addr[14]
  mem_addr[15]
  mem_addr[16]
  mem_addr[17]
  mem_addr[18]
  mem_addr[19]
  mem_addr[1]
  mem_addr[20]
  mem_addr[21]
  mem_addr[22]
  mem_addr[23]
  mem_addr[24]
  mem_addr[25]
  mem_addr[26]
  mem_addr[27]
  mem_addr[28]
  mem_addr[29]
  mem_addr[2]
  mem_addr[30]
  mem_addr[31]
  mem_addr[3]
  mem_addr[4]
  mem_addr[5]
  mem_addr[6]
  mem_addr[7]
  mem_addr[8]
  mem_addr[9]
  mem_instr
  mem_la_addr[0]
  mem_la_addr[10]
  mem_la_addr[11]
  mem_la_addr[12]
  mem_la_addr[13]
  mem_la_addr[14]
  mem_la_addr[15]
  mem_la_addr[16]
  mem_la_addr[17]
  mem_la_addr[18]
  mem_la_addr[19]
  mem_la_addr[1]
  mem_la_addr[20]
  mem_la_addr[21]
  mem_la_addr[22]
  mem_la_addr[23]
  mem_la_addr[24]
  mem_la_addr[25]
  mem_la_addr[26]
  mem_la_addr[27]
  mem_la_addr[28]
  mem_la_addr[29]
  mem_la_addr[2]
  mem_la_addr[30]
  mem_la_addr[31]
  mem_la_addr[3]
  mem_la_addr[4]
  mem_la_addr[5]
  mem_la_addr[6]
  mem_la_addr[7]
  mem_la_addr[8]
  mem_la_addr[9]
  mem_la_read
  mem_la_wdata[0]
  mem_la_wdata[10]
  mem_la_wdata[11]
  mem_la_wdata[12]
  mem_la_wdata[13]
  mem_la_wdata[14]
  mem_la_wdata[15]
  mem_la_wdata[16]
  mem_la_wdata[17]
  mem_la_wdata[18]
  mem_la_wdata[19]
  mem_la_wdata[1]
  mem_la_wdata[20]
  mem_la_wdata[21]
  mem_la_wdata[22]
  mem_la_wdata[23]
  mem_la_wdata[24]
  mem_la_wdata[25]
  mem_la_wdata[26]
  mem_la_wdata[27]
  mem_la_wdata[28]
  mem_la_wdata[29]
  mem_la_wdata[2]
  mem_la_wdata[30]
  mem_la_wdata[31]
  mem_la_wdata[3]
  mem_la_wdata[4]
  mem_la_wdata[5]
  mem_la_wdata[6]
  mem_la_wdata[7]
  mem_la_wdata[8]
  mem_la_wdata[9]
  mem_la_write
  mem_la_wstrb[0]
  mem_la_wstrb[1]
  mem_la_wstrb[2]
  mem_la_wstrb[3]
  mem_valid
  mem_wdata[0]
  mem_wdata[10]
  mem_wdata[11]
  mem_wdata[12]
  mem_wdata[13]
  mem_wdata[14]
  mem_wdata[15]
  mem_wdata[16]
  mem_wdata[17]
  mem_wdata[18]
  mem_wdata[19]
  mem_wdata[1]
  mem_wdata[20]
  mem_wdata[21]
  mem_wdata[22]
  mem_wdata[23]
  mem_wdata[24]
  mem_wdata[25]
  mem_wdata[26]
  mem_wdata[27]
  mem_wdata[28]
  mem_wdata[29]
  mem_wdata[2]
  mem_wdata[30]
  mem_wdata[31]
  mem_wdata[3]
  mem_wdata[4]
  mem_wdata[5]
  mem_wdata[6]
  mem_wdata[7]
  mem_wdata[8]
  mem_wdata[9]
  mem_wstrb[0]
  mem_wstrb[1]
  mem_wstrb[2]
  mem_wstrb[3]
  pcpi_insn[0]
  pcpi_insn[10]
  pcpi_insn[11]
  pcpi_insn[12]
  pcpi_insn[13]
  pcpi_insn[14]
  pcpi_insn[15]
  pcpi_insn[16]
  pcpi_insn[17]
  pcpi_insn[18]
  pcpi_insn[19]
  pcpi_insn[1]
  pcpi_insn[20]
  pcpi_insn[21]
  pcpi_insn[22]
  pcpi_insn[23]
  pcpi_insn[24]
  pcpi_insn[25]
  pcpi_insn[26]
  pcpi_insn[27]
  pcpi_insn[28]
  pcpi_insn[29]
  pcpi_insn[2]
  pcpi_insn[30]
  pcpi_insn[31]
  pcpi_insn[3]
  pcpi_insn[4]
  pcpi_insn[5]
  pcpi_insn[6]
  pcpi_insn[7]
  pcpi_insn[8]
  pcpi_insn[9]
  pcpi_rs1[0]
  pcpi_rs1[10]
  pcpi_rs1[11]
  pcpi_rs1[12]
  pcpi_rs1[13]
  pcpi_rs1[14]
  pcpi_rs1[15]
  pcpi_rs1[16]
  pcpi_rs1[17]
  pcpi_rs1[18]
  pcpi_rs1[19]
  pcpi_rs1[1]
  pcpi_rs1[20]
  pcpi_rs1[21]
  pcpi_rs1[22]
  pcpi_rs1[23]
  pcpi_rs1[24]
  pcpi_rs1[25]
  pcpi_rs1[26]
  pcpi_rs1[27]
  pcpi_rs1[28]
  pcpi_rs1[29]
  pcpi_rs1[2]
  pcpi_rs1[30]
  pcpi_rs1[31]
  pcpi_rs1[3]
  pcpi_rs1[4]
  pcpi_rs1[5]
  pcpi_rs1[6]
  pcpi_rs1[7]
  pcpi_rs1[8]
  pcpi_rs1[9]
  pcpi_rs2[0]
  pcpi_rs2[10]
  pcpi_rs2[11]
  pcpi_rs2[12]
  pcpi_rs2[13]
  pcpi_rs2[14]
  pcpi_rs2[15]
  pcpi_rs2[16]
  pcpi_rs2[17]
  pcpi_rs2[18]
  pcpi_rs2[19]
  pcpi_rs2[1]
  pcpi_rs2[20]
  pcpi_rs2[21]
  pcpi_rs2[22]
  pcpi_rs2[23]
  pcpi_rs2[24]
  pcpi_rs2[25]
  pcpi_rs2[26]
  pcpi_rs2[27]
  pcpi_rs2[28]
  pcpi_rs2[29]
  pcpi_rs2[2]
  pcpi_rs2[30]
  pcpi_rs2[31]
  pcpi_rs2[3]
  pcpi_rs2[4]
  pcpi_rs2[5]
  pcpi_rs2[6]
  pcpi_rs2[7]
  pcpi_rs2[8]
  pcpi_rs2[9]
  pcpi_valid
  trace_data[0]
  trace_data[10]
  trace_data[11]
  trace_data[12]
  trace_data[13]
  trace_data[14]
  trace_data[15]
  trace_data[16]
  trace_data[17]
  trace_data[18]
  trace_data[19]
  trace_data[1]
  trace_data[20]
  trace_data[21]
  trace_data[22]
  trace_data[23]
  trace_data[24]
  trace_data[25]
  trace_data[26]
  trace_data[27]
  trace_data[28]
  trace_data[29]
  trace_data[2]
  trace_data[30]
  trace_data[31]
  trace_data[32]
  trace_data[33]
  trace_data[34]
  trace_data[35]
  trace_data[3]
  trace_data[4]
  trace_data[5]
  trace_data[6]
  trace_data[7]
  trace_data[8]
  trace_data[9]
  trace_valid
  trap
