
===========================================================================
 report_power
============================================================================
======================= max_ff_n40C_1v95 Corner ===================================

Group                    Internal    Switching      Leakage        Total
                            Power        Power        Power        Power (Watts)
------------------------------------------------------------------------
Sequential           9.611544e-12 1.668971e-11 2.440900e-08 2.443530e-08  28.9%
Combinational        4.115151e-11 1.017191e-10 5.857735e-08 5.872022e-08  69.5%
Clock                -7.983079e-15 0.000000e+00 1.275314e-09 1.275306e-09   1.5%
Macro                0.000000e+00 0.000000e+00 0.000000e+00 0.000000e+00   0.0%
Pad                  0.000000e+00 0.000000e+00 0.000000e+00 0.000000e+00   0.0%
------------------------------------------------------------------------
Total                5.075520e-11 1.184088e-10 8.426316e-08 8.443232e-08 100.0%
                             0.1%         0.1%        99.8%

