Clock: clk
Sources: clk 
Generated: no
Virtual: yes
Propagated: no
Period: 25.000000

===========================================================================
report_clock_properties
============================================================================
Clock                   Period          Waveform
----------------------------------------------------
clk                  25.000000    0.000000 12.500000

===========================================================================
report_clock_latency
============================================================================
Clock clk
rise -> rise
    min     max
4.650000 5.570000 source latency
6.696249         network latency _146_/CLK
        7.758482 network latency _134_/CLK
---------------
11.346250 13.328482 latency
        1.982232 skew

fall -> fall
    min     max
4.650000 5.570000 source latency
6.566220         network latency _146_/CLK
        7.613881 network latency _134_/CLK
---------------
11.216219 13.183881 latency
        1.967662 skew



===========================================================================
report_clock_min_period
============================================================================
clk period_min = 0.00 fmax = inf
